ASxxxx Linker V02.00 + NoICE + sdld,  page 1.
Hexadecimal

Area                               Addr   Size   Decimal Bytes (Attributes)
--------------------------------   ----   ----   ------- ----- ------------
CABS                               0000   0000 =      0. bytes (ABS,CON,CODE)

      Value  Global                              Global Defined In Module
      -----  ---------------------------------   ------------------------
       0C:  0000  l_CABS                           
       0C:  0000  l_GSINIT1                        
       0C:  0000  l_GSINIT5                        
       0C:  0000  l_IABS                           
       0C:  0000  l_ISEG                           
       0C:  0000  l_OSEG                           
       0C:  0000  l_RSEG                           
       0C:  0000  l_RSEG0                          
       0C:  0000  l_RSEG1                          
       0C:  0000  l_XABS                           
       0C:  0000  l__CODE                          
       0C:  0000  s_BSEG                           
       0C:  0000  s_CABS                           
       0C:  0000  s_DSEG                           
       0C:  0000  s_IABS                           
       0C:  0000  s_ISEG                           
       0C:  0000  s_REG_BANK_0                     
       0C:  0000  s_RSEG                           
       0C:  0000  s_RSEG0                          
       0C:  0000  s_RSEG1                          
       0C:  0000  s_XABS                           
       0C:  0001  l_BIT_BANK                       
       0C:  0003  l_BSEG_BYTES                     
       0C:  0003  l_GSFINAL                        
       0C:  0003  l_GSINIT0                        
       0C:  0008  l_REG_BANK_0                     
       0C:  0008  l_REG_BANK_1                     
       0C:  0008  l_REG_BANK_2                     
       0C:  0008  l_REG_BANK_3                     
       0C:  0008  s_REG_BANK_1                     
       0C:  0009  l_XINIT                          
       0C:  0009  l_XISEG                          
       0C:  000A  l_GSINIT2                        
       0C:  0010  s_REG_BANK_2                     
       0C:  0017  l_BSEG                           
       0C:  0018  s_REG_BANK_3                     
       0C:  001F  l_PSEG                           
       0C:  0020  s_BSEG_BYTES                     
       0C:  0020  s__CODE                          
       0C:  0022  l_GSINIT3                        
       0C:  0023  s_BIT_BANK                       
       0C:  0023  s_OSEG                           
       0C:  002A  l_GSINIT4                        
       0C:  0030  s_SSEG                           
       0C:  0034  l_GSINIT                         
       0C:  0080  l_DSEG                           
       0C:  008D  l_HOME                           
       0C:  009C  l_CONST                          
       0C:  00D0  l_SSEG                           
       0C:  0100  l_IRAM                           
ASxxxx Linker V02.00 + NoICE + sdld,  page 2.
Hexadecimal

Area                               Addr   Size   Decimal Bytes (Attributes)
--------------------------------   ----   ----   ------- ----- ------------
CABS                               0000   0000 =      0. bytes (ABS,CON,CODE)

      Value  Global                              Global Defined In Module
      -----  ---------------------------------   ------------------------
       0C:  0400  s_HOME                           
       0C:  048D  s_GSINIT0                        
       0C:  0490  s_GSINIT1                        
       0C:  0490  s_GSINIT2                        
       0C:  049A  s_GSINIT3                        
       0C:  04BC  s_GSINIT4                        
       0C:  04E6  s_GSINIT                         
       0C:  04E6  s_GSINIT5                        
       0C:  051A  s_GSFINAL                        
       0C:  051D  s_CSEG                           
       0C:  0C37  l_XSEG                           
       0C:  12A5  l_CSEG                           
       0C:  17C2  s_CONST                          
       0C:  185E  s_XINIT                          
       0C:  F000  s_PSEG                           
       0C:  F000  s_XSEG                           
       0C:  FC56  s_XISEG                          

ASxxxx Linker V02.00 + NoICE + sdld,  page 3.
Hexadecimal

Area                               Addr   Size   Decimal Bytes (Attributes)
--------------------------------   ----   ----   ------- ----- ------------
XABS                               0000   0000 =      0. bytes (ABS,CON,XDATA)

      Value  Global                              Global Defined In Module
      -----  ---------------------------------   ------------------------
ASxxxx Linker V02.00 + NoICE + sdld,  page 4.
Hexadecimal

Area                               Addr   Size   Decimal Bytes (Attributes)
--------------------------------   ----   ----   ------- ----- ------------
IABS                               0000   0000 =      0. bytes (ABS,CON)

      Value  Global                              Global Defined In Module
      -----  ---------------------------------   ------------------------
ASxxxx Linker V02.00 + NoICE + sdld,  page 5.
Hexadecimal

Area                               Addr   Size   Decimal Bytes (Attributes)
--------------------------------   ----   ----   ------- ----- ------------
RSEG1                              0000   0000 =      0. bytes (ABS,CON)

      Value  Global                              Global Defined In Module
      -----  ---------------------------------   ------------------------
ASxxxx Linker V02.00 + NoICE + sdld,  page 6.
Hexadecimal

Area                               Addr   Size   Decimal Bytes (Attributes)
--------------------------------   ----   ----   ------- ----- ------------
RSEG0                              0000   0000 =      0. bytes (ABS,CON)

      Value  Global                              Global Defined In Module
      -----  ---------------------------------   ------------------------
ASxxxx Linker V02.00 + NoICE + sdld,  page 7.
Hexadecimal

Area                               Addr   Size   Decimal Bytes (Attributes)
--------------------------------   ----   ----   ------- ----- ------------
RSEG                               0000   0000 =      0. bytes (ABS,CON)

      Value  Global                              Global Defined In Module
      -----  ---------------------------------   ------------------------
ASxxxx Linker V02.00 + NoICE + sdld,  page 8.
Hexadecimal

Area                               Addr   Size   Decimal Bytes (Attributes)
--------------------------------   ----   ----   ------- ----- ------------
.	.ABS.                            0000   0000 =      0. bytes (ABS,CON)

      Value  Global                              Global Defined In Module
      -----  ---------------------------------   ------------------------
            FFFFADAC  Fboard$FADDR$0$0                 
            FFFFADAC  Fdma$FADDR$0$0                   
            FFFFADAC  Fgreen_led$FADDR$0$0             
            FFFFADAC  Ftime$FADDR$0$0                  
            FFFFADAC  Fusb$FADDR$0$0                   
            FFFFADAC  Fusb_cdc_acm$FADDR$0$0           
            FFFFADAC  Fvibes_lab_dac_protocol$FADDR$0$0
            FFFFADAC  Fvibes_lab_radio_protocol$FADDR$0
            FFFFADAC  Fvibes_lab_rx_5_0$FADDR$0$0      
            FFFFBBBA  Fboard$ADC$0$0                   
            FFFFBBBA  Fdma$ADC$0$0                     
            FFFFBBBA  Fgreen_led$ADC$0$0               
            FFFFBBBA  Ftime$ADC$0$0                    
            FFFFBBBA  Fusb$ADC$0$0                     
            FFFFBBBA  Fusb_cdc_acm$ADC$0$0             
            FFFFBBBA  Fvibes_lab_dac_protocol$ADC$0$0  
            FFFFBBBA  Fvibes_lab_radio_protocol$ADC$0$0
            FFFFBBBA  Fvibes_lab_rx_5_0$ADC$0$0        
            FFFFD3D2  Fboard$DMA1CFG$0$0               
            FFFFD3D2  Fdma$DMA1CFG$0$0                 
            FFFFD3D2  Fgreen_led$DMA1CFG$0$0           
            FFFFD3D2  Ftime$DMA1CFG$0$0                
            FFFFD3D2  Fusb$DMA1CFG$0$0                 
            FFFFD3D2  Fusb_cdc_acm$DMA1CFG$0$0         
            FFFFD3D2  Fvibes_lab_dac_protocol$DMA1CFG$0
            FFFFD3D2  Fvibes_lab_radio_protocol$DMA1CFG
            FFFFD3D2  Fvibes_lab_rx_5_0$DMA1CFG$0$0    
            FFFFD5D4  Fboard$DMA0CFG$0$0               
            FFFFD5D4  Fdma$DMA0CFG$0$0                 
            FFFFD5D4  Fgreen_led$DMA0CFG$0$0           
            FFFFD5D4  Ftime$DMA0CFG$0$0                
            FFFFD5D4  Fusb$DMA0CFG$0$0                 
            FFFFD5D4  Fusb_cdc_acm$DMA0CFG$0$0         
            FFFFD5D4  Fvibes_lab_dac_protocol$DMA0CFG$0
            FFFFD5D4  Fvibes_lab_radio_protocol$DMA0CFG
            FFFFD5D4  Fvibes_lab_rx_5_0$DMA0CFG$0$0    
            0000  .__.ABS.                         
            0080  Fboard$P0$0$0                    
            0080  Fboard$P0_0$0$0                  
            0080  Fdma$P0$0$0                      
            0080  Fdma$P0_0$0$0                    
            0080  Fgreen_led$P0$0$0                
            0080  Fgreen_led$P0_0$0$0              
            0080  Ftime$P0$0$0                     
            0080  Ftime$P0_0$0$0                   
            0080  Fusb$P0$0$0                      
            0080  Fusb$P0_0$0$0                    
            0080  Fusb_cdc_acm$P0$0$0              
            0080  Fusb_cdc_acm$P0_0$0$0            
            0080  Fvibes_lab_dac_protocol$P0$0$0   
ASxxxx Linker V02.00 + NoICE + sdld,  page 9.
Hexadecimal

Area                               Addr   Size   Decimal Bytes (Attributes)
--------------------------------   ----   ----   ------- ----- ------------
.	.ABS.                            0000   0000 =      0. bytes (ABS,CON)

      Value  Global                              Global Defined In Module
      -----  ---------------------------------   ------------------------
            0080  Fvibes_lab_dac_protocol$P0_0$0$0 
            0080  Fvibes_lab_radio_protocol$P0$0$0 
            0080  Fvibes_lab_radio_protocol$P0_0$0$
            0080  Fvibes_lab_rx_5_0$P0$0$0         
            0080  Fvibes_lab_rx_5_0$P0_0$0$0       
            0081  Fboard$P0_1$0$0                  
            0081  Fboard$SP$0$0                    
            0081  Fdma$P0_1$0$0                    
            0081  Fdma$SP$0$0                      
            0081  Fgreen_led$P0_1$0$0              
            0081  Fgreen_led$SP$0$0                
            0081  Ftime$P0_1$0$0                   
            0081  Ftime$SP$0$0                     
            0081  Fusb$P0_1$0$0                    
            0081  Fusb$SP$0$0                      
            0081  Fusb_cdc_acm$P0_1$0$0            
            0081  Fusb_cdc_acm$SP$0$0              
            0081  Fvibes_lab_dac_protocol$P0_1$0$0 
            0081  Fvibes_lab_dac_protocol$SP$0$0   
            0081  Fvibes_lab_radio_protocol$P0_1$0$
            0081  Fvibes_lab_radio_protocol$SP$0$0 
            0081  Fvibes_lab_rx_5_0$P0_1$0$0       
            0081  Fvibes_lab_rx_5_0$SP$0$0         
            0082  Fboard$DPL0$0$0                  
            0082  Fboard$P0_2$0$0                  
            0082  Fdma$DPL0$0$0                    
            0082  Fdma$P0_2$0$0                    
            0082  Fgreen_led$DPL0$0$0              
            0082  Fgreen_led$P0_2$0$0              
            0082  Ftime$DPL0$0$0                   
            0082  Ftime$P0_2$0$0                   
            0082  Fusb$DPL0$0$0                    
            0082  Fusb$P0_2$0$0                    
            0082  Fusb_cdc_acm$DPL0$0$0            
            0082  Fusb_cdc_acm$P0_2$0$0            
            0082  Fvibes_lab_dac_protocol$DPL0$0$0 
            0082  Fvibes_lab_dac_protocol$P0_2$0$0 
            0082  Fvibes_lab_radio_protocol$DPL0$0$
            0082  Fvibes_lab_radio_protocol$P0_2$0$
            0082  Fvibes_lab_rx_5_0$DPL0$0$0       
            0082  Fvibes_lab_rx_5_0$P0_2$0$0       
            0083  Fboard$DPH0$0$0                  
            0083  Fboard$P0_3$0$0                  
            0083  Fdma$DPH0$0$0                    
            0083  Fdma$P0_3$0$0                    
            0083  Fgreen_led$DPH0$0$0              
            0083  Fgreen_led$P0_3$0$0              
            0083  Ftime$DPH0$0$0                   
            0083  Ftime$P0_3$0$0                   
            0083  Fusb$DPH0$0$0                    
            0083  Fusb$P0_3$0$0                    
ASxxxx Linker V02.00 + NoICE + sdld,  page 10.
Hexadecimal

Area                               Addr   Size   Decimal Bytes (Attributes)
--------------------------------   ----   ----   ------- ----- ------------
.	.ABS.                            0000   0000 =      0. bytes (ABS,CON)

      Value  Global                              Global Defined In Module
      -----  ---------------------------------   ------------------------
            0083  Fusb_cdc_acm$DPH0$0$0            
            0083  Fusb_cdc_acm$P0_3$0$0            
            0083  Fvibes_lab_dac_protocol$DPH0$0$0 
            0083  Fvibes_lab_dac_protocol$P0_3$0$0 
            0083  Fvibes_lab_radio_protocol$DPH0$0$
            0083  Fvibes_lab_radio_protocol$P0_3$0$
            0083  Fvibes_lab_rx_5_0$DPH0$0$0       
            0083  Fvibes_lab_rx_5_0$P0_3$0$0       
            0084  Fboard$DPL1$0$0                  
            0084  Fboard$P0_4$0$0                  
            0084  Fdma$DPL1$0$0                    
            0084  Fdma$P0_4$0$0                    
            0084  Fgreen_led$DPL1$0$0              
            0084  Fgreen_led$P0_4$0$0              
            0084  Ftime$DPL1$0$0                   
            0084  Ftime$P0_4$0$0                   
            0084  Fusb$DPL1$0$0                    
            0084  Fusb$P0_4$0$0                    
            0084  Fusb_cdc_acm$DPL1$0$0            
            0084  Fusb_cdc_acm$P0_4$0$0            
            0084  Fvibes_lab_dac_protocol$DPL1$0$0 
            0084  Fvibes_lab_dac_protocol$P0_4$0$0 
            0084  Fvibes_lab_radio_protocol$DPL1$0$
            0084  Fvibes_lab_radio_protocol$P0_4$0$
            0084  Fvibes_lab_rx_5_0$DPL1$0$0       
            0084  Fvibes_lab_rx_5_0$P0_4$0$0       
            0085  Fboard$DPH1$0$0                  
            0085  Fboard$P0_5$0$0                  
            0085  Fdma$DPH1$0$0                    
            0085  Fdma$P0_5$0$0                    
            0085  Fgreen_led$DPH1$0$0              
            0085  Fgreen_led$P0_5$0$0              
            0085  Ftime$DPH1$0$0                   
            0085  Ftime$P0_5$0$0                   
            0085  Fusb$DPH1$0$0                    
            0085  Fusb$P0_5$0$0                    
            0085  Fusb_cdc_acm$DPH1$0$0            
            0085  Fusb_cdc_acm$P0_5$0$0            
            0085  Fvibes_lab_dac_protocol$DPH1$0$0 
            0085  Fvibes_lab_dac_protocol$P0_5$0$0 
            0085  Fvibes_lab_radio_protocol$DPH1$0$
            0085  Fvibes_lab_radio_protocol$P0_5$0$
            0085  Fvibes_lab_rx_5_0$DPH1$0$0       
            0085  Fvibes_lab_rx_5_0$P0_5$0$0       
            0086  Fboard$P0_6$0$0                  
            0086  Fboard$U0CSR$0$0                 
            0086  Fdma$P0_6$0$0                    
            0086  Fdma$U0CSR$0$0                   
            0086  Fgreen_led$P0_6$0$0              
            0086  Fgreen_led$U0CSR$0$0             
            0086  Ftime$P0_6$0$0                   
ASxxxx Linker V02.00 + NoICE + sdld,  page 11.
Hexadecimal

Area                               Addr   Size   Decimal Bytes (Attributes)
--------------------------------   ----   ----   ------- ----- ------------
.	.ABS.                            0000   0000 =      0. bytes (ABS,CON)

      Value  Global                              Global Defined In Module
      -----  ---------------------------------   ------------------------
            0086  Ftime$U0CSR$0$0                  
            0086  Fusb$P0_6$0$0                    
            0086  Fusb$U0CSR$0$0                   
            0086  Fusb_cdc_acm$P0_6$0$0            
            0086  Fusb_cdc_acm$U0CSR$0$0           
            0086  Fvibes_lab_dac_protocol$P0_6$0$0 
            0086  Fvibes_lab_dac_protocol$U0CSR$0$0
            0086  Fvibes_lab_radio_protocol$P0_6$0$
            0086  Fvibes_lab_radio_protocol$U0CSR$0
            0086  Fvibes_lab_rx_5_0$P0_6$0$0       
            0086  Fvibes_lab_rx_5_0$U0CSR$0$0      
            0087  Fboard$P0_7$0$0                  
            0087  Fboard$PCON$0$0                  
            0087  Fdma$P0_7$0$0                    
            0087  Fdma$PCON$0$0                    
            0087  Fgreen_led$P0_7$0$0              
            0087  Fgreen_led$PCON$0$0              
            0087  Ftime$P0_7$0$0                   
            0087  Ftime$PCON$0$0                   
            0087  Fusb$P0_7$0$0                    
            0087  Fusb$PCON$0$0                    
            0087  Fusb_cdc_acm$P0_7$0$0            
            0087  Fusb_cdc_acm$PCON$0$0            
            0087  Fvibes_lab_dac_protocol$P0_7$0$0 
            0087  Fvibes_lab_dac_protocol$PCON$0$0 
            0087  Fvibes_lab_radio_protocol$P0_7$0$
            0087  Fvibes_lab_radio_protocol$PCON$0$
            0087  Fvibes_lab_rx_5_0$P0_7$0$0       
            0087  Fvibes_lab_rx_5_0$PCON$0$0       
            0088  Fboard$TCON$0$0                  
            0088  Fboard$_TCON_0$0$0               
            0088  Fdma$TCON$0$0                    
            0088  Fdma$_TCON_0$0$0                 
            0088  Fgreen_led$TCON$0$0              
            0088  Fgreen_led$_TCON_0$0$0           
            0088  Ftime$TCON$0$0                   
            0088  Ftime$_TCON_0$0$0                
            0088  Fusb$TCON$0$0                    
            0088  Fusb$_TCON_0$0$0                 
            0088  Fusb_cdc_acm$TCON$0$0            
            0088  Fusb_cdc_acm$_TCON_0$0$0         
            0088  Fvibes_lab_dac_protocol$TCON$0$0 
            0088  Fvibes_lab_dac_protocol$_TCON_0$0
            0088  Fvibes_lab_radio_protocol$TCON$0$
            0088  Fvibes_lab_radio_protocol$_TCON_0
            0088  Fvibes_lab_rx_5_0$TCON$0$0       
            0088  Fvibes_lab_rx_5_0$_TCON_0$0$0    
            0089  Fboard$P0IFG$0$0                 
            0089  Fboard$RFTXRXIF$0$0              
            0089  Fdma$P0IFG$0$0                   
            0089  Fdma$RFTXRXIF$0$0                
ASxxxx Linker V02.00 + NoICE + sdld,  page 12.
Hexadecimal

Area                               Addr   Size   Decimal Bytes (Attributes)
--------------------------------   ----   ----   ------- ----- ------------
.	.ABS.                            0000   0000 =      0. bytes (ABS,CON)

      Value  Global                              Global Defined In Module
      -----  ---------------------------------   ------------------------
            0089  Fgreen_led$P0IFG$0$0             
            0089  Fgreen_led$RFTXRXIF$0$0          
            0089  Ftime$P0IFG$0$0                  
            0089  Ftime$RFTXRXIF$0$0               
            0089  Fusb$P0IFG$0$0                   
            0089  Fusb$RFTXRXIF$0$0                
            0089  Fusb_cdc_acm$P0IFG$0$0           
            0089  Fusb_cdc_acm$RFTXRXIF$0$0        
            0089  Fvibes_lab_dac_protocol$P0IFG$0$0
            0089  Fvibes_lab_dac_protocol$RFTXRXIF$
            0089  Fvibes_lab_radio_protocol$P0IFG$0
            0089  Fvibes_lab_radio_protocol$RFTXRXI
            0089  Fvibes_lab_rx_5_0$P0IFG$0$0      
            0089  Fvibes_lab_rx_5_0$RFTXRXIF$0$0   
            008A  Fboard$P1IFG$0$0                 
            008A  Fboard$_TCON_2$0$0               
            008A  Fdma$P1IFG$0$0                   
            008A  Fdma$_TCON_2$0$0                 
            008A  Fgreen_led$P1IFG$0$0             
            008A  Fgreen_led$_TCON_2$0$0           
            008A  Ftime$P1IFG$0$0                  
            008A  Ftime$_TCON_2$0$0                
            008A  Fusb$P1IFG$0$0                   
            008A  Fusb$_TCON_2$0$0                 
            008A  Fusb_cdc_acm$P1IFG$0$0           
            008A  Fusb_cdc_acm$_TCON_2$0$0         
            008A  Fvibes_lab_dac_protocol$P1IFG$0$0
            008A  Fvibes_lab_dac_protocol$_TCON_2$0
            008A  Fvibes_lab_radio_protocol$P1IFG$0
            008A  Fvibes_lab_radio_protocol$_TCON_2
            008A  Fvibes_lab_rx_5_0$P1IFG$0$0      
            008A  Fvibes_lab_rx_5_0$_TCON_2$0$0    
            008B  Fboard$P2IFG$0$0                 
            008B  Fboard$URX0IF$0$0                
            008B  Fdma$P2IFG$0$0                   
            008B  Fdma$URX0IF$0$0                  
            008B  Fgreen_led$P2IFG$0$0             
            008B  Fgreen_led$URX0IF$0$0            
            008B  Ftime$P2IFG$0$0                  
            008B  Ftime$URX0IF$0$0                 
            008B  Fusb$P2IFG$0$0                   
            008B  Fusb$URX0IF$0$0                  
            008B  Fusb_cdc_acm$P2IFG$0$0           
            008B  Fusb_cdc_acm$URX0IF$0$0          
            008B  Fvibes_lab_dac_protocol$P2IFG$0$0
            008B  Fvibes_lab_dac_protocol$URX0IF$0$
            008B  Fvibes_lab_radio_protocol$P2IFG$0
            008B  Fvibes_lab_radio_protocol$URX0IF$
            008B  Fvibes_lab_rx_5_0$P2IFG$0$0      
            008B  Fvibes_lab_rx_5_0$URX0IF$0$0     
            008C  Fboard$PICTL$0$0                 
ASxxxx Linker V02.00 + NoICE + sdld,  page 13.
Hexadecimal

Area                               Addr   Size   Decimal Bytes (Attributes)
--------------------------------   ----   ----   ------- ----- ------------
.	.ABS.                            0000   0000 =      0. bytes (ABS,CON)

      Value  Global                              Global Defined In Module
      -----  ---------------------------------   ------------------------
            008C  Fboard$_TCON_4$0$0               
            008C  Fdma$PICTL$0$0                   
            008C  Fdma$_TCON_4$0$0                 
            008C  Fgreen_led$PICTL$0$0             
            008C  Fgreen_led$_TCON_4$0$0           
            008C  Ftime$PICTL$0$0                  
            008C  Ftime$_TCON_4$0$0                
            008C  Fusb$PICTL$0$0                   
            008C  Fusb$_TCON_4$0$0                 
            008C  Fusb_cdc_acm$PICTL$0$0           
            008C  Fusb_cdc_acm$_TCON_4$0$0         
            008C  Fvibes_lab_dac_protocol$PICTL$0$0
            008C  Fvibes_lab_dac_protocol$_TCON_4$0
            008C  Fvibes_lab_radio_protocol$PICTL$0
            008C  Fvibes_lab_radio_protocol$_TCON_4
            008C  Fvibes_lab_rx_5_0$PICTL$0$0      
            008C  Fvibes_lab_rx_5_0$_TCON_4$0$0    
            008D  Fboard$ADCIF$0$0                 
            008D  Fboard$P1IEN$0$0                 
            008D  Fdma$ADCIF$0$0                   
            008D  Fdma$P1IEN$0$0                   
            008D  Fgreen_led$ADCIF$0$0             
            008D  Fgreen_led$P1IEN$0$0             
            008D  Ftime$ADCIF$0$0                  
            008D  Ftime$P1IEN$0$0                  
            008D  Fusb$ADCIF$0$0                   
            008D  Fusb$P1IEN$0$0                   
            008D  Fusb_cdc_acm$ADCIF$0$0           
            008D  Fusb_cdc_acm$P1IEN$0$0           
            008D  Fvibes_lab_dac_protocol$ADCIF$0$0
            008D  Fvibes_lab_dac_protocol$P1IEN$0$0
            008D  Fvibes_lab_radio_protocol$ADCIF$0
            008D  Fvibes_lab_radio_protocol$P1IEN$0
            008D  Fvibes_lab_rx_5_0$ADCIF$0$0      
            008D  Fvibes_lab_rx_5_0$P1IEN$0$0      
            008E  Fboard$_TCON_6$0$0               
            008E  Fdma$_TCON_6$0$0                 
            008E  Fgreen_led$_TCON_6$0$0           
            008E  Ftime$_TCON_6$0$0                
            008E  Fusb$_TCON_6$0$0                 
            008E  Fusb_cdc_acm$_TCON_6$0$0         
            008E  Fvibes_lab_dac_protocol$_TCON_6$0
            008E  Fvibes_lab_radio_protocol$_TCON_6
            008E  Fvibes_lab_rx_5_0$_TCON_6$0$0    
            008F  Fboard$P0INP$0$0                 
            008F  Fboard$URX1IF$0$0                
            008F  Fdma$P0INP$0$0                   
            008F  Fdma$URX1IF$0$0                  
            008F  Fgreen_led$P0INP$0$0             
            008F  Fgreen_led$URX1IF$0$0            
            008F  Ftime$P0INP$0$0                  
ASxxxx Linker V02.00 + NoICE + sdld,  page 14.
Hexadecimal

Area                               Addr   Size   Decimal Bytes (Attributes)
--------------------------------   ----   ----   ------- ----- ------------
.	.ABS.                            0000   0000 =      0. bytes (ABS,CON)

      Value  Global                              Global Defined In Module
      -----  ---------------------------------   ------------------------
            008F  Ftime$URX1IF$0$0                 
            008F  Fusb$P0INP$0$0                   
            008F  Fusb$URX1IF$0$0                  
            008F  Fusb_cdc_acm$P0INP$0$0           
            008F  Fusb_cdc_acm$URX1IF$0$0          
            008F  Fvibes_lab_dac_protocol$P0INP$0$0
            008F  Fvibes_lab_dac_protocol$URX1IF$0$
            008F  Fvibes_lab_radio_protocol$P0INP$0
            008F  Fvibes_lab_radio_protocol$URX1IF$
            008F  Fvibes_lab_rx_5_0$P0INP$0$0      
            008F  Fvibes_lab_rx_5_0$URX1IF$0$0     
            0090  Fboard$P1$0$0                    
            0090  Fboard$P1_0$0$0                  
            0090  Fdma$P1$0$0                      
            0090  Fdma$P1_0$0$0                    
            0090  Fgreen_led$P1$0$0                
            0090  Fgreen_led$P1_0$0$0              
            0090  Ftime$P1$0$0                     
            0090  Ftime$P1_0$0$0                   
            0090  Fusb$P1$0$0                      
            0090  Fusb$P1_0$0$0                    
            0090  Fusb_cdc_acm$P1$0$0              
            0090  Fusb_cdc_acm$P1_0$0$0            
            0090  Fvibes_lab_dac_protocol$P1$0$0   
            0090  Fvibes_lab_dac_protocol$P1_0$0$0 
            0090  Fvibes_lab_radio_protocol$P1$0$0 
            0090  Fvibes_lab_radio_protocol$P1_0$0$
            0090  Fvibes_lab_rx_5_0$P1$0$0         
            0090  Fvibes_lab_rx_5_0$P1_0$0$0       
            0091  Fboard$P1_1$0$0                  
            0091  Fboard$RFIM$0$0                  
            0091  Fdma$P1_1$0$0                    
            0091  Fdma$RFIM$0$0                    
            0091  Fgreen_led$P1_1$0$0              
            0091  Fgreen_led$RFIM$0$0              
            0091  Ftime$P1_1$0$0                   
            0091  Ftime$RFIM$0$0                   
            0091  Fusb$P1_1$0$0                    
            0091  Fusb$RFIM$0$0                    
            0091  Fusb_cdc_acm$P1_1$0$0            
            0091  Fusb_cdc_acm$RFIM$0$0            
            0091  Fvibes_lab_dac_protocol$P1_1$0$0 
            0091  Fvibes_lab_dac_protocol$RFIM$0$0 
            0091  Fvibes_lab_radio_protocol$P1_1$0$
            0091  Fvibes_lab_radio_protocol$RFIM$0$
            0091  Fvibes_lab_rx_5_0$P1_1$0$0       
            0091  Fvibes_lab_rx_5_0$RFIM$0$0       
            0092  Fboard$DPS$0$0                   
            0092  Fboard$P1_2$0$0                  
            0092  Fdma$DPS$0$0                     
            0092  Fdma$P1_2$0$0                    
ASxxxx Linker V02.00 + NoICE + sdld,  page 15.
Hexadecimal

Area                               Addr   Size   Decimal Bytes (Attributes)
--------------------------------   ----   ----   ------- ----- ------------
.	.ABS.                            0000   0000 =      0. bytes (ABS,CON)

      Value  Global                              Global Defined In Module
      -----  ---------------------------------   ------------------------
            0092  Fgreen_led$DPS$0$0               
            0092  Fgreen_led$P1_2$0$0              
            0092  Ftime$DPS$0$0                    
            0092  Ftime$P1_2$0$0                   
            0092  Fusb$DPS$0$0                     
            0092  Fusb$P1_2$0$0                    
            0092  Fusb_cdc_acm$DPS$0$0             
            0092  Fusb_cdc_acm$P1_2$0$0            
            0092  Fvibes_lab_dac_protocol$DPS$0$0  
            0092  Fvibes_lab_dac_protocol$P1_2$0$0 
            0092  Fvibes_lab_radio_protocol$DPS$0$0
            0092  Fvibes_lab_radio_protocol$P1_2$0$
            0092  Fvibes_lab_rx_5_0$DPS$0$0        
            0092  Fvibes_lab_rx_5_0$P1_2$0$0       
            0093  Fboard$MPAGE$0$0                 
            0093  Fboard$P1_3$0$0                  
            0093  Fdma$MPAGE$0$0                   
            0093  Fdma$P1_3$0$0                    
            0093  Fgreen_led$MPAGE$0$0             
            0093  Fgreen_led$P1_3$0$0              
            0093  Ftime$MPAGE$0$0                  
            0093  Ftime$P1_3$0$0                   
            0093  Fusb$MPAGE$0$0                   
            0093  Fusb$P1_3$0$0                    
            0093  Fusb_cdc_acm$MPAGE$0$0           
            0093  Fusb_cdc_acm$P1_3$0$0            
            0093  Fvibes_lab_dac_protocol$MPAGE$0$0
            0093  Fvibes_lab_dac_protocol$P1_3$0$0 
            0093  Fvibes_lab_radio_protocol$MPAGE$0
            0093  Fvibes_lab_radio_protocol$P1_3$0$
            0093  Fvibes_lab_rx_5_0$MPAGE$0$0      
            0093  Fvibes_lab_rx_5_0$P1_3$0$0       
            0093  __XPAGE                          
            0094  Fboard$P1_4$0$0                  
            0094  Fdma$P1_4$0$0                    
            0094  Fgreen_led$P1_4$0$0              
            0094  Ftime$P1_4$0$0                   
            0094  Fusb$P1_4$0$0                    
            0094  Fusb_cdc_acm$P1_4$0$0            
            0094  Fvibes_lab_dac_protocol$P1_4$0$0 
            0094  Fvibes_lab_radio_protocol$P1_4$0$
            0094  Fvibes_lab_rx_5_0$P1_4$0$0       
            0095  Fboard$ENDIAN$0$0                
            0095  Fboard$P1_5$0$0                  
            0095  Fdma$ENDIAN$0$0                  
            0095  Fdma$P1_5$0$0                    
            0095  Fgreen_led$ENDIAN$0$0            
            0095  Fgreen_led$P1_5$0$0              
            0095  Ftime$ENDIAN$0$0                 
            0095  Ftime$P1_5$0$0                   
            0095  Fusb$ENDIAN$0$0                  
ASxxxx Linker V02.00 + NoICE + sdld,  page 16.
Hexadecimal

Area                               Addr   Size   Decimal Bytes (Attributes)
--------------------------------   ----   ----   ------- ----- ------------
.	.ABS.                            0000   0000 =      0. bytes (ABS,CON)

      Value  Global                              Global Defined In Module
      -----  ---------------------------------   ------------------------
            0095  Fusb$P1_5$0$0                    
            0095  Fusb_cdc_acm$ENDIAN$0$0          
            0095  Fusb_cdc_acm$P1_5$0$0            
            0095  Fvibes_lab_dac_protocol$ENDIAN$0$
            0095  Fvibes_lab_dac_protocol$P1_5$0$0 
            0095  Fvibes_lab_radio_protocol$ENDIAN$
            0095  Fvibes_lab_radio_protocol$P1_5$0$
            0095  Fvibes_lab_rx_5_0$ENDIAN$0$0     
            0095  Fvibes_lab_rx_5_0$P1_5$0$0       
            0096  Fboard$P1_6$0$0                  
            0096  Fdma$P1_6$0$0                    
            0096  Fgreen_led$P1_6$0$0              
            0096  Ftime$P1_6$0$0                   
            0096  Fusb$P1_6$0$0                    
            0096  Fusb_cdc_acm$P1_6$0$0            
            0096  Fvibes_lab_dac_protocol$P1_6$0$0 
            0096  Fvibes_lab_radio_protocol$P1_6$0$
            0096  Fvibes_lab_rx_5_0$P1_6$0$0       
            0097  Fboard$P1_7$0$0                  
            0097  Fdma$P1_7$0$0                    
            0097  Fgreen_led$P1_7$0$0              
            0097  Ftime$P1_7$0$0                   
            0097  Fusb$P1_7$0$0                    
            0097  Fusb_cdc_acm$P1_7$0$0            
            0097  Fvibes_lab_dac_protocol$P1_7$0$0 
            0097  Fvibes_lab_radio_protocol$P1_7$0$
            0097  Fvibes_lab_rx_5_0$P1_7$0$0       
            0098  Fboard$ENCIF_0$0$0               
            0098  Fboard$S0CON$0$0                 
            0098  Fdma$ENCIF_0$0$0                 
            0098  Fdma$S0CON$0$0                   
            0098  Fgreen_led$ENCIF_0$0$0           
            0098  Fgreen_led$S0CON$0$0             
            0098  Ftime$ENCIF_0$0$0                
            0098  Ftime$S0CON$0$0                  
            0098  Fusb$ENCIF_0$0$0                 
            0098  Fusb$S0CON$0$0                   
            0098  Fusb_cdc_acm$ENCIF_0$0$0         
            0098  Fusb_cdc_acm$S0CON$0$0           
            0098  Fvibes_lab_dac_protocol$ENCIF_0$0
            0098  Fvibes_lab_dac_protocol$S0CON$0$0
            0098  Fvibes_lab_radio_protocol$ENCIF_0
            0098  Fvibes_lab_radio_protocol$S0CON$0
            0098  Fvibes_lab_rx_5_0$ENCIF_0$0$0    
            0098  Fvibes_lab_rx_5_0$S0CON$0$0      
            0099  Fboard$ENCIF_1$0$0               
            0099  Fdma$ENCIF_1$0$0                 
            0099  Fgreen_led$ENCIF_1$0$0           
            0099  Ftime$ENCIF_1$0$0                
            0099  Fusb$ENCIF_1$0$0                 
            0099  Fusb_cdc_acm$ENCIF_1$0$0         
ASxxxx Linker V02.00 + NoICE + sdld,  page 17.
Hexadecimal

Area                               Addr   Size   Decimal Bytes (Attributes)
--------------------------------   ----   ----   ------- ----- ------------
.	.ABS.                            0000   0000 =      0. bytes (ABS,CON)

      Value  Global                              Global Defined In Module
      -----  ---------------------------------   ------------------------
            0099  Fvibes_lab_dac_protocol$ENCIF_1$0
            0099  Fvibes_lab_radio_protocol$ENCIF_1
            0099  Fvibes_lab_rx_5_0$ENCIF_1$0$0    
            009A  Fboard$IEN2$0$0                  
            009A  Fboard$_SOCON2$0$0               
            009A  Fdma$IEN2$0$0                    
            009A  Fdma$_SOCON2$0$0                 
            009A  Fgreen_led$IEN2$0$0              
            009A  Fgreen_led$_SOCON2$0$0           
            009A  Ftime$IEN2$0$0                   
            009A  Ftime$_SOCON2$0$0                
            009A  Fusb$IEN2$0$0                    
            009A  Fusb$_SOCON2$0$0                 
            009A  Fusb_cdc_acm$IEN2$0$0            
            009A  Fusb_cdc_acm$_SOCON2$0$0         
            009A  Fvibes_lab_dac_protocol$IEN2$0$0 
            009A  Fvibes_lab_dac_protocol$_SOCON2$0
            009A  Fvibes_lab_radio_protocol$IEN2$0$
            009A  Fvibes_lab_radio_protocol$_SOCON2
            009A  Fvibes_lab_rx_5_0$IEN2$0$0       
            009A  Fvibes_lab_rx_5_0$_SOCON2$0$0    
            009B  Fboard$S1CON$0$0                 
            009B  Fboard$_SOCON3$0$0               
            009B  Fdma$S1CON$0$0                   
            009B  Fdma$_SOCON3$0$0                 
            009B  Fgreen_led$S1CON$0$0             
            009B  Fgreen_led$_SOCON3$0$0           
            009B  Ftime$S1CON$0$0                  
            009B  Ftime$_SOCON3$0$0                
            009B  Fusb$S1CON$0$0                   
            009B  Fusb$_SOCON3$0$0                 
            009B  Fusb_cdc_acm$S1CON$0$0           
            009B  Fusb_cdc_acm$_SOCON3$0$0         
            009B  Fvibes_lab_dac_protocol$S1CON$0$0
            009B  Fvibes_lab_dac_protocol$_SOCON3$0
            009B  Fvibes_lab_radio_protocol$S1CON$0
            009B  Fvibes_lab_radio_protocol$_SOCON3
            009B  Fvibes_lab_rx_5_0$S1CON$0$0      
            009B  Fvibes_lab_rx_5_0$_SOCON3$0$0    
            009C  Fboard$T2CT$0$0                  
            009C  Fboard$_SOCON4$0$0               
            009C  Fdma$T2CT$0$0                    
            009C  Fdma$_SOCON4$0$0                 
            009C  Fgreen_led$T2CT$0$0              
            009C  Fgreen_led$_SOCON4$0$0           
            009C  Ftime$T2CT$0$0                   
            009C  Ftime$_SOCON4$0$0                
            009C  Fusb$T2CT$0$0                    
            009C  Fusb$_SOCON4$0$0                 
            009C  Fusb_cdc_acm$T2CT$0$0            
            009C  Fusb_cdc_acm$_SOCON4$0$0         
ASxxxx Linker V02.00 + NoICE + sdld,  page 18.
Hexadecimal

Area                               Addr   Size   Decimal Bytes (Attributes)
--------------------------------   ----   ----   ------- ----- ------------
.	.ABS.                            0000   0000 =      0. bytes (ABS,CON)

      Value  Global                              Global Defined In Module
      -----  ---------------------------------   ------------------------
            009C  Fvibes_lab_dac_protocol$T2CT$0$0 
            009C  Fvibes_lab_dac_protocol$_SOCON4$0
            009C  Fvibes_lab_radio_protocol$T2CT$0$
            009C  Fvibes_lab_radio_protocol$_SOCON4
            009C  Fvibes_lab_rx_5_0$T2CT$0$0       
            009C  Fvibes_lab_rx_5_0$_SOCON4$0$0    
            009D  Fboard$T2PR$0$0                  
            009D  Fboard$_SOCON5$0$0               
            009D  Fdma$T2PR$0$0                    
            009D  Fdma$_SOCON5$0$0                 
            009D  Fgreen_led$T2PR$0$0              
            009D  Fgreen_led$_SOCON5$0$0           
            009D  Ftime$T2PR$0$0                   
            009D  Ftime$_SOCON5$0$0                
            009D  Fusb$T2PR$0$0                    
            009D  Fusb$_SOCON5$0$0                 
            009D  Fusb_cdc_acm$T2PR$0$0            
            009D  Fusb_cdc_acm$_SOCON5$0$0         
            009D  Fvibes_lab_dac_protocol$T2PR$0$0 
            009D  Fvibes_lab_dac_protocol$_SOCON5$0
            009D  Fvibes_lab_radio_protocol$T2PR$0$
            009D  Fvibes_lab_radio_protocol$_SOCON5
            009D  Fvibes_lab_rx_5_0$T2PR$0$0       
            009D  Fvibes_lab_rx_5_0$_SOCON5$0$0    
            009E  Fboard$T2CTL$0$0                 
            009E  Fboard$_SOCON6$0$0               
            009E  Fdma$T2CTL$0$0                   
            009E  Fdma$_SOCON6$0$0                 
            009E  Fgreen_led$T2CTL$0$0             
            009E  Fgreen_led$_SOCON6$0$0           
            009E  Ftime$T2CTL$0$0                  
            009E  Ftime$_SOCON6$0$0                
            009E  Fusb$T2CTL$0$0                   
            009E  Fusb$_SOCON6$0$0                 
            009E  Fusb_cdc_acm$T2CTL$0$0           
            009E  Fusb_cdc_acm$_SOCON6$0$0         
            009E  Fvibes_lab_dac_protocol$T2CTL$0$0
            009E  Fvibes_lab_dac_protocol$_SOCON6$0
            009E  Fvibes_lab_radio_protocol$T2CTL$0
            009E  Fvibes_lab_radio_protocol$_SOCON6
            009E  Fvibes_lab_rx_5_0$T2CTL$0$0      
            009E  Fvibes_lab_rx_5_0$_SOCON6$0$0    
            009F  Fboard$_SOCON7$0$0               
            009F  Fdma$_SOCON7$0$0                 
            009F  Fgreen_led$_SOCON7$0$0           
            009F  Ftime$_SOCON7$0$0                
            009F  Fusb$_SOCON7$0$0                 
            009F  Fusb_cdc_acm$_SOCON7$0$0         
            009F  Fvibes_lab_dac_protocol$_SOCON7$0
            009F  Fvibes_lab_radio_protocol$_SOCON7
            009F  Fvibes_lab_rx_5_0$_SOCON7$0$0    
ASxxxx Linker V02.00 + NoICE + sdld,  page 19.
Hexadecimal

Area                               Addr   Size   Decimal Bytes (Attributes)
--------------------------------   ----   ----   ------- ----- ------------
.	.ABS.                            0000   0000 =      0. bytes (ABS,CON)

      Value  Global                              Global Defined In Module
      -----  ---------------------------------   ------------------------
            00A0  Fboard$P2$0$0                    
            00A0  Fboard$P2_0$0$0                  
            00A0  Fdma$P2$0$0                      
            00A0  Fdma$P2_0$0$0                    
            00A0  Fgreen_led$P2$0$0                
            00A0  Fgreen_led$P2_0$0$0              
            00A0  Ftime$P2$0$0                     
            00A0  Ftime$P2_0$0$0                   
            00A0  Fusb$P2$0$0                      
            00A0  Fusb$P2_0$0$0                    
            00A0  Fusb_cdc_acm$P2$0$0              
            00A0  Fusb_cdc_acm$P2_0$0$0            
            00A0  Fvibes_lab_dac_protocol$P2$0$0   
            00A0  Fvibes_lab_dac_protocol$P2_0$0$0 
            00A0  Fvibes_lab_radio_protocol$P2$0$0 
            00A0  Fvibes_lab_radio_protocol$P2_0$0$
            00A0  Fvibes_lab_rx_5_0$P2$0$0         
            00A0  Fvibes_lab_rx_5_0$P2_0$0$0       
            00A1  Fboard$P2_1$0$0                  
            00A1  Fboard$WORIRQ$0$0                
            00A1  Fdma$P2_1$0$0                    
            00A1  Fdma$WORIRQ$0$0                  
            00A1  Fgreen_led$P2_1$0$0              
            00A1  Fgreen_led$WORIRQ$0$0            
            00A1  Ftime$P2_1$0$0                   
            00A1  Ftime$WORIRQ$0$0                 
            00A1  Fusb$P2_1$0$0                    
            00A1  Fusb$WORIRQ$0$0                  
            00A1  Fusb_cdc_acm$P2_1$0$0            
            00A1  Fusb_cdc_acm$WORIRQ$0$0          
            00A1  Fvibes_lab_dac_protocol$P2_1$0$0 
            00A1  Fvibes_lab_dac_protocol$WORIRQ$0$
            00A1  Fvibes_lab_radio_protocol$P2_1$0$
            00A1  Fvibes_lab_radio_protocol$WORIRQ$
            00A1  Fvibes_lab_rx_5_0$P2_1$0$0       
            00A1  Fvibes_lab_rx_5_0$WORIRQ$0$0     
            00A2  Fboard$P2_2$0$0                  
            00A2  Fboard$WORCTRL$0$0               
            00A2  Fdma$P2_2$0$0                    
            00A2  Fdma$WORCTRL$0$0                 
            00A2  Fgreen_led$P2_2$0$0              
            00A2  Fgreen_led$WORCTRL$0$0           
            00A2  Ftime$P2_2$0$0                   
            00A2  Ftime$WORCTRL$0$0                
            00A2  Fusb$P2_2$0$0                    
            00A2  Fusb$WORCTRL$0$0                 
            00A2  Fusb_cdc_acm$P2_2$0$0            
            00A2  Fusb_cdc_acm$WORCTRL$0$0         
            00A2  Fvibes_lab_dac_protocol$P2_2$0$0 
            00A2  Fvibes_lab_dac_protocol$WORCTRL$0
            00A2  Fvibes_lab_radio_protocol$P2_2$0$
ASxxxx Linker V02.00 + NoICE + sdld,  page 20.
Hexadecimal

Area                               Addr   Size   Decimal Bytes (Attributes)
--------------------------------   ----   ----   ------- ----- ------------
.	.ABS.                            0000   0000 =      0. bytes (ABS,CON)

      Value  Global                              Global Defined In Module
      -----  ---------------------------------   ------------------------
            00A2  Fvibes_lab_radio_protocol$WORCTRL
            00A2  Fvibes_lab_rx_5_0$P2_2$0$0       
            00A2  Fvibes_lab_rx_5_0$WORCTRL$0$0    
            00A3  Fboard$P2_3$0$0                  
            00A3  Fboard$WOREVT0$0$0               
            00A3  Fdma$P2_3$0$0                    
            00A3  Fdma$WOREVT0$0$0                 
            00A3  Fgreen_led$P2_3$0$0              
            00A3  Fgreen_led$WOREVT0$0$0           
            00A3  Ftime$P2_3$0$0                   
            00A3  Ftime$WOREVT0$0$0                
            00A3  Fusb$P2_3$0$0                    
            00A3  Fusb$WOREVT0$0$0                 
            00A3  Fusb_cdc_acm$P2_3$0$0            
            00A3  Fusb_cdc_acm$WOREVT0$0$0         
            00A3  Fvibes_lab_dac_protocol$P2_3$0$0 
            00A3  Fvibes_lab_dac_protocol$WOREVT0$0
            00A3  Fvibes_lab_radio_protocol$P2_3$0$
            00A3  Fvibes_lab_radio_protocol$WOREVT0
            00A3  Fvibes_lab_rx_5_0$P2_3$0$0       
            00A3  Fvibes_lab_rx_5_0$WOREVT0$0$0    
            00A4  Fboard$P2_4$0$0                  
            00A4  Fboard$WOREVT1$0$0               
            00A4  Fdma$P2_4$0$0                    
            00A4  Fdma$WOREVT1$0$0                 
            00A4  Fgreen_led$P2_4$0$0              
            00A4  Fgreen_led$WOREVT1$0$0           
            00A4  Ftime$P2_4$0$0                   
            00A4  Ftime$WOREVT1$0$0                
            00A4  Fusb$P2_4$0$0                    
            00A4  Fusb$WOREVT1$0$0                 
            00A4  Fusb_cdc_acm$P2_4$0$0            
            00A4  Fusb_cdc_acm$WOREVT1$0$0         
            00A4  Fvibes_lab_dac_protocol$P2_4$0$0 
            00A4  Fvibes_lab_dac_protocol$WOREVT1$0
            00A4  Fvibes_lab_radio_protocol$P2_4$0$
            00A4  Fvibes_lab_radio_protocol$WOREVT1
            00A4  Fvibes_lab_rx_5_0$P2_4$0$0       
            00A4  Fvibes_lab_rx_5_0$WOREVT1$0$0    
            00A5  Fboard$P2_5$0$0                  
            00A5  Fboard$WORTIME0$0$0              
            00A5  Fdma$P2_5$0$0                    
            00A5  Fdma$WORTIME0$0$0                
            00A5  Fgreen_led$P2_5$0$0              
            00A5  Fgreen_led$WORTIME0$0$0          
            00A5  Ftime$P2_5$0$0                   
            00A5  Ftime$WORTIME0$0$0               
            00A5  Fusb$P2_5$0$0                    
            00A5  Fusb$WORTIME0$0$0                
            00A5  Fusb_cdc_acm$P2_5$0$0            
            00A5  Fusb_cdc_acm$WORTIME0$0$0        
ASxxxx Linker V02.00 + NoICE + sdld,  page 21.
Hexadecimal

Area                               Addr   Size   Decimal Bytes (Attributes)
--------------------------------   ----   ----   ------- ----- ------------
.	.ABS.                            0000   0000 =      0. bytes (ABS,CON)

      Value  Global                              Global Defined In Module
      -----  ---------------------------------   ------------------------
            00A5  Fvibes_lab_dac_protocol$P2_5$0$0 
            00A5  Fvibes_lab_dac_protocol$WORTIME0$
            00A5  Fvibes_lab_radio_protocol$P2_5$0$
            00A5  Fvibes_lab_radio_protocol$WORTIME
            00A5  Fvibes_lab_rx_5_0$P2_5$0$0       
            00A5  Fvibes_lab_rx_5_0$WORTIME0$0$0   
            00A6  Fboard$P2_6$0$0                  
            00A6  Fboard$WORTIME1$0$0              
            00A6  Fdma$P2_6$0$0                    
            00A6  Fdma$WORTIME1$0$0                
            00A6  Fgreen_led$P2_6$0$0              
            00A6  Fgreen_led$WORTIME1$0$0          
            00A6  Ftime$P2_6$0$0                   
            00A6  Ftime$WORTIME1$0$0               
            00A6  Fusb$P2_6$0$0                    
            00A6  Fusb$WORTIME1$0$0                
            00A6  Fusb_cdc_acm$P2_6$0$0            
            00A6  Fusb_cdc_acm$WORTIME1$0$0        
            00A6  Fvibes_lab_dac_protocol$P2_6$0$0 
            00A6  Fvibes_lab_dac_protocol$WORTIME1$
            00A6  Fvibes_lab_radio_protocol$P2_6$0$
            00A6  Fvibes_lab_radio_protocol$WORTIME
            00A6  Fvibes_lab_rx_5_0$P2_6$0$0       
            00A6  Fvibes_lab_rx_5_0$WORTIME1$0$0   
            00A7  Fboard$P2_7$0$0                  
            00A7  Fdma$P2_7$0$0                    
            00A7  Fgreen_led$P2_7$0$0              
            00A7  Ftime$P2_7$0$0                   
            00A7  Fusb$P2_7$0$0                    
            00A7  Fusb_cdc_acm$P2_7$0$0            
            00A7  Fvibes_lab_dac_protocol$P2_7$0$0 
            00A7  Fvibes_lab_radio_protocol$P2_7$0$
            00A7  Fvibes_lab_rx_5_0$P2_7$0$0       
            00A8  Fboard$IEN0$0$0                  
            00A8  Fboard$RFTXRXIE$0$0              
            00A8  Fdma$IEN0$0$0                    
            00A8  Fdma$RFTXRXIE$0$0                
            00A8  Fgreen_led$IEN0$0$0              
            00A8  Fgreen_led$RFTXRXIE$0$0          
            00A8  Ftime$IEN0$0$0                   
            00A8  Ftime$RFTXRXIE$0$0               
            00A8  Fusb$IEN0$0$0                    
            00A8  Fusb$RFTXRXIE$0$0                
            00A8  Fusb_cdc_acm$IEN0$0$0            
            00A8  Fusb_cdc_acm$RFTXRXIE$0$0        
            00A8  Fvibes_lab_dac_protocol$IEN0$0$0 
            00A8  Fvibes_lab_dac_protocol$RFTXRXIE$
            00A8  Fvibes_lab_radio_protocol$IEN0$0$
            00A8  Fvibes_lab_radio_protocol$RFTXRXI
            00A8  Fvibes_lab_rx_5_0$IEN0$0$0       
            00A8  Fvibes_lab_rx_5_0$RFTXRXIE$0$0   
ASxxxx Linker V02.00 + NoICE + sdld,  page 22.
Hexadecimal

Area                               Addr   Size   Decimal Bytes (Attributes)
--------------------------------   ----   ----   ------- ----- ------------
.	.ABS.                            0000   0000 =      0. bytes (ABS,CON)

      Value  Global                              Global Defined In Module
      -----  ---------------------------------   ------------------------
            00A9  Fboard$ADCIE$0$0                 
            00A9  Fboard$IP0$0$0                   
            00A9  Fdma$ADCIE$0$0                   
            00A9  Fdma$IP0$0$0                     
            00A9  Fgreen_led$ADCIE$0$0             
            00A9  Fgreen_led$IP0$0$0               
            00A9  Ftime$ADCIE$0$0                  
            00A9  Ftime$IP0$0$0                    
            00A9  Fusb$ADCIE$0$0                   
            00A9  Fusb$IP0$0$0                     
            00A9  Fusb_cdc_acm$ADCIE$0$0           
            00A9  Fusb_cdc_acm$IP0$0$0             
            00A9  Fvibes_lab_dac_protocol$ADCIE$0$0
            00A9  Fvibes_lab_dac_protocol$IP0$0$0  
            00A9  Fvibes_lab_radio_protocol$ADCIE$0
            00A9  Fvibes_lab_radio_protocol$IP0$0$0
            00A9  Fvibes_lab_rx_5_0$ADCIE$0$0      
            00A9  Fvibes_lab_rx_5_0$IP0$0$0        
            00AA  Fboard$URX0IE$0$0                
            00AA  Fdma$URX0IE$0$0                  
            00AA  Fgreen_led$URX0IE$0$0            
            00AA  Ftime$URX0IE$0$0                 
            00AA  Fusb$URX0IE$0$0                  
            00AA  Fusb_cdc_acm$URX0IE$0$0          
            00AA  Fvibes_lab_dac_protocol$URX0IE$0$
            00AA  Fvibes_lab_radio_protocol$URX0IE$
            00AA  Fvibes_lab_rx_5_0$URX0IE$0$0     
            00AB  Fboard$FWT$0$0                   
            00AB  Fboard$URX1IE$0$0                
            00AB  Fdma$FWT$0$0                     
            00AB  Fdma$URX1IE$0$0                  
            00AB  Fgreen_led$FWT$0$0               
            00AB  Fgreen_led$URX1IE$0$0            
            00AB  Ftime$FWT$0$0                    
            00AB  Ftime$URX1IE$0$0                 
            00AB  Fusb$FWT$0$0                     
            00AB  Fusb$URX1IE$0$0                  
            00AB  Fusb_cdc_acm$FWT$0$0             
            00AB  Fusb_cdc_acm$URX1IE$0$0          
            00AB  Fvibes_lab_dac_protocol$FWT$0$0  
            00AB  Fvibes_lab_dac_protocol$URX1IE$0$
            00AB  Fvibes_lab_radio_protocol$FWT$0$0
            00AB  Fvibes_lab_radio_protocol$URX1IE$
            00AB  Fvibes_lab_rx_5_0$FWT$0$0        
            00AB  Fvibes_lab_rx_5_0$URX1IE$0$0     
            00AC  Fboard$ENCIE$0$0                 
            00AC  Fboard$FADDRL$0$0                
            00AC  Fdma$ENCIE$0$0                   
            00AC  Fdma$FADDRL$0$0                  
            00AC  Fgreen_led$ENCIE$0$0             
            00AC  Fgreen_led$FADDRL$0$0            
ASxxxx Linker V02.00 + NoICE + sdld,  page 23.
Hexadecimal

Area                               Addr   Size   Decimal Bytes (Attributes)
--------------------------------   ----   ----   ------- ----- ------------
.	.ABS.                            0000   0000 =      0. bytes (ABS,CON)

      Value  Global                              Global Defined In Module
      -----  ---------------------------------   ------------------------
            00AC  Ftime$ENCIE$0$0                  
            00AC  Ftime$FADDRL$0$0                 
            00AC  Fusb$ENCIE$0$0                   
            00AC  Fusb$FADDRL$0$0                  
            00AC  Fusb_cdc_acm$ENCIE$0$0           
            00AC  Fusb_cdc_acm$FADDRL$0$0          
            00AC  Fvibes_lab_dac_protocol$ENCIE$0$0
            00AC  Fvibes_lab_dac_protocol$FADDRL$0$
            00AC  Fvibes_lab_radio_protocol$ENCIE$0
            00AC  Fvibes_lab_radio_protocol$FADDRL$
            00AC  Fvibes_lab_rx_5_0$ENCIE$0$0      
            00AC  Fvibes_lab_rx_5_0$FADDRL$0$0     
            00AD  Fboard$FADDRH$0$0                
            00AD  Fboard$STIE$0$0                  
            00AD  Fdma$FADDRH$0$0                  
            00AD  Fdma$STIE$0$0                    
            00AD  Fgreen_led$FADDRH$0$0            
            00AD  Fgreen_led$STIE$0$0              
            00AD  Ftime$FADDRH$0$0                 
            00AD  Ftime$STIE$0$0                   
            00AD  Fusb$FADDRH$0$0                  
            00AD  Fusb$STIE$0$0                    
            00AD  Fusb_cdc_acm$FADDRH$0$0          
            00AD  Fusb_cdc_acm$STIE$0$0            
            00AD  Fvibes_lab_dac_protocol$FADDRH$0$
            00AD  Fvibes_lab_dac_protocol$STIE$0$0 
            00AD  Fvibes_lab_radio_protocol$FADDRH$
            00AD  Fvibes_lab_radio_protocol$STIE$0$
            00AD  Fvibes_lab_rx_5_0$FADDRH$0$0     
            00AD  Fvibes_lab_rx_5_0$STIE$0$0       
            00AE  Fboard$FCTL$0$0                  
            00AE  Fboard$_IEN06$0$0                
            00AE  Fdma$FCTL$0$0                    
            00AE  Fdma$_IEN06$0$0                  
            00AE  Fgreen_led$FCTL$0$0              
            00AE  Fgreen_led$_IEN06$0$0            
            00AE  Ftime$FCTL$0$0                   
            00AE  Ftime$_IEN06$0$0                 
            00AE  Fusb$FCTL$0$0                    
            00AE  Fusb$_IEN06$0$0                  
            00AE  Fusb_cdc_acm$FCTL$0$0            
            00AE  Fusb_cdc_acm$_IEN06$0$0          
            00AE  Fvibes_lab_dac_protocol$FCTL$0$0 
            00AE  Fvibes_lab_dac_protocol$_IEN06$0$
            00AE  Fvibes_lab_radio_protocol$FCTL$0$
            00AE  Fvibes_lab_radio_protocol$_IEN06$
            00AE  Fvibes_lab_rx_5_0$FCTL$0$0       
            00AE  Fvibes_lab_rx_5_0$_IEN06$0$0     
            00AF  Fboard$EA$0$0                    
            00AF  Fboard$FWDATA$0$0                
            00AF  Fdma$EA$0$0                      
ASxxxx Linker V02.00 + NoICE + sdld,  page 24.
Hexadecimal

Area                               Addr   Size   Decimal Bytes (Attributes)
--------------------------------   ----   ----   ------- ----- ------------
.	.ABS.                            0000   0000 =      0. bytes (ABS,CON)

      Value  Global                              Global Defined In Module
      -----  ---------------------------------   ------------------------
            00AF  Fdma$FWDATA$0$0                  
            00AF  Fgreen_led$EA$0$0                
            00AF  Fgreen_led$FWDATA$0$0            
            00AF  Ftime$EA$0$0                     
            00AF  Ftime$FWDATA$0$0                 
            00AF  Fusb$EA$0$0                      
            00AF  Fusb$FWDATA$0$0                  
            00AF  Fusb_cdc_acm$EA$0$0              
            00AF  Fusb_cdc_acm$FWDATA$0$0          
            00AF  Fvibes_lab_dac_protocol$EA$0$0   
            00AF  Fvibes_lab_dac_protocol$FWDATA$0$
            00AF  Fvibes_lab_radio_protocol$EA$0$0 
            00AF  Fvibes_lab_radio_protocol$FWDATA$
            00AF  Fvibes_lab_rx_5_0$EA$0$0         
            00AF  Fvibes_lab_rx_5_0$FWDATA$0$0     
            00B1  Fboard$ENCDI$0$0                 
            00B1  Fdma$ENCDI$0$0                   
            00B1  Fgreen_led$ENCDI$0$0             
            00B1  Ftime$ENCDI$0$0                  
            00B1  Fusb$ENCDI$0$0                   
            00B1  Fusb_cdc_acm$ENCDI$0$0           
            00B1  Fvibes_lab_dac_protocol$ENCDI$0$0
            00B1  Fvibes_lab_radio_protocol$ENCDI$0
            00B1  Fvibes_lab_rx_5_0$ENCDI$0$0      
            00B2  Fboard$ENCDO$0$0                 
            00B2  Fdma$ENCDO$0$0                   
            00B2  Fgreen_led$ENCDO$0$0             
            00B2  Ftime$ENCDO$0$0                  
            00B2  Fusb$ENCDO$0$0                   
            00B2  Fusb_cdc_acm$ENCDO$0$0           
            00B2  Fvibes_lab_dac_protocol$ENCDO$0$0
            00B2  Fvibes_lab_radio_protocol$ENCDO$0
            00B2  Fvibes_lab_rx_5_0$ENCDO$0$0      
            00B3  Fboard$ENCCS$0$0                 
            00B3  Fdma$ENCCS$0$0                   
            00B3  Fgreen_led$ENCCS$0$0             
            00B3  Ftime$ENCCS$0$0                  
            00B3  Fusb$ENCCS$0$0                   
            00B3  Fusb_cdc_acm$ENCCS$0$0           
            00B3  Fvibes_lab_dac_protocol$ENCCS$0$0
            00B3  Fvibes_lab_radio_protocol$ENCCS$0
            00B3  Fvibes_lab_rx_5_0$ENCCS$0$0      
            00B4  Fboard$ADCCON1$0$0               
            00B4  Fdma$ADCCON1$0$0                 
            00B4  Fgreen_led$ADCCON1$0$0           
            00B4  Ftime$ADCCON1$0$0                
            00B4  Fusb$ADCCON1$0$0                 
            00B4  Fusb_cdc_acm$ADCCON1$0$0         
            00B4  Fvibes_lab_dac_protocol$ADCCON1$0
            00B4  Fvibes_lab_radio_protocol$ADCCON1
            00B4  Fvibes_lab_rx_5_0$ADCCON1$0$0    
ASxxxx Linker V02.00 + NoICE + sdld,  page 25.
Hexadecimal

Area                               Addr   Size   Decimal Bytes (Attributes)
--------------------------------   ----   ----   ------- ----- ------------
.	.ABS.                            0000   0000 =      0. bytes (ABS,CON)

      Value  Global                              Global Defined In Module
      -----  ---------------------------------   ------------------------
            00B5  Fboard$ADCCON2$0$0               
            00B5  Fdma$ADCCON2$0$0                 
            00B5  Fgreen_led$ADCCON2$0$0           
            00B5  Ftime$ADCCON2$0$0                
            00B5  Fusb$ADCCON2$0$0                 
            00B5  Fusb_cdc_acm$ADCCON2$0$0         
            00B5  Fvibes_lab_dac_protocol$ADCCON2$0
            00B5  Fvibes_lab_radio_protocol$ADCCON2
            00B5  Fvibes_lab_rx_5_0$ADCCON2$0$0    
            00B6  Fboard$ADCCON3$0$0               
            00B6  Fdma$ADCCON3$0$0                 
            00B6  Fgreen_led$ADCCON3$0$0           
            00B6  Ftime$ADCCON3$0$0                
            00B6  Fusb$ADCCON3$0$0                 
            00B6  Fusb_cdc_acm$ADCCON3$0$0         
            00B6  Fvibes_lab_dac_protocol$ADCCON3$0
            00B6  Fvibes_lab_radio_protocol$ADCCON3
            00B6  Fvibes_lab_rx_5_0$ADCCON3$0$0    
            00B8  Fboard$DMAIE$0$0                 
            00B8  Fboard$IEN1$0$0                  
            00B8  Fdma$DMAIE$0$0                   
            00B8  Fdma$IEN1$0$0                    
            00B8  Fgreen_led$DMAIE$0$0             
            00B8  Fgreen_led$IEN1$0$0              
            00B8  Ftime$DMAIE$0$0                  
            00B8  Ftime$IEN1$0$0                   
            00B8  Fusb$DMAIE$0$0                   
            00B8  Fusb$IEN1$0$0                    
            00B8  Fusb_cdc_acm$DMAIE$0$0           
            00B8  Fusb_cdc_acm$IEN1$0$0            
            00B8  Fvibes_lab_dac_protocol$DMAIE$0$0
            00B8  Fvibes_lab_dac_protocol$IEN1$0$0 
            00B8  Fvibes_lab_radio_protocol$DMAIE$0
            00B8  Fvibes_lab_radio_protocol$IEN1$0$
            00B8  Fvibes_lab_rx_5_0$DMAIE$0$0      
            00B8  Fvibes_lab_rx_5_0$IEN1$0$0       
            00B9  Fboard$IP1$0$0                   
            00B9  Fboard$T1IE$0$0                  
            00B9  Fdma$IP1$0$0                     
            00B9  Fdma$T1IE$0$0                    
            00B9  Fgreen_led$IP1$0$0               
            00B9  Fgreen_led$T1IE$0$0              
            00B9  Ftime$IP1$0$0                    
            00B9  Ftime$T1IE$0$0                   
            00B9  Fusb$IP1$0$0                     
            00B9  Fusb$T1IE$0$0                    
            00B9  Fusb_cdc_acm$IP1$0$0             
            00B9  Fusb_cdc_acm$T1IE$0$0            
            00B9  Fvibes_lab_dac_protocol$IP1$0$0  
            00B9  Fvibes_lab_dac_protocol$T1IE$0$0 
            00B9  Fvibes_lab_radio_protocol$IP1$0$0
ASxxxx Linker V02.00 + NoICE + sdld,  page 26.
Hexadecimal

Area                               Addr   Size   Decimal Bytes (Attributes)
--------------------------------   ----   ----   ------- ----- ------------
.	.ABS.                            0000   0000 =      0. bytes (ABS,CON)

      Value  Global                              Global Defined In Module
      -----  ---------------------------------   ------------------------
            00B9  Fvibes_lab_radio_protocol$T1IE$0$
            00B9  Fvibes_lab_rx_5_0$IP1$0$0        
            00B9  Fvibes_lab_rx_5_0$T1IE$0$0       
            00BA  Fboard$ADCL$0$0                  
            00BA  Fboard$T2IE$0$0                  
            00BA  Fdma$ADCL$0$0                    
            00BA  Fdma$T2IE$0$0                    
            00BA  Fgreen_led$ADCL$0$0              
            00BA  Fgreen_led$T2IE$0$0              
            00BA  Ftime$ADCL$0$0                   
            00BA  Ftime$T2IE$0$0                   
            00BA  Fusb$ADCL$0$0                    
            00BA  Fusb$T2IE$0$0                    
            00BA  Fusb_cdc_acm$ADCL$0$0            
            00BA  Fusb_cdc_acm$T2IE$0$0            
            00BA  Fvibes_lab_dac_protocol$ADCL$0$0 
            00BA  Fvibes_lab_dac_protocol$T2IE$0$0 
            00BA  Fvibes_lab_radio_protocol$ADCL$0$
            00BA  Fvibes_lab_radio_protocol$T2IE$0$
            00BA  Fvibes_lab_rx_5_0$ADCL$0$0       
            00BA  Fvibes_lab_rx_5_0$T2IE$0$0       
            00BB  Fboard$ADCH$0$0                  
            00BB  Fboard$T3IE$0$0                  
            00BB  Fdma$ADCH$0$0                    
            00BB  Fdma$T3IE$0$0                    
            00BB  Fgreen_led$ADCH$0$0              
            00BB  Fgreen_led$T3IE$0$0              
            00BB  Ftime$ADCH$0$0                   
            00BB  Ftime$T3IE$0$0                   
            00BB  Fusb$ADCH$0$0                    
            00BB  Fusb$T3IE$0$0                    
            00BB  Fusb_cdc_acm$ADCH$0$0            
            00BB  Fusb_cdc_acm$T3IE$0$0            
            00BB  Fvibes_lab_dac_protocol$ADCH$0$0 
            00BB  Fvibes_lab_dac_protocol$T3IE$0$0 
            00BB  Fvibes_lab_radio_protocol$ADCH$0$
            00BB  Fvibes_lab_radio_protocol$T3IE$0$
            00BB  Fvibes_lab_rx_5_0$ADCH$0$0       
            00BB  Fvibes_lab_rx_5_0$T3IE$0$0       
            00BC  Fboard$RNDL$0$0                  
            00BC  Fboard$T4IE$0$0                  
            00BC  Fdma$RNDL$0$0                    
            00BC  Fdma$T4IE$0$0                    
            00BC  Fgreen_led$RNDL$0$0              
            00BC  Fgreen_led$T4IE$0$0              
            00BC  Ftime$RNDL$0$0                   
            00BC  Ftime$T4IE$0$0                   
            00BC  Fusb$RNDL$0$0                    
            00BC  Fusb$T4IE$0$0                    
            00BC  Fusb_cdc_acm$RNDL$0$0            
            00BC  Fusb_cdc_acm$T4IE$0$0            
ASxxxx Linker V02.00 + NoICE + sdld,  page 27.
Hexadecimal

Area                               Addr   Size   Decimal Bytes (Attributes)
--------------------------------   ----   ----   ------- ----- ------------
.	.ABS.                            0000   0000 =      0. bytes (ABS,CON)

      Value  Global                              Global Defined In Module
      -----  ---------------------------------   ------------------------
            00BC  Fvibes_lab_dac_protocol$RNDL$0$0 
            00BC  Fvibes_lab_dac_protocol$T4IE$0$0 
            00BC  Fvibes_lab_radio_protocol$RNDL$0$
            00BC  Fvibes_lab_radio_protocol$T4IE$0$
            00BC  Fvibes_lab_rx_5_0$RNDL$0$0       
            00BC  Fvibes_lab_rx_5_0$T4IE$0$0       
            00BD  Fboard$P0IE$0$0                  
            00BD  Fboard$RNDH$0$0                  
            00BD  Fdma$P0IE$0$0                    
            00BD  Fdma$RNDH$0$0                    
            00BD  Fgreen_led$P0IE$0$0              
            00BD  Fgreen_led$RNDH$0$0              
            00BD  Ftime$P0IE$0$0                   
            00BD  Ftime$RNDH$0$0                   
            00BD  Fusb$P0IE$0$0                    
            00BD  Fusb$RNDH$0$0                    
            00BD  Fusb_cdc_acm$P0IE$0$0            
            00BD  Fusb_cdc_acm$RNDH$0$0            
            00BD  Fvibes_lab_dac_protocol$P0IE$0$0 
            00BD  Fvibes_lab_dac_protocol$RNDH$0$0 
            00BD  Fvibes_lab_radio_protocol$P0IE$0$
            00BD  Fvibes_lab_radio_protocol$RNDH$0$
            00BD  Fvibes_lab_rx_5_0$P0IE$0$0       
            00BD  Fvibes_lab_rx_5_0$RNDH$0$0       
            00BE  Fboard$SLEEP$0$0                 
            00BE  Fboard$_IEN16$0$0                
            00BE  Fdma$SLEEP$0$0                   
            00BE  Fdma$_IEN16$0$0                  
            00BE  Fgreen_led$SLEEP$0$0             
            00BE  Fgreen_led$_IEN16$0$0            
            00BE  Ftime$SLEEP$0$0                  
            00BE  Ftime$_IEN16$0$0                 
            00BE  Fusb$SLEEP$0$0                   
            00BE  Fusb$_IEN16$0$0                  
            00BE  Fusb_cdc_acm$SLEEP$0$0           
            00BE  Fusb_cdc_acm$_IEN16$0$0          
            00BE  Fvibes_lab_dac_protocol$SLEEP$0$0
            00BE  Fvibes_lab_dac_protocol$_IEN16$0$
            00BE  Fvibes_lab_radio_protocol$SLEEP$0
            00BE  Fvibes_lab_radio_protocol$_IEN16$
            00BE  Fvibes_lab_rx_5_0$SLEEP$0$0      
            00BE  Fvibes_lab_rx_5_0$_IEN16$0$0     
            00BF  Fboard$_IEN17$0$0                
            00BF  Fdma$_IEN17$0$0                  
            00BF  Fgreen_led$_IEN17$0$0            
            00BF  Ftime$_IEN17$0$0                 
            00BF  Fusb$_IEN17$0$0                  
            00BF  Fusb_cdc_acm$_IEN17$0$0          
            00BF  Fvibes_lab_dac_protocol$_IEN17$0$
            00BF  Fvibes_lab_radio_protocol$_IEN17$
            00BF  Fvibes_lab_rx_5_0$_IEN17$0$0     
ASxxxx Linker V02.00 + NoICE + sdld,  page 28.
Hexadecimal

Area                               Addr   Size   Decimal Bytes (Attributes)
--------------------------------   ----   ----   ------- ----- ------------
.	.ABS.                            0000   0000 =      0. bytes (ABS,CON)

      Value  Global                              Global Defined In Module
      -----  ---------------------------------   ------------------------
            00C0  Fboard$DMAIF$0$0                 
            00C0  Fboard$IRCON$0$0                 
            00C0  Fdma$DMAIF$0$0                   
            00C0  Fdma$IRCON$0$0                   
            00C0  Fgreen_led$DMAIF$0$0             
            00C0  Fgreen_led$IRCON$0$0             
            00C0  Ftime$DMAIF$0$0                  
            00C0  Ftime$IRCON$0$0                  
            00C0  Fusb$DMAIF$0$0                   
            00C0  Fusb$IRCON$0$0                   
            00C0  Fusb_cdc_acm$DMAIF$0$0           
            00C0  Fusb_cdc_acm$IRCON$0$0           
            00C0  Fvibes_lab_dac_protocol$DMAIF$0$0
            00C0  Fvibes_lab_dac_protocol$IRCON$0$0
            00C0  Fvibes_lab_radio_protocol$DMAIF$0
            00C0  Fvibes_lab_radio_protocol$IRCON$0
            00C0  Fvibes_lab_rx_5_0$DMAIF$0$0      
            00C0  Fvibes_lab_rx_5_0$IRCON$0$0      
            00C1  Fboard$T1IF$0$0                  
            00C1  Fboard$U0DBUF$0$0                
            00C1  Fdma$T1IF$0$0                    
            00C1  Fdma$U0DBUF$0$0                  
            00C1  Fgreen_led$T1IF$0$0              
            00C1  Fgreen_led$U0DBUF$0$0            
            00C1  Ftime$T1IF$0$0                   
            00C1  Ftime$U0DBUF$0$0                 
            00C1  Fusb$T1IF$0$0                    
            00C1  Fusb$U0DBUF$0$0                  
            00C1  Fusb_cdc_acm$T1IF$0$0            
            00C1  Fusb_cdc_acm$U0DBUF$0$0          
            00C1  Fvibes_lab_dac_protocol$T1IF$0$0 
            00C1  Fvibes_lab_dac_protocol$U0DBUF$0$
            00C1  Fvibes_lab_radio_protocol$T1IF$0$
            00C1  Fvibes_lab_radio_protocol$U0DBUF$
            00C1  Fvibes_lab_rx_5_0$T1IF$0$0       
            00C1  Fvibes_lab_rx_5_0$U0DBUF$0$0     
            00C2  Fboard$T2IF$0$0                  
            00C2  Fboard$U0BAUD$0$0                
            00C2  Fdma$T2IF$0$0                    
            00C2  Fdma$U0BAUD$0$0                  
            00C2  Fgreen_led$T2IF$0$0              
            00C2  Fgreen_led$U0BAUD$0$0            
            00C2  Ftime$T2IF$0$0                   
            00C2  Ftime$U0BAUD$0$0                 
            00C2  Fusb$T2IF$0$0                    
            00C2  Fusb$U0BAUD$0$0                  
            00C2  Fusb_cdc_acm$T2IF$0$0            
            00C2  Fusb_cdc_acm$U0BAUD$0$0          
            00C2  Fvibes_lab_dac_protocol$T2IF$0$0 
            00C2  Fvibes_lab_dac_protocol$U0BAUD$0$
            00C2  Fvibes_lab_radio_protocol$T2IF$0$
ASxxxx Linker V02.00 + NoICE + sdld,  page 29.
Hexadecimal

Area                               Addr   Size   Decimal Bytes (Attributes)
--------------------------------   ----   ----   ------- ----- ------------
.	.ABS.                            0000   0000 =      0. bytes (ABS,CON)

      Value  Global                              Global Defined In Module
      -----  ---------------------------------   ------------------------
            00C2  Fvibes_lab_radio_protocol$U0BAUD$
            00C2  Fvibes_lab_rx_5_0$T2IF$0$0       
            00C2  Fvibes_lab_rx_5_0$U0BAUD$0$0     
            00C3  Fboard$T3IF$0$0                  
            00C3  Fdma$T3IF$0$0                    
            00C3  Fgreen_led$T3IF$0$0              
            00C3  Ftime$T3IF$0$0                   
            00C3  Fusb$T3IF$0$0                    
            00C3  Fusb_cdc_acm$T3IF$0$0            
            00C3  Fvibes_lab_dac_protocol$T3IF$0$0 
            00C3  Fvibes_lab_radio_protocol$T3IF$0$
            00C3  Fvibes_lab_rx_5_0$T3IF$0$0       
            00C4  Fboard$T4IF$0$0                  
            00C4  Fboard$U0UCR$0$0                 
            00C4  Fdma$T4IF$0$0                    
            00C4  Fdma$U0UCR$0$0                   
            00C4  Fgreen_led$T4IF$0$0              
            00C4  Fgreen_led$U0UCR$0$0             
            00C4  Ftime$T4IF$0$0                   
            00C4  Ftime$U0UCR$0$0                  
            00C4  Fusb$T4IF$0$0                    
            00C4  Fusb$U0UCR$0$0                   
            00C4  Fusb_cdc_acm$T4IF$0$0            
            00C4  Fusb_cdc_acm$U0UCR$0$0           
            00C4  Fvibes_lab_dac_protocol$T4IF$0$0 
            00C4  Fvibes_lab_dac_protocol$U0UCR$0$0
            00C4  Fvibes_lab_radio_protocol$T4IF$0$
            00C4  Fvibes_lab_radio_protocol$U0UCR$0
            00C4  Fvibes_lab_rx_5_0$T4IF$0$0       
            00C4  Fvibes_lab_rx_5_0$U0UCR$0$0      
            00C5  Fboard$P0IF$0$0                  
            00C5  Fboard$U0GCR$0$0                 
            00C5  Fdma$P0IF$0$0                    
            00C5  Fdma$U0GCR$0$0                   
            00C5  Fgreen_led$P0IF$0$0              
            00C5  Fgreen_led$U0GCR$0$0             
            00C5  Ftime$P0IF$0$0                   
            00C5  Ftime$U0GCR$0$0                  
            00C5  Fusb$P0IF$0$0                    
            00C5  Fusb$U0GCR$0$0                   
            00C5  Fusb_cdc_acm$P0IF$0$0            
            00C5  Fusb_cdc_acm$U0GCR$0$0           
            00C5  Fvibes_lab_dac_protocol$P0IF$0$0 
            00C5  Fvibes_lab_dac_protocol$U0GCR$0$0
            00C5  Fvibes_lab_radio_protocol$P0IF$0$
            00C5  Fvibes_lab_radio_protocol$U0GCR$0
            00C5  Fvibes_lab_rx_5_0$P0IF$0$0       
            00C5  Fvibes_lab_rx_5_0$U0GCR$0$0      
            00C6  Fboard$CLKCON$0$0                
            00C6  Fboard$_IRCON6$0$0               
            00C6  Fdma$CLKCON$0$0                  
ASxxxx Linker V02.00 + NoICE + sdld,  page 30.
Hexadecimal

Area                               Addr   Size   Decimal Bytes (Attributes)
--------------------------------   ----   ----   ------- ----- ------------
.	.ABS.                            0000   0000 =      0. bytes (ABS,CON)

      Value  Global                              Global Defined In Module
      -----  ---------------------------------   ------------------------
            00C6  Fdma$_IRCON6$0$0                 
            00C6  Fgreen_led$CLKCON$0$0            
            00C6  Fgreen_led$_IRCON6$0$0           
            00C6  Ftime$CLKCON$0$0                 
            00C6  Ftime$_IRCON6$0$0                
            00C6  Fusb$CLKCON$0$0                  
            00C6  Fusb$_IRCON6$0$0                 
            00C6  Fusb_cdc_acm$CLKCON$0$0          
            00C6  Fusb_cdc_acm$_IRCON6$0$0         
            00C6  Fvibes_lab_dac_protocol$CLKCON$0$
            00C6  Fvibes_lab_dac_protocol$_IRCON6$0
            00C6  Fvibes_lab_radio_protocol$CLKCON$
            00C6  Fvibes_lab_radio_protocol$_IRCON6
            00C6  Fvibes_lab_rx_5_0$CLKCON$0$0     
            00C6  Fvibes_lab_rx_5_0$_IRCON6$0$0    
            00C7  Fboard$MEMCTR$0$0                
            00C7  Fboard$STIF$0$0                  
            00C7  Fdma$MEMCTR$0$0                  
            00C7  Fdma$STIF$0$0                    
            00C7  Fgreen_led$MEMCTR$0$0            
            00C7  Fgreen_led$STIF$0$0              
            00C7  Ftime$MEMCTR$0$0                 
            00C7  Ftime$STIF$0$0                   
            00C7  Fusb$MEMCTR$0$0                  
            00C7  Fusb$STIF$0$0                    
            00C7  Fusb_cdc_acm$MEMCTR$0$0          
            00C7  Fusb_cdc_acm$STIF$0$0            
            00C7  Fvibes_lab_dac_protocol$MEMCTR$0$
            00C7  Fvibes_lab_dac_protocol$STIF$0$0 
            00C7  Fvibes_lab_radio_protocol$MEMCTR$
            00C7  Fvibes_lab_radio_protocol$STIF$0$
            00C7  Fvibes_lab_rx_5_0$MEMCTR$0$0     
            00C7  Fvibes_lab_rx_5_0$STIF$0$0       
            00C9  Fboard$WDCTL$0$0                 
            00C9  Fdma$WDCTL$0$0                   
            00C9  Fgreen_led$WDCTL$0$0             
            00C9  Ftime$WDCTL$0$0                  
            00C9  Fusb$WDCTL$0$0                   
            00C9  Fusb_cdc_acm$WDCTL$0$0           
            00C9  Fvibes_lab_dac_protocol$WDCTL$0$0
            00C9  Fvibes_lab_radio_protocol$WDCTL$0
            00C9  Fvibes_lab_rx_5_0$WDCTL$0$0      
            00CA  Fboard$T3CNT$0$0                 
            00CA  Fdma$T3CNT$0$0                   
            00CA  Fgreen_led$T3CNT$0$0             
            00CA  Ftime$T3CNT$0$0                  
            00CA  Fusb$T3CNT$0$0                   
            00CA  Fusb_cdc_acm$T3CNT$0$0           
            00CA  Fvibes_lab_dac_protocol$T3CNT$0$0
            00CA  Fvibes_lab_radio_protocol$T3CNT$0
            00CA  Fvibes_lab_rx_5_0$T3CNT$0$0      
ASxxxx Linker V02.00 + NoICE + sdld,  page 31.
Hexadecimal

Area                               Addr   Size   Decimal Bytes (Attributes)
--------------------------------   ----   ----   ------- ----- ------------
.	.ABS.                            0000   0000 =      0. bytes (ABS,CON)

      Value  Global                              Global Defined In Module
      -----  ---------------------------------   ------------------------
            00CB  Fboard$T3CTL$0$0                 
            00CB  Fdma$T3CTL$0$0                   
            00CB  Fgreen_led$T3CTL$0$0             
            00CB  Ftime$T3CTL$0$0                  
            00CB  Fusb$T3CTL$0$0                   
            00CB  Fusb_cdc_acm$T3CTL$0$0           
            00CB  Fvibes_lab_dac_protocol$T3CTL$0$0
[...]
       0C:  167E  A$usb$2229                       
       0C:  167E  C$usb.c$605$1$1                  
       0C:  1680  A$usb$2230                       
       0C:  1682  A$usb$2233                       
       0C:  1682  C$usb.c$606$1$1                  
       0C:  1682  XG$usbSleep$0$0                  
       0C:  1683  A$usb$2245                       
       0C:  1683  C$usb.c$608$1$1                  
       0C:  1683  G$usbControlRead$0$0             
       0C:  1683  _usbControlRead                  
       0C:  1685  A$usb$2246                       
       0C:  1687  A$usb$2249                       
       0C:  1687  C$usb.c$610$1$1                  
       0C:  168A  A$usb$2250                       
       0C:  168C  A$usb$2251                       
       0C:  168D  A$usb$2254                       
       0C:  168D  C$usb.c$611$1$1                  
       0C:  1690  A$usb$2255                       
       0C:  1691  A$usb$2256                       
       0C:  1692  A$usb$2257                       
       0C:  1693  A$usb$2258                       
       0C:  1694  A$usb$2259                       
       0C:  1695  A$usb$2262                       
       0C:  1695  C$usb.c$612$1$1                  
       0C:  1697  A$usb$2263                       
       0C:  1698  A$usb$2264                       
       0C:  1699  A$usb$2265                       
       0C:  169A  A$usb$2266                       
       0C:  169B  A$usb$2267                       
       0C:  169C  A$usb$2268                       
       0C:  169E  A$usb$2269                       
       0C:  169F  A$usb$2270                       
       0C:  16A0  A$usb$2271                       
       0C:  16A1  A$usb$2272                       
ASxxxx Linker V02.00 + NoICE + sdld,  page 154.
Hexadecimal

Area                               Addr   Size   Decimal Bytes (Attributes)
--------------------------------   ----   ----   ------- ----- ------------
CSEG                               051D   12A5 =   4773. bytes (REL,CON,CODE)

      Value  Global                              Global Defined In Module
      -----  ---------------------------------   ------------------------
       0C:  16A2  A$usb$2273                       
       0C:  16A3  A$usb$2276                       
       0C:  16A3  C$usb.c$613$1$1                  
       0C:  16A3  XG$usbControlRead$0$0            
       0C:  16A4  A$usb$2288                       
       0C:  16A4  C$usb.c$615$1$1                  
       0C:  16A4  G$usbControlWrite$0$0            
       0C:  16A4  _usbControlWrite                 
       0C:  16A6  A$usb$2289                       
       0C:  16A8  A$usb$2292                       
       0C:  16A8  C$usb.c$617$1$1                  
       0C:  16AB  A$usb$2293                       
       0C:  16AD  A$usb$2294                       
       0C:  16AE  A$usb$2297                       
       0C:  16AE  C$usb.c$618$1$1                  
       0C:  16B1  A$usb$2298                       
       0C:  16B2  A$usb$2299                       
       0C:  16B3  A$usb$2300                       
       0C:  16B4  A$usb$2301                       
       0C:  16B5  A$usb$2302                       
       0C:  16B6  A$usb$2305                       
       0C:  16B6  C$usb.c$619$1$1                  
       0C:  16B8  A$usb$2306                       
       0C:  16B9  A$usb$2307                       
       0C:  16BA  A$usb$2308                       
       0C:  16BB  A$usb$2309                       
       0C:  16BC  A$usb$2310                       
       0C:  16BD  A$usb$2311                       
       0C:  16BF  A$usb$2312                       
       0C:  16C0  A$usb$2313                       
       0C:  16C1  A$usb$2314                       
       0C:  16C2  A$usb$2315                       
       0C:  16C3  A$usb$2316                       
       0C:  16C4  A$usb$2319                       
       0C:  16C4  C$usb.c$620$1$1                  
       0C:  16C4  XG$usbControlWrite$0$0           
       0C:  16C5  A$usb$2333                       
       0C:  16C5  C$usb.c$622$1$1                  
       0C:  16C5  C$usb.c$624$1$1                  
       0C:  16C5  G$usbControlAcknowledge$0$0      
       0C:  16C5  _usbControlAcknowledge           
       0C:  16C8  A$usb$2334                       
       0C:  16CA  A$usb$2335                       
       0C:  16CB  A$usb$2338                       
       0C:  16CB  C$usb.c$625$1$1                  
       0C:  16CE  A$usb$2339                       
       0C:  16CF  A$usb$2340                       
       0C:  16D0  A$usb$2341                       
       0C:  16D1  A$usb$2342                       
       0C:  16D2  A$usb$2345                       
       0C:  16D2  C$usb.c$626$1$1                  
ASxxxx Linker V02.00 + NoICE + sdld,  page 155.
Hexadecimal

Area                               Addr   Size   Decimal Bytes (Attributes)
--------------------------------   ----   ----   ------- ----- ------------
CSEG                               051D   12A5 =   4773. bytes (REL,CON,CODE)

      Value  Global                              Global Defined In Module
      -----  ---------------------------------   ------------------------
       0C:  16D2  XG$usbControlAcknowledge$0$0     
       0C:  16D3  A$usb$2359                       
       0C:  16D3  C$usb.c$628$1$1                  
       0C:  16D3  C$usb.c$630$1$1                  
       0C:  16D3  G$usbControlStall$0$0            
       0C:  16D3  _usbControlStall                 
       0C:  16D6  A$usb$2360                       
       0C:  16D7  A$usb$2361                       
       0C:  16D8  A$usb$2364                       
       0C:  16D8  C$usb.c$631$1$1                  
       0C:  16D8  XG$usbControlStall$0$0           
       0C:  16D9  A$usb$2376                       
       0C:  16D9  C$usb.c$633$1$1                  
       0C:  16D9  G$usbInitEndpointIn$0$0          
       0C:  16D9  _usbInitEndpointIn               
       0C:  16DB  A$usb$2377                       
       0C:  16DE  A$usb$2378                       
       0C:  16DF  A$usb$2381                       
       0C:  16DF  C$usb.c$636$1$1                  
       0C:  16E1  A$usb$2382                       
       0C:  16E2  A$usb$2383                       
       0C:  16E3  A$usb$2384                       
       0C:  16E5  A$usb$2385                       
       0C:  16E7  A$usb$2386                       
       0C:  16E8  A$usb$2387                       
       0C:  16E9  A$usb$2388                       
       0C:  16EA  A$usb$2389                       
       0C:  16EB  A$usb$2390                       
       0C:  16EC  A$usb$2391                       
       0C:  16ED  A$usb$2392                       
       0C:  16EE  A$usb$2393                       
       0C:  16EF  A$usb$2394                       
       0C:  16F0  A$usb$2395                       
       0C:  16F1  A$usb$2396                       
       0C:  16F3  A$usb$2397                       
       0C:  16F4  A$usb$2398                       
       0C:  16F5  A$usb$2399                       
       0C:  16F7  A$usb$2400                       
       0C:  16F8  A$usb$2401                       
       0C:  16F9  A$usb$2402                       
       0C:  16FA  A$usb$2403                       
       0C:  16FD  A$usb$2404                       
       0C:  16FF  A$usb$2406                       
       0C:  1702  A$usb$2407                       
       0C:  1703  A$usb$2408                       
       0C:  1704  A$usb$2411                       
       0C:  1704  C$usb.c$637$1$1                  
       0C:  1707  A$usb$2412                       
       0C:  1709  A$usb$2413                       
       0C:  170A  A$usb$2416                       
       0C:  170A  C$usb.c$638$1$1                  
ASxxxx Linker V02.00 + NoICE + sdld,  page 156.
Hexadecimal

Area                               Addr   Size   Decimal Bytes (Attributes)
--------------------------------   ----   ----   ------- ----- ------------
CSEG                               051D   12A5 =   4773. bytes (REL,CON,CODE)

      Value  Global                              Global Defined In Module
      -----  ---------------------------------   ------------------------
       0C:  170A  XG$usbInitEndpointIn$0$0         
       0C:  170B  A$usb$2428                       
       0C:  170B  C$usb.c$640$1$1                  
       0C:  170B  G$usbInitEndpointOut$0$0         
       0C:  170B  _usbInitEndpointOut              
       0C:  170D  A$usb$2429                       
       0C:  1710  A$usb$2430                       
       0C:  1711  A$usb$2433                       
       0C:  1711  C$usb.c$643$1$1                  
       0C:  1713  A$usb$2434                       
       0C:  1714  A$usb$2435                       
       0C:  1715  A$usb$2436                       
       0C:  1717  A$usb$2437                       
       0C:  1719  A$usb$2438                       
       0C:  171A  A$usb$2439                       
       0C:  171B  A$usb$2440                       
       0C:  171C  A$usb$2441                       
       0C:  171D  A$usb$2442                       
       0C:  171E  A$usb$2443                       
       0C:  171F  A$usb$2444                       
       0C:  1720  A$usb$2445                       
       0C:  1721  A$usb$2446                       
       0C:  1722  A$usb$2447                       
       0C:  1723  A$usb$2448                       
       0C:  1725  A$usb$2449                       
       0C:  1726  A$usb$2450                       
       0C:  1727  A$usb$2451                       
       0C:  1729  A$usb$2452                       
       0C:  172A  A$usb$2453                       
       0C:  172B  A$usb$2454                       
       0C:  172C  A$usb$2455                       
       0C:  172F  A$usb$2456                       
       0C:  1731  A$usb$2458                       
       0C:  1734  A$usb$2459                       
       0C:  1735  A$usb$2460                       
       0C:  1736  A$usb$2463                       
       0C:  1736  C$usb.c$644$1$1                  
       0C:  1739  A$usb$2464                       
       0C:  173B  A$usb$2465                       
       0C:  173C  A$usb$2468                       
       0C:  173C  C$usb.c$645$1$1                  
       0C:  173C  XG$usbInitEndpointOut$0$0        
       0C:  173D  A$green_led$754                  
       0C:  173D  C$green_led.c$13$0$0             
       0C:  173D  C$green_led.c$15$1$1             
       0C:  173D  C$green_led.c$18$2$2             
       0C:  173D  G$usbShowStatusWithGreenLed$0$0  
       0C:  173D  _usbShowStatusWithGreenLed       
       0C:  1740  A$green_led$755                  
       0C:  1742  A$green_led$759                  
       0C:  1742  C$green_led.c$21$2$2             
ASxxxx Linker V02.00 + NoICE + sdld,  page 157.
Hexadecimal

Area                               Addr   Size   Decimal Bytes (Attributes)
--------------------------------   ----   ----   ------- ----- ------------
CSEG                               051D   12A5 =   4773. bytes (REL,CON,CODE)

      Value  Global                              Global Defined In Module
      -----  ---------------------------------   ------------------------
       0C:  1745  A$green_led$760                  
       0C:  1746  A$green_led$761                  
       0C:  1747  A$green_led$762                  
       0C:  1749  A$green_led$763                  
       0C:  174A  A$green_led$766                  
       0C:  174A  C$green_led.c$25$2$2             
       0C:  174D  A$green_led$769                  
       0C:  174D  C$green_led.c$27$3$3             
       0C:  174F  A$green_led$772                  
       0C:  174F  C$green_led.c$28$3$3             
       0C:  1752  A$green_led$773                  
       0C:  1753  A$green_led$774                  
       0C:  1754  A$green_led$775                  
       0C:  1756  A$green_led$776                  
       0C:  1757  A$green_led$780                  
       0C:  1757  C$green_led.c$32$1$1             
       0C:  175A  A$green_led$781                  
       0C:  175C  A$green_led$782                  
       0C:  175F  A$green_led$783                  
       0C:  1760  A$green_led$784                  
       0C:  1761  A$green_led$785                  
       0C:  1763  A$green_led$789                  
       0C:  1763  C$green_led.c$34$3$5             
       0C:  1766  A$green_led$790                  
       0C:  1767  A$green_led$794                  
       0C:  1767  C$green_led.c$37$1$1             
       0C:  176A  A$green_led$797                  
       0C:  176A  C$green_led.c$39$2$6             
       0C:  176D  A$green_led$800                  
       0C:  176D  C$green_led.c$41$4$8             
       0C:  1770  A$green_led$801                  
       0C:  1771  A$green_led$802                  
       0C:  1772  A$green_led$803                  
       0C:  1774  A$green_led$804                  
       0C:  1776  A$green_led$805                  
       0C:  1777  A$green_led$806                  
       0C:  1778  A$green_led$807                  
       0C:  177A  A$green_led$808                  
       0C:  177B  A$green_led$809                  
       0C:  177C  A$green_led$810                  
       0C:  177D  A$green_led$811                  
       0C:  177E  A$green_led$812                  
       0C:  177F  A$green_led$813                  
       0C:  1780  A$green_led$814                  
       0C:  1781  A$green_led$815                  
       0C:  1782  A$green_led$816                  
       0C:  1785  A$green_led$817                  
       0C:  1788  A$green_led$818                  
       0C:  178A  A$green_led$820                  
       0C:  178D  A$green_led$824                  
       0C:  178D  C$green_led.c$43$3$7             
ASxxxx Linker V02.00 + NoICE + sdld,  page 158.
Hexadecimal

Area                               Addr   Size   Decimal Bytes (Attributes)
--------------------------------   ----   ----   ------- ----- ------------
CSEG                               051D   12A5 =   4773. bytes (REL,CON,CODE)

      Value  Global                              Global Defined In Module
      -----  ---------------------------------   ------------------------
       0C:  1790  A$green_led$825                  
       0C:  1791  A$green_led$826                  
       0C:  1792  A$green_led$827                  
       0C:  1794  A$green_led$828                  
       0C:  1795  A$green_led$829                  
       0C:  1796  A$green_led$830                  
       0C:  1797  A$green_led$831                  
       0C:  1798  A$green_led$832                  
       0C:  1799  A$green_led$833                  
       0C:  179B  A$green_led$834                  
       0C:  179E  A$green_led$836                  
       0C:  17A0  A$green_led$839                  
       0C:  17A0  C$green_led.c$45$4$9             
       0C:  17A2  A$green_led$840                  
       0C:  17A3  A$green_led$844                  
       0C:  17A3  C$green_led.c$50$4$11            
       0C:  17A6  A$green_led$845                  
       0C:  17A7  A$green_led$849                  
       0C:  17A7  C$green_led.c$57$3$13            
       0C:  17AA  A$green_led$850                  
       0C:  17AC  A$green_led$851                  
       0C:  17AE  A$green_led$852                  
       0C:  17AF  A$green_led$853                  
       0C:  17B0  A$green_led$854                  
       0C:  17B1  A$green_led$855                  
       0C:  17B3  A$green_led$856                  
       0C:  17B4  A$green_led$857                  
       0C:  17B6  A$green_led$858                  
       0C:  17B9  A$green_led$859                  
       0C:  17BA  A$green_led$861                  
       0C:  17BD  A$green_led$865                  
       0C:  17BD  C$green_led.c$59$1$1             
       0C:  17BD  XG$usbShowStatusWithGreenLed$0$0 
       0C:  17BE  __sdcc_external_startup          

ASxxxx Linker V02.00 + NoICE + sdld,  page 159.
Hexadecimal

Area                               Addr   Size   Decimal Bytes (Attributes)
--------------------------------   ----   ----   ------- ----- ------------
CONST                              17C2   009C =    156. bytes (REL,CON,CODE)

      Value  Global                              Global Defined In Module
      -----  ---------------------------------   ------------------------
       0C:  17C2  Fvibes_lab_rx_5_0$DAC_ADDRESS$0$0
       0C:  17C3  Fvibes_lab_rx_5_0$DAC_COMMAND$0$0
       0C:  17C4  G$param_radio_channel$0$0        
       0C:  17C4  _param_radio_channel             
       0C:  17C8  Fvibes_lab_radio_protocol$NAK_FIL
       0C:  17C9  Fvibes_lab_radio_protocol$ACK_FIL
       0C:  17CA  G$usbDeviceDescriptor$0$0        
       0C:  17CA  _usbDeviceDescriptor             
       0C:  17DC  G$usbConfigurationDescriptor$0$0 
       0C:  17DC  _usbConfigurationDescriptor      
       0C:  181F  G$usbStringDescriptorCount$0$0   
       0C:  181F  _usbStringDescriptorCount        
       0C:  1820  Fusb_cdc_acm$languages$0$0       
       0C:  1824  Fusb_cdc_acm$manufacturer$0$0    
       0C:  184A  Fusb_cdc_acm$product$0$0         
       0C:  1856  G$usbStringDescriptors$0$0       
       0C:  1856  _usbStringDescriptors            

ASxxxx Linker V02.00 + NoICE + sdld,  page 160.
Hexadecimal

Area                               Addr   Size   Decimal Bytes (Attributes)
--------------------------------   ----   ----   ------- ----- ------------
XINIT                              185E   0009 =      9. bytes (REL,CON,CODE)

      Value  Global                              Global Defined In Module
      -----  ---------------------------------   ------------------------
       0C:  185E  Fusb_cdc_acm$__xinit_usbComLineCo
       0C:  1865  Fusb$__xinit_usbDeviceState$0$0  
       0C:  1866  Fusb$__xinit_controlTransferState

ASxxxx Linker V02.00 + NoICE + sdld,  page 161.

Files Linked                              [ module(s) ]

libraries/xpage/xpage.rel                 [ 
src/vibes_lab_rx_5.0/vibes_lab_rx_5.0.re  [ 


Libraries Linked                          [ object file ]

libraries/lib/vibes_lab_radio_protocol.l  [ vibes_lab_radio_protocol ]
libraries/lib/wixel.lib                   [ time ]
C:\Program Files (x86)\SDCC\bin\..\lib\m  [ crtclear.rel ]
C:\Program Files (x86)\SDCC\bin\..\lib\m  [ crtxinit.rel ]
libraries/lib/vibes_lab_dac_protocol.lib  [ vibes_lab_dac_protocol ]
libraries/lib/wixel.lib                   [ delay ]
libraries/lib/wixel.lib                   [ board ]
libraries/lib/usb_cdc_acm.lib             [ usb_cdc_acm ]
libraries/lib/wixel.lib                   [ fixed ]
C:\Program Files (x86)\SDCC\bin\..\lib\m  [ crtxclear.rel ]
libraries/lib/dma.lib                     [ dma ]
libraries/lib/usb.lib                     [ usb ]
C:\Program Files (x86)\SDCC\bin\..\lib\m  [ crtcall.rel ]
libraries/lib/usb.lib                     [ green_led ]
C:\Program Files (x86)\SDCC\bin\..\lib\m  [ crtstart.rel ]
C:\Program Files (x86)\SDCC\bin\..\lib\m  [ _startup.rel ]

ASxxxx Linker V02.00 + NoICE + sdld,  page 162.

User Base Address Definitions

HOME = 0x0400
XSEG = 0xf000
PSEG = 0xf000
ISEG = 0x0000
BSEG = 0x0000

