ASxxxx Linker V02.00 + NoICE + sdld,  page 1.
Hexadecimal

Area                               Addr   Size   Decimal Bytes (Attributes)
--------------------------------   ----   ----   ------- ----- ------------
CABS                               0000   0000 =      0. bytes (ABS,CON,CODE)

      Value  Global                              Global Defined In Module
      -----  ---------------------------------   ------------------------
       0C:  0000  l_CABS                           
       0C:  0000  l_GSINIT1                        
       0C:  0000  l_GSINIT5                        
       0C:  0000  l_IABS                           
       0C:  0000  l_ISEG                           
       0C:  0000  l_OSEG                           
       0C:  0000  l_RSEG                           
       0C:  0000  l_RSEG0                          
       0C:  0000  l_RSEG1                          
       0C:  0000  l_XABS                           
       0C:  0000  l__CODE                          
       0C:  0000  s_BSEG                           
       0C:  0000  s_CABS                           
       0C:  0000  s_DSEG                           
       0C:  0000  s_IABS                           
       0C:  0000  s_ISEG                           
       0C:  0000  s_REG_BANK_0                     
       0C:  0000  s_RSEG                           
       0C:  0000  s_RSEG0                          
       0C:  0000  s_RSEG1                          
       0C:  0000  s_XABS                           
       0C:  0001  l_BIT_BANK                       
       0C:  0003  l_BSEG_BYTES                     
       0C:  0003  l_GSFINAL                        
       0C:  0003  l_GSINIT0                        
       0C:  0008  l_REG_BANK_0                     
       0C:  0008  l_REG_BANK_1                     
       0C:  0008  l_REG_BANK_2                     
       0C:  0008  l_REG_BANK_3                     
       0C:  0008  s_REG_BANK_1                     
       0C:  0009  l_XINIT                          
       0C:  0009  l_XISEG                          
       0C:  000A  l_GSINIT2                        
       0C:  0010  s_REG_BANK_2                     
       0C:  0014  l_BSEG                           
       0C:  0018  s_REG_BANK_3                     
       0C:  001F  l_PSEG                           
       0C:  0020  s_BSEG_BYTES                     
       0C:  0020  s__CODE                          
       0C:  0022  l_GSINIT3                        
       0C:  0023  s_BIT_BANK                       
       0C:  0023  s_OSEG                           
       0C:  002A  l_GSINIT4                        
       0C:  0030  s_SSEG                           
       0C:  0034  l_GSINIT                         
       0C:  0080  l_DSEG                           
       0C:  008D  l_HOME                           
       0C:  009B  l_CONST                          
       0C:  00D0  l_SSEG                           
       0C:  0100  l_IRAM                           
ASxxxx Linker V02.00 + NoICE + sdld,  page 2.
Hexadecimal

Area                               Addr   Size   Decimal Bytes (Attributes)
--------------------------------   ----   ----   ------- ----- ------------
CABS                               0000   0000 =      0. bytes (ABS,CON,CODE)

      Value  Global                              Global Defined In Module
      -----  ---------------------------------   ------------------------
       0C:  0400  s_HOME                           
       0C:  048D  s_GSINIT0                        
       0C:  0490  s_GSINIT1                        
       0C:  0490  s_GSINIT2                        
       0C:  049A  s_GSINIT3                        
       0C:  04BC  s_GSINIT4                        
       0C:  04E6  s_GSINIT                         
       0C:  04E6  s_GSINIT5                        
       0C:  051A  s_GSFINAL                        
       0C:  051D  s_CSEG                           
       0C:  0C37  l_XSEG                           
       0C:  157D  l_CSEG                           
       0C:  1A9A  s_CONST                          
       0C:  1B35  s_XINIT                          
       0C:  F000  s_PSEG                           
       0C:  F000  s_XSEG                           
       0C:  FC56  s_XISEG                          

ASxxxx Linker V02.00 + NoICE + sdld,  page 3.
Hexadecimal

Area                               Addr   Size   Decimal Bytes (Attributes)
--------------------------------   ----   ----   ------- ----- ------------
XABS                               0000   0000 =      0. bytes (ABS,CON,XDATA)

      Value  Global                              Global Defined In Module
      -----  ---------------------------------   ------------------------
ASxxxx Linker V02.00 + NoICE + sdld,  page 4.
Hexadecimal

Area                               Addr   Size   Decimal Bytes (Attributes)
--------------------------------   ----   ----   ------- ----- ------------
IABS                               0000   0000 =      0. bytes (ABS,CON)

      Value  Global                              Global Defined In Module
      -----  ---------------------------------   ------------------------
ASxxxx Linker V02.00 + NoICE + sdld,  page 5.
Hexadecimal

Area                               Addr   Size   Decimal Bytes (Attributes)
--------------------------------   ----   ----   ------- ----- ------------
RSEG1                              0000   0000 =      0. bytes (ABS,CON)

      Value  Global                              Global Defined In Module
      -----  ---------------------------------   ------------------------
ASxxxx Linker V02.00 + NoICE + sdld,  page 6.
Hexadecimal

Area                               Addr   Size   Decimal Bytes (Attributes)
--------------------------------   ----   ----   ------- ----- ------------
RSEG0                              0000   0000 =      0. bytes (ABS,CON)

      Value  Global                              Global Defined In Module
      -----  ---------------------------------   ------------------------
ASxxxx Linker V02.00 + NoICE + sdld,  page 7.
Hexadecimal

Area                               Addr   Size   Decimal Bytes (Attributes)
--------------------------------   ----   ----   ------- ----- ------------
RSEG                               0000   0000 =      0. bytes (ABS,CON)

      Value  Global                              Global Defined In Module
      -----  ---------------------------------   ------------------------
ASxxxx Linker V02.00 + NoICE + sdld,  page 8.
Hexadecimal

Area                               Addr   Size   Decimal Bytes (Attributes)
--------------------------------   ----   ----   ------- ----- ------------
.	.ABS.                            0000   0000 =      0. bytes (ABS,CON)

      Value  Global                              Global Defined In Module
      -----  ---------------------------------   ------------------------
            FFFFADAC  Fadc$FADDR$0$0                   
            FFFFADAC  Fboard$FADDR$0$0                 
            FFFFADAC  Fdma$FADDR$0$0                   
            FFFFADAC  Fgpio$FADDR$0$0                  
            FFFFADAC  Fgreen_led$FADDR$0$0             
            FFFFADAC  Ftime$FADDR$0$0                  
            FFFFADAC  Fusb$FADDR$0$0                   
            FFFFADAC  Fusb_cdc_acm$FADDR$0$0           
            FFFFADAC  Fvibes_lab_radio_protocol$FADDR$0
            FFFFADAC  Fvibes_lab_tx_5_0$FADDR$0$0      
            FFFFBBBA  Fadc$ADC$0$0                     
            FFFFBBBA  Fboard$ADC$0$0                   
            FFFFBBBA  Fdma$ADC$0$0                     
            FFFFBBBA  Fgpio$ADC$0$0                    
            FFFFBBBA  Fgreen_led$ADC$0$0               
            FFFFBBBA  Ftime$ADC$0$0                    
            FFFFBBBA  Fusb$ADC$0$0                     
            FFFFBBBA  Fusb_cdc_acm$ADC$0$0             
            FFFFBBBA  Fvibes_lab_radio_protocol$ADC$0$0
            FFFFBBBA  Fvibes_lab_tx_5_0$ADC$0$0        
            FFFFD3D2  Fadc$DMA1CFG$0$0                 
            FFFFD3D2  Fboard$DMA1CFG$0$0               
            FFFFD3D2  Fdma$DMA1CFG$0$0                 
            FFFFD3D2  Fgpio$DMA1CFG$0$0                
            FFFFD3D2  Fgreen_led$DMA1CFG$0$0           
            FFFFD3D2  Ftime$DMA1CFG$0$0                
            FFFFD3D2  Fusb$DMA1CFG$0$0                 
            FFFFD3D2  Fusb_cdc_acm$DMA1CFG$0$0         
            FFFFD3D2  Fvibes_lab_radio_protocol$DMA1CFG
            FFFFD3D2  Fvibes_lab_tx_5_0$DMA1CFG$0$0    
            FFFFD5D4  Fadc$DMA0CFG$0$0                 
            FFFFD5D4  Fboard$DMA0CFG$0$0               
            FFFFD5D4  Fdma$DMA0CFG$0$0                 
            FFFFD5D4  Fgpio$DMA0CFG$0$0                
            FFFFD5D4  Fgreen_led$DMA0CFG$0$0           
            FFFFD5D4  Ftime$DMA0CFG$0$0                
            FFFFD5D4  Fusb$DMA0CFG$0$0                 
            FFFFD5D4  Fusb_cdc_acm$DMA0CFG$0$0         
            FFFFD5D4  Fvibes_lab_radio_protocol$DMA0CFG
            FFFFD5D4  Fvibes_lab_tx_5_0$DMA0CFG$0$0    
            0000  .__.ABS.                         
            0080  Fadc$P0$0$0                      
            0080  Fadc$P0_0$0$0                    
            0080  Fboard$P0$0$0                    
            0080  Fboard$P0_0$0$0                  
            0080  Fdma$P0$0$0                      
            0080  Fdma$P0_0$0$0                    
            0080  Fgpio$P0$0$0                     
            0080  Fgpio$P0_0$0$0                   
            0080  Fgreen_led$P0$0$0                
ASxxxx Linker V02.00 + NoICE + sdld,  page 9.
Hexadecimal

Area                               Addr   Size   Decimal Bytes (Attributes)
--------------------------------   ----   ----   ------- ----- ------------
.	.ABS.                            0000   0000 =      0. bytes (ABS,CON)

      Value  Global                              Global Defined In Module
      -----  ---------------------------------   ------------------------
            0080  Fgreen_led$P0_0$0$0              
            0080  Ftime$P0$0$0                     
            0080  Ftime$P0_0$0$0                   
            0080  Fusb$P0$0$0                      
            0080  Fusb$P0_0$0$0                    
            0080  Fusb_cdc_acm$P0$0$0              
            0080  Fusb_cdc_acm$P0_0$0$0            
            0080  Fvibes_lab_radio_protocol$P0$0$0 
            0080  Fvibes_lab_radio_protocol$P0_0$0$
            0080  Fvibes_lab_tx_5_0$P0$0$0         
            0080  Fvibes_lab_tx_5_0$P0_0$0$0       
            0081  Fadc$P0_1$0$0                    
            0081  Fadc$SP$0$0                      
            0081  Fboard$P0_1$0$0                  
            0081  Fboard$SP$0$0                    
            0081  Fdma$P0_1$0$0                    
            0081  Fdma$SP$0$0                      
            0081  Fgpio$P0_1$0$0                   
            0081  Fgpio$SP$0$0                     
            0081  Fgreen_led$P0_1$0$0              
            0081  Fgreen_led$SP$0$0                
            0081  Ftime$P0_1$0$0                   
            0081  Ftime$SP$0$0                     
            0081  Fusb$P0_1$0$0                    
            0081  Fusb$SP$0$0                      
            0081  Fusb_cdc_acm$P0_1$0$0            
            0081  Fusb_cdc_acm$SP$0$0              
            0081  Fvibes_lab_radio_protocol$P0_1$0$
            0081  Fvibes_lab_radio_protocol$SP$0$0 
            0081  Fvibes_lab_tx_5_0$P0_1$0$0       
            0081  Fvibes_lab_tx_5_0$SP$0$0         
            0082  Fadc$DPL0$0$0                    
            0082  Fadc$P0_2$0$0                    
            0082  Fboard$DPL0$0$0                  
            0082  Fboard$P0_2$0$0                  
            0082  Fdma$DPL0$0$0                    
            0082  Fdma$P0_2$0$0                    
            0082  Fgpio$DPL0$0$0                   
            0082  Fgpio$P0_2$0$0                   
            0082  Fgreen_led$DPL0$0$0              
            0082  Fgreen_led$P0_2$0$0              
            0082  Ftime$DPL0$0$0                   
            0082  Ftime$P0_2$0$0                   
            0082  Fusb$DPL0$0$0                    
            0082  Fusb$P0_2$0$0                    
            0082  Fusb_cdc_acm$DPL0$0$0            
            0082  Fusb_cdc_acm$P0_2$0$0            
            0082  Fvibes_lab_radio_protocol$DPL0$0$
            0082  Fvibes_lab_radio_protocol$P0_2$0$
            0082  Fvibes_lab_tx_5_0$DPL0$0$0       
            0082  Fvibes_lab_tx_5_0$P0_2$0$0       
ASxxxx Linker V02.00 + NoICE + sdld,  page 10.
Hexadecimal

Area                               Addr   Size   Decimal Bytes (Attributes)
--------------------------------   ----   ----   ------- ----- ------------
.	.ABS.                            0000   0000 =      0. bytes (ABS,CON)

      Value  Global                              Global Defined In Module
      -----  ---------------------------------   ------------------------
            0083  Fadc$DPH0$0$0                    
            0083  Fadc$P0_3$0$0                    
            0083  Fboard$DPH0$0$0                  
            0083  Fboard$P0_3$0$0                  
            0083  Fdma$DPH0$0$0                    
            0083  Fdma$P0_3$0$0                    
            0083  Fgpio$DPH0$0$0                   
            0083  Fgpio$P0_3$0$0                   
            0083  Fgreen_led$DPH0$0$0              
            0083  Fgreen_led$P0_3$0$0              
            0083  Ftime$DPH0$0$0                   
            0083  Ftime$P0_3$0$0                   
            0083  Fusb$DPH0$0$0                    
            0083  Fusb$P0_3$0$0                    
            0083  Fusb_cdc_acm$DPH0$0$0            
            0083  Fusb_cdc_acm$P0_3$0$0            
            0083  Fvibes_lab_radio_protocol$DPH0$0$
            0083  Fvibes_lab_radio_protocol$P0_3$0$
            0083  Fvibes_lab_tx_5_0$DPH0$0$0       
            0083  Fvibes_lab_tx_5_0$P0_3$0$0       
            0084  Fadc$DPL1$0$0                    
            0084  Fadc$P0_4$0$0                    
            0084  Fboard$DPL1$0$0                  
            0084  Fboard$P0_4$0$0                  
            0084  Fdma$DPL1$0$0                    
            0084  Fdma$P0_4$0$0                    
            0084  Fgpio$DPL1$0$0                   
            0084  Fgpio$P0_4$0$0                   
            0084  Fgreen_led$DPL1$0$0              
            0084  Fgreen_led$P0_4$0$0              
            0084  Ftime$DPL1$0$0                   
            0084  Ftime$P0_4$0$0                   
            0084  Fusb$DPL1$0$0                    
            0084  Fusb$P0_4$0$0                    
            0084  Fusb_cdc_acm$DPL1$0$0            
            0084  Fusb_cdc_acm$P0_4$0$0            
            0084  Fvibes_lab_radio_protocol$DPL1$0$
            0084  Fvibes_lab_radio_protocol$P0_4$0$
            0084  Fvibes_lab_tx_5_0$DPL1$0$0       
            0084  Fvibes_lab_tx_5_0$P0_4$0$0       
            0085  Fadc$DPH1$0$0                    
            0085  Fadc$P0_5$0$0                    
            0085  Fboard$DPH1$0$0                  
            0085  Fboard$P0_5$0$0                  
            0085  Fdma$DPH1$0$0                    
            0085  Fdma$P0_5$0$0                    
            0085  Fgpio$DPH1$0$0                   
            0085  Fgpio$P0_5$0$0                   
            0085  Fgreen_led$DPH1$0$0              
            0085  Fgreen_led$P0_5$0$0              
            0085  Ftime$DPH1$0$0                   
ASxxxx Linker V02.00 + NoICE + sdld,  page 11.
Hexadecimal

Area                               Addr   Size   Decimal Bytes (Attributes)
--------------------------------   ----   ----   ------- ----- ------------
.	.ABS.                            0000   0000 =      0. bytes (ABS,CON)

      Value  Global                              Global Defined In Module
      -----  ---------------------------------   ------------------------
            0085  Ftime$P0_5$0$0                   
            0085  Fusb$DPH1$0$0                    
            0085  Fusb$P0_5$0$0                    
            0085  Fusb_cdc_acm$DPH1$0$0            
            0085  Fusb_cdc_acm$P0_5$0$0            
            0085  Fvibes_lab_radio_protocol$DPH1$0$
            0085  Fvibes_lab_radio_protocol$P0_5$0$
            0085  Fvibes_lab_tx_5_0$DPH1$0$0       
            0085  Fvibes_lab_tx_5_0$P0_5$0$0       
            0086  Fadc$P0_6$0$0                    
            0086  Fadc$U0CSR$0$0                   
            0086  Fboard$P0_6$0$0                  
            0086  Fboard$U0CSR$0$0                 
            0086  Fdma$P0_6$0$0                    
            0086  Fdma$U0CSR$0$0                   
            0086  Fgpio$P0_6$0$0                   
            0086  Fgpio$U0CSR$0$0                  
            0086  Fgreen_led$P0_6$0$0              
            0086  Fgreen_led$U0CSR$0$0             
            0086  Ftime$P0_6$0$0                   
            0086  Ftime$U0CSR$0$0                  
            0086  Fusb$P0_6$0$0                    
            0086  Fusb$U0CSR$0$0                   
            0086  Fusb_cdc_acm$P0_6$0$0            
            0086  Fusb_cdc_acm$U0CSR$0$0           
            0086  Fvibes_lab_radio_protocol$P0_6$0$
            0086  Fvibes_lab_radio_protocol$U0CSR$0
            0086  Fvibes_lab_tx_5_0$P0_6$0$0       
            0086  Fvibes_lab_tx_5_0$U0CSR$0$0      
            0087  Fadc$P0_7$0$0                    
            0087  Fadc$PCON$0$0                    
            0087  Fboard$P0_7$0$0                  
            0087  Fboard$PCON$0$0                  
            0087  Fdma$P0_7$0$0                    
            0087  Fdma$PCON$0$0                    
            0087  Fgpio$P0_7$0$0                   
            0087  Fgpio$PCON$0$0                   
            0087  Fgreen_led$P0_7$0$0              
            0087  Fgreen_led$PCON$0$0              
            0087  Ftime$P0_7$0$0                   
            0087  Ftime$PCON$0$0                   
            0087  Fusb$P0_7$0$0                    
            0087  Fusb$PCON$0$0                    
            0087  Fusb_cdc_acm$P0_7$0$0            
            0087  Fusb_cdc_acm$PCON$0$0            
            0087  Fvibes_lab_radio_protocol$P0_7$0$
            0087  Fvibes_lab_radio_protocol$PCON$0$
            0087  Fvibes_lab_tx_5_0$P0_7$0$0       
            0087  Fvibes_lab_tx_5_0$PCON$0$0       
            0088  Fadc$TCON$0$0                    
            0088  Fadc$_TCON_0$0$0                 
ASxxxx Linker V02.00 + NoICE + sdld,  page 12.
Hexadecimal

Area                               Addr   Size   Decimal Bytes (Attributes)
--------------------------------   ----   ----   ------- ----- ------------
.	.ABS.                            0000   0000 =      0. bytes (ABS,CON)

      Value  Global                              Global Defined In Module
      -----  ---------------------------------   ------------------------
            0088  Fboard$TCON$0$0                  
            0088  Fboard$_TCON_0$0$0               
            0088  Fdma$TCON$0$0                    
            0088  Fdma$_TCON_0$0$0                 
            0088  Fgpio$TCON$0$0                   
            0088  Fgpio$_TCON_0$0$0                
            0088  Fgreen_led$TCON$0$0              
            0088  Fgreen_led$_TCON_0$0$0           
            0088  Ftime$TCON$0$0                   
            0088  Ftime$_TCON_0$0$0                
            0088  Fusb$TCON$0$0                    
            0088  Fusb$_TCON_0$0$0                 
            0088  Fusb_cdc_acm$TCON$0$0            
            0088  Fusb_cdc_acm$_TCON_0$0$0         
            0088  Fvibes_lab_radio_protocol$TCON$0$
            0088  Fvibes_lab_radio_protocol$_TCON_0
            0088  Fvibes_lab_tx_5_0$TCON$0$0       
            0088  Fvibes_lab_tx_5_0$_TCON_0$0$0    
            0089  Fadc$P0IFG$0$0                   
            0089  Fadc$RFTXRXIF$0$0                
            0089  Fboard$P0IFG$0$0                 
            0089  Fboard$RFTXRXIF$0$0              
            0089  Fdma$P0IFG$0$0                   
            0089  Fdma$RFTXRXIF$0$0                
            0089  Fgpio$P0IFG$0$0                  
            0089  Fgpio$RFTXRXIF$0$0               
            0089  Fgreen_led$P0IFG$0$0             
            0089  Fgreen_led$RFTXRXIF$0$0          
            0089  Ftime$P0IFG$0$0                  
            0089  Ftime$RFTXRXIF$0$0               
            0089  Fusb$P0IFG$0$0                   
            0089  Fusb$RFTXRXIF$0$0                
            0089  Fusb_cdc_acm$P0IFG$0$0           
            0089  Fusb_cdc_acm$RFTXRXIF$0$0        
            0089  Fvibes_lab_radio_protocol$P0IFG$0
            0089  Fvibes_lab_radio_protocol$RFTXRXI
            0089  Fvibes_lab_tx_5_0$P0IFG$0$0      
            0089  Fvibes_lab_tx_5_0$RFTXRXIF$0$0   
            008A  Fadc$P1IFG$0$0                   
            008A  Fadc$_TCON_2$0$0                 
            008A  Fboard$P1IFG$0$0                 
            008A  Fboard$_TCON_2$0$0               
            008A  Fdma$P1IFG$0$0                   
            008A  Fdma$_TCON_2$0$0                 
            008A  Fgpio$P1IFG$0$0                  
            008A  Fgpio$_TCON_2$0$0                
            008A  Fgreen_led$P1IFG$0$0             
            008A  Fgreen_led$_TCON_2$0$0           
            008A  Ftime$P1IFG$0$0                  
            008A  Ftime$_TCON_2$0$0                
            008A  Fusb$P1IFG$0$0                   
ASxxxx Linker V02.00 + NoICE + sdld,  page 13.
Hexadecimal

Area                               Addr   Size   Decimal Bytes (Attributes)
--------------------------------   ----   ----   ------- ----- ------------
.	.ABS.                            0000   0000 =      0. bytes (ABS,CON)

      Value  Global                              Global Defined In Module
      -----  ---------------------------------   ------------------------
            008A  Fusb$_TCON_2$0$0                 
            008A  Fusb_cdc_acm$P1IFG$0$0           
            008A  Fusb_cdc_acm$_TCON_2$0$0         
            008A  Fvibes_lab_radio_protocol$P1IFG$0
            008A  Fvibes_lab_radio_protocol$_TCON_2
            008A  Fvibes_lab_tx_5_0$P1IFG$0$0      
            008A  Fvibes_lab_tx_5_0$_TCON_2$0$0    
            008B  Fadc$P2IFG$0$0                   
            008B  Fadc$URX0IF$0$0                  
            008B  Fboard$P2IFG$0$0                 
            008B  Fboard$URX0IF$0$0                
            008B  Fdma$P2IFG$0$0                   
            008B  Fdma$URX0IF$0$0                  
            008B  Fgpio$P2IFG$0$0                  
            008B  Fgpio$URX0IF$0$0                 
            008B  Fgreen_led$P2IFG$0$0             
            008B  Fgreen_led$URX0IF$0$0            
            008B  Ftime$P2IFG$0$0                  
            008B  Ftime$URX0IF$0$0                 
            008B  Fusb$P2IFG$0$0                   
            008B  Fusb$URX0IF$0$0                  
            008B  Fusb_cdc_acm$P2IFG$0$0           
            008B  Fusb_cdc_acm$URX0IF$0$0          
            008B  Fvibes_lab_radio_protocol$P2IFG$0
            008B  Fvibes_lab_radio_protocol$URX0IF$
            008B  Fvibes_lab_tx_5_0$P2IFG$0$0      
            008B  Fvibes_lab_tx_5_0$URX0IF$0$0     
            008C  Fadc$PICTL$0$0                   
            008C  Fadc$_TCON_4$0$0                 
            008C  Fboard$PICTL$0$0                 
            008C  Fboard$_TCON_4$0$0               
            008C  Fdma$PICTL$0$0                   
            008C  Fdma$_TCON_4$0$0                 
            008C  Fgpio$PICTL$0$0                  
            008C  Fgpio$_TCON_4$0$0                
            008C  Fgreen_led$PICTL$0$0             
            008C  Fgreen_led$_TCON_4$0$0           
            008C  Ftime$PICTL$0$0                  
            008C  Ftime$_TCON_4$0$0                
            008C  Fusb$PICTL$0$0                   
            008C  Fusb$_TCON_4$0$0                 
            008C  Fusb_cdc_acm$PICTL$0$0           
            008C  Fusb_cdc_acm$_TCON_4$0$0         
            008C  Fvibes_lab_radio_protocol$PICTL$0
            008C  Fvibes_lab_radio_protocol$_TCON_4
            008C  Fvibes_lab_tx_5_0$PICTL$0$0      
            008C  Fvibes_lab_tx_5_0$_TCON_4$0$0    
            008D  Fadc$ADCIF$0$0                   
            008D  Fadc$P1IEN$0$0                   
            008D  Fboard$ADCIF$0$0                 
            008D  Fboard$P1IEN$0$0                 
ASxxxx Linker V02.00 + NoICE + sdld,  page 14.
Hexadecimal

Area                               Addr   Size   Decimal Bytes (Attributes)
--------------------------------   ----   ----   ------- ----- ------------
.	.ABS.                            0000   0000 =      0. bytes (ABS,CON)

      Value  Global                              Global Defined In Module
      -----  ---------------------------------   ------------------------
            008D  Fdma$ADCIF$0$0                   
            008D  Fdma$P1IEN$0$0                   
            008D  Fgpio$ADCIF$0$0                  
            008D  Fgpio$P1IEN$0$0                  
            008D  Fgreen_led$ADCIF$0$0             
            008D  Fgreen_led$P1IEN$0$0             
            008D  Ftime$ADCIF$0$0                  
            008D  Ftime$P1IEN$0$0                  
            008D  Fusb$ADCIF$0$0                   
            008D  Fusb$P1IEN$0$0                   
            008D  Fusb_cdc_acm$ADCIF$0$0           
            008D  Fusb_cdc_acm$P1IEN$0$0           
            008D  Fvibes_lab_radio_protocol$ADCIF$0
            008D  Fvibes_lab_radio_protocol$P1IEN$0
            008D  Fvibes_lab_tx_5_0$ADCIF$0$0      
            008D  Fvibes_lab_tx_5_0$P1IEN$0$0      
            008E  Fadc$_TCON_6$0$0                 
            008E  Fboard$_TCON_6$0$0               
            008E  Fdma$_TCON_6$0$0                 
            008E  Fgpio$_TCON_6$0$0                
            008E  Fgreen_led$_TCON_6$0$0           
            008E  Ftime$_TCON_6$0$0                
            008E  Fusb$_TCON_6$0$0                 
            008E  Fusb_cdc_acm$_TCON_6$0$0         
            008E  Fvibes_lab_radio_protocol$_TCON_6
            008E  Fvibes_lab_tx_5_0$_TCON_6$0$0    
            008F  Fadc$P0INP$0$0                   
            008F  Fadc$URX1IF$0$0                  
            008F  Fboard$P0INP$0$0                 
            008F  Fboard$URX1IF$0$0                
            008F  Fdma$P0INP$0$0                   
            008F  Fdma$URX1IF$0$0                  
            008F  Fgpio$P0INP$0$0                  
            008F  Fgpio$URX1IF$0$0                 
            008F  Fgreen_led$P0INP$0$0             
            008F  Fgreen_led$URX1IF$0$0            
            008F  Ftime$P0INP$0$0                  
            008F  Ftime$URX1IF$0$0                 
            008F  Fusb$P0INP$0$0                   
            008F  Fusb$URX1IF$0$0                  
            008F  Fusb_cdc_acm$P0INP$0$0           
            008F  Fusb_cdc_acm$URX1IF$0$0          
            008F  Fvibes_lab_radio_protocol$P0INP$0
            008F  Fvibes_lab_radio_protocol$URX1IF$
            008F  Fvibes_lab_tx_5_0$P0INP$0$0      
            008F  Fvibes_lab_tx_5_0$URX1IF$0$0     
            0090  Fadc$P1$0$0                      
            0090  Fadc$P1_0$0$0                    
            0090  Fboard$P1$0$0                    
            0090  Fboard$P1_0$0$0                  
            0090  Fdma$P1$0$0                      
ASxxxx Linker V02.00 + NoICE + sdld,  page 15.
Hexadecimal

Area                               Addr   Size   Decimal Bytes (Attributes)
--------------------------------   ----   ----   ------- ----- ------------
.	.ABS.                            0000   0000 =      0. bytes (ABS,CON)

      Value  Global                              Global Defined In Module
      -----  ---------------------------------   ------------------------
            0090  Fdma$P1_0$0$0                    
            0090  Fgpio$P1$0$0                     
            0090  Fgpio$P1_0$0$0                   
            0090  Fgreen_led$P1$0$0                
            0090  Fgreen_led$P1_0$0$0              
            0090  Ftime$P1$0$0                     
            0090  Ftime$P1_0$0$0                   
            0090  Fusb$P1$0$0                      
            0090  Fusb$P1_0$0$0                    
            0090  Fusb_cdc_acm$P1$0$0              
            0090  Fusb_cdc_acm$P1_0$0$0            
            0090  Fvibes_lab_radio_protocol$P1$0$0 
            0090  Fvibes_lab_radio_protocol$P1_0$0$
            0090  Fvibes_lab_tx_5_0$P1$0$0         
            0090  Fvibes_lab_tx_5_0$P1_0$0$0       
            0091  Fadc$P1_1$0$0                    
            0091  Fadc$RFIM$0$0                    
            0091  Fboard$P1_1$0$0                  
            0091  Fboard$RFIM$0$0                  
            0091  Fdma$P1_1$0$0                    
            0091  Fdma$RFIM$0$0                    
            0091  Fgpio$P1_1$0$0                   
            0091  Fgpio$RFIM$0$0                   
            0091  Fgreen_led$P1_1$0$0              
            0091  Fgreen_led$RFIM$0$0              
            0091  Ftime$P1_1$0$0                   
            0091  Ftime$RFIM$0$0                   
            0091  Fusb$P1_1$0$0                    
            0091  Fusb$RFIM$0$0                    
            0091  Fusb_cdc_acm$P1_1$0$0            
            0091  Fusb_cdc_acm$RFIM$0$0            
            0091  Fvibes_lab_radio_protocol$P1_1$0$
            0091  Fvibes_lab_radio_protocol$RFIM$0$
            0091  Fvibes_lab_tx_5_0$P1_1$0$0       
            0091  Fvibes_lab_tx_5_0$RFIM$0$0       
            0092  Fadc$DPS$0$0                     
            0092  Fadc$P1_2$0$0                    
            0092  Fboard$DPS$0$0                   
            0092  Fboard$P1_2$0$0                  
            0092  Fdma$DPS$0$0                     
            0092  Fdma$P1_2$0$0                    
            0092  Fgpio$DPS$0$0                    
            0092  Fgpio$P1_2$0$0                   
            0092  Fgreen_led$DPS$0$0               
            0092  Fgreen_led$P1_2$0$0              
            0092  Ftime$DPS$0$0                    
            0092  Ftime$P1_2$0$0                   
            0092  Fusb$DPS$0$0                     
            0092  Fusb$P1_2$0$0                    
            0092  Fusb_cdc_acm$DPS$0$0             
            0092  Fusb_cdc_acm$P1_2$0$0            
ASxxxx Linker V02.00 + NoICE + sdld,  page 16.
Hexadecimal

Area                               Addr   Size   Decimal Bytes (Attributes)
--------------------------------   ----   ----   ------- ----- ------------
.	.ABS.                            0000   0000 =      0. bytes (ABS,CON)

      Value  Global                              Global Defined In Module
      -----  ---------------------------------   ------------------------
            0092  Fvibes_lab_radio_protocol$DPS$0$0
            0092  Fvibes_lab_radio_protocol$P1_2$0$
            0092  Fvibes_lab_tx_5_0$DPS$0$0        
            0092  Fvibes_lab_tx_5_0$P1_2$0$0       
            0093  Fadc$MPAGE$0$0                   
            0093  Fadc$P1_3$0$0                    
            0093  Fboard$MPAGE$0$0                 
            0093  Fboard$P1_3$0$0                  
            0093  Fdma$MPAGE$0$0                   
            0093  Fdma$P1_3$0$0                    
            0093  Fgpio$MPAGE$0$0                  
            0093  Fgpio$P1_3$0$0                   
            0093  Fgreen_led$MPAGE$0$0             
            0093  Fgreen_led$P1_3$0$0              
            0093  Ftime$MPAGE$0$0                  
            0093  Ftime$P1_3$0$0                   
            0093  Fusb$MPAGE$0$0                   
            0093  Fusb$P1_3$0$0                    
            0093  Fusb_cdc_acm$MPAGE$0$0           
            0093  Fusb_cdc_acm$P1_3$0$0            
            0093  Fvibes_lab_radio_protocol$MPAGE$0
            0093  Fvibes_lab_radio_protocol$P1_3$0$
            0093  Fvibes_lab_tx_5_0$MPAGE$0$0      
            0093  Fvibes_lab_tx_5_0$P1_3$0$0       
            0093  __XPAGE                          
            0094  Fadc$P1_4$0$0                    
            0094  Fboard$P1_4$0$0                  
            0094  Fdma$P1_4$0$0                    
            0094  Fgpio$P1_4$0$0                   
            0094  Fgreen_led$P1_4$0$0              
            0094  Ftime$P1_4$0$0                   
            0094  Fusb$P1_4$0$0                    
            0094  Fusb_cdc_acm$P1_4$0$0            
            0094  Fvibes_lab_radio_protocol$P1_4$0$
            0094  Fvibes_lab_tx_5_0$P1_4$0$0       
            0095  Fadc$ENDIAN$0$0                  
            0095  Fadc$P1_5$0$0                    
            0095  Fboard$ENDIAN$0$0                
            0095  Fboard$P1_5$0$0                  
            0095  Fdma$ENDIAN$0$0                  
            0095  Fdma$P1_5$0$0                    
            0095  Fgpio$ENDIAN$0$0                 
            0095  Fgpio$P1_5$0$0                   
            0095  Fgreen_led$ENDIAN$0$0            
            0095  Fgreen_led$P1_5$0$0              
            0095  Ftime$ENDIAN$0$0                 
            0095  Ftime$P1_5$0$0                   
            0095  Fusb$ENDIAN$0$0                  
            0095  Fusb$P1_5$0$0                    
            0095  Fusb_cdc_acm$ENDIAN$0$0          
            0095  Fusb_cdc_acm$P1_5$0$0            
ASxxxx Linker V02.00 + NoICE + sdld,  page 17.
Hexadecimal

Area                               Addr   Size   Decimal Bytes (Attributes)
--------------------------------   ----   ----   ------- ----- ------------
.	.ABS.                            0000   0000 =      0. bytes (ABS,CON)

      Value  Global                              Global Defined In Module
      -----  ---------------------------------   ------------------------
            0095  Fvibes_lab_radio_protocol$ENDIAN$
            0095  Fvibes_lab_radio_protocol$P1_5$0$
            0095  Fvibes_lab_tx_5_0$ENDIAN$0$0     
            0095  Fvibes_lab_tx_5_0$P1_5$0$0       
            0096  Fadc$P1_6$0$0                    
            0096  Fboard$P1_6$0$0                  
            0096  Fdma$P1_6$0$0                    
            0096  Fgpio$P1_6$0$0                   
            0096  Fgreen_led$P1_6$0$0              
            0096  Ftime$P1_6$0$0                   
            0096  Fusb$P1_6$0$0                    
            0096  Fusb_cdc_acm$P1_6$0$0            
            0096  Fvibes_lab_radio_protocol$P1_6$0$
            0096  Fvibes_lab_tx_5_0$P1_6$0$0       
            0097  Fadc$P1_7$0$0                    
            0097  Fboard$P1_7$0$0                  
            0097  Fdma$P1_7$0$0                    
            0097  Fgpio$P1_7$0$0                   
            0097  Fgreen_led$P1_7$0$0              
            0097  Ftime$P1_7$0$0                   
            0097  Fusb$P1_7$0$0                    
            0097  Fusb_cdc_acm$P1_7$0$0            
            0097  Fvibes_lab_radio_protocol$P1_7$0$
            0097  Fvibes_lab_tx_5_0$P1_7$0$0       
            0098  Fadc$ENCIF_0$0$0                 
            0098  Fadc$S0CON$0$0                   
            0098  Fboard$ENCIF_0$0$0               
            0098  Fboard$S0CON$0$0                 
            0098  Fdma$ENCIF_0$0$0                 
            0098  Fdma$S0CON$0$0                   
            0098  Fgpio$ENCIF_0$0$0                
            0098  Fgpio$S0CON$0$0                  
            0098  Fgreen_led$ENCIF_0$0$0           
            0098  Fgreen_led$S0CON$0$0             
            0098  Ftime$ENCIF_0$0$0                
            0098  Ftime$S0CON$0$0                  
            0098  Fusb$ENCIF_0$0$0                 
            0098  Fusb$S0CON$0$0                   
            0098  Fusb_cdc_acm$ENCIF_0$0$0         
            0098  Fusb_cdc_acm$S0CON$0$0           
            0098  Fvibes_lab_radio_protocol$ENCIF_0
            0098  Fvibes_lab_radio_protocol$S0CON$0
            0098  Fvibes_lab_tx_5_0$ENCIF_0$0$0    
            0098  Fvibes_lab_tx_5_0$S0CON$0$0      
            0099  Fadc$ENCIF_1$0$0                 
            0099  Fboard$ENCIF_1$0$0               
            0099  Fdma$ENCIF_1$0$0                 
            0099  Fgpio$ENCIF_1$0$0                
            0099  Fgreen_led$ENCIF_1$0$0           
            0099  Ftime$ENCIF_1$0$0                
            0099  Fusb$ENCIF_1$0$0                 
ASxxxx Linker V02.00 + NoICE + sdld,  page 18.
Hexadecimal

Area                               Addr   Size   Decimal Bytes (Attributes)
--------------------------------   ----   ----   ------- ----- ------------
.	.ABS.                            0000   0000 =      0. bytes (ABS,CON)

      Value  Global                              Global Defined In Module
      -----  ---------------------------------   ------------------------
            0099  Fusb_cdc_acm$ENCIF_1$0$0         
            0099  Fvibes_lab_radio_protocol$ENCIF_1
            0099  Fvibes_lab_tx_5_0$ENCIF_1$0$0    
            009A  Fadc$IEN2$0$0                    
            009A  Fadc$_SOCON2$0$0                 
            009A  Fboard$IEN2$0$0                  
            009A  Fboard$_SOCON2$0$0               
            009A  Fdma$IEN2$0$0                    
            009A  Fdma$_SOCON2$0$0                 
            009A  Fgpio$IEN2$0$0                   
            009A  Fgpio$_SOCON2$0$0                
            009A  Fgreen_led$IEN2$0$0              
            009A  Fgreen_led$_SOCON2$0$0           
            009A  Ftime$IEN2$0$0                   
            009A  Ftime$_SOCON2$0$0                
            009A  Fusb$IEN2$0$0                    
            009A  Fusb$_SOCON2$0$0                 
            009A  Fusb_cdc_acm$IEN2$0$0            
            009A  Fusb_cdc_acm$_SOCON2$0$0         
            009A  Fvibes_lab_radio_protocol$IEN2$0$
            009A  Fvibes_lab_radio_protocol$_SOCON2
            009A  Fvibes_lab_tx_5_0$IEN2$0$0       
            009A  Fvibes_lab_tx_5_0$_SOCON2$0$0    
            009B  Fadc$S1CON$0$0                   
            009B  Fadc$_SOCON3$0$0                 
            009B  Fboard$S1CON$0$0                 
            009B  Fboard$_SOCON3$0$0               
            009B  Fdma$S1CON$0$0                   
            009B  Fdma$_SOCON3$0$0                 
            009B  Fgpio$S1CON$0$0                  
            009B  Fgpio$_SOCON3$0$0                
            009B  Fgreen_led$S1CON$0$0             
            009B  Fgreen_led$_SOCON3$0$0           
            009B  Ftime$S1CON$0$0                  
            009B  Ftime$_SOCON3$0$0                
            009B  Fusb$S1CON$0$0                   
            009B  Fusb$_SOCON3$0$0                 
            009B  Fusb_cdc_acm$S1CON$0$0           
            009B  Fusb_cdc_acm$_SOCON3$0$0         
            009B  Fvibes_lab_radio_protocol$S1CON$0
            009B  Fvibes_lab_radio_protocol$_SOCON3
            009B  Fvibes_lab_tx_5_0$S1CON$0$0      
            009B  Fvibes_lab_tx_5_0$_SOCON3$0$0    
            009C  Fadc$T2CT$0$0                    
            009C  Fadc$_SOCON4$0$0                 
            009C  Fboard$T2CT$0$0                  
            009C  Fboard$_SOCON4$0$0               
            009C  Fdma$T2CT$0$0                    
            009C  Fdma$_SOCON4$0$0                 
            009C  Fgpio$T2CT$0$0                   
            009C  Fgpio$_SOCON4$0$0                
ASxxxx Linker V02.00 + NoICE + sdld,  page 19.
Hexadecimal

Area                               Addr   Size   Decimal Bytes (Attributes)
--------------------------------   ----   ----   ------- ----- ------------
.	.ABS.                            0000   0000 =      0. bytes (ABS,CON)

      Value  Global                              Global Defined In Module
      -----  ---------------------------------   ------------------------
            009C  Fgreen_led$T2CT$0$0              
            009C  Fgreen_led$_SOCON4$0$0           
            009C  Ftime$T2CT$0$0                   
            009C  Ftime$_SOCON4$0$0                
            009C  Fusb$T2CT$0$0                    
            009C  Fusb$_SOCON4$0$0                 
            009C  Fusb_cdc_acm$T2CT$0$0            
            009C  Fusb_cdc_acm$_SOCON4$0$0         
            009C  Fvibes_lab_radio_protocol$T2CT$0$
            009C  Fvibes_lab_radio_protocol$_SOCON4
            009C  Fvibes_lab_tx_5_0$T2CT$0$0       
            009C  Fvibes_lab_tx_5_0$_SOCON4$0$0    
            009D  Fadc$T2PR$0$0                    
            009D  Fadc$_SOCON5$0$0                 
            009D  Fboard$T2PR$0$0                  
            009D  Fboard$_SOCON5$0$0               
            009D  Fdma$T2PR$0$0                    
            009D  Fdma$_SOCON5$0$0                 
            009D  Fgpio$T2PR$0$0                   
            009D  Fgpio$_SOCON5$0$0                
            009D  Fgreen_led$T2PR$0$0              
            009D  Fgreen_led$_SOCON5$0$0           
            009D  Ftime$T2PR$0$0                   
            009D  Ftime$_SOCON5$0$0                
            009D  Fusb$T2PR$0$0                    
            009D  Fusb$_SOCON5$0$0                 
            009D  Fusb_cdc_acm$T2PR$0$0            
            009D  Fusb_cdc_acm$_SOCON5$0$0         
            009D  Fvibes_lab_radio_protocol$T2PR$0$
            009D  Fvibes_lab_radio_protocol$_SOCON5
            009D  Fvibes_lab_tx_5_0$T2PR$0$0       
            009D  Fvibes_lab_tx_5_0$_SOCON5$0$0    
            009E  Fadc$T2CTL$0$0                   
            009E  Fadc$_SOCON6$0$0                 
            009E  Fboard$T2CTL$0$0                 
            009E  Fboard$_SOCON6$0$0               
            009E  Fdma$T2CTL$0$0                   
            009E  Fdma$_SOCON6$0$0                 
            009E  Fgpio$T2CTL$0$0                  
            009E  Fgpio$_SOCON6$0$0                
            009E  Fgreen_led$T2CTL$0$0             
            009E  Fgreen_led$_SOCON6$0$0           
            009E  Ftime$T2CTL$0$0                  
            009E  Ftime$_SOCON6$0$0                
            009E  Fusb$T2CTL$0$0                   
            009E  Fusb$_SOCON6$0$0                 
            009E  Fusb_cdc_acm$T2CTL$0$0           
            009E  Fusb_cdc_acm$_SOCON6$0$0         
            009E  Fvibes_lab_radio_protocol$T2CTL$0
            009E  Fvibes_lab_radio_protocol$_SOCON6
            009E  Fvibes_lab_tx_5_0$T2CTL$0$0      
ASxxxx Linker V02.00 + NoICE + sdld,  page 20.
Hexadecimal

Area                               Addr   Size   Decimal Bytes (Attributes)
--------------------------------   ----   ----   ------- ----- ------------
.	.ABS.                            0000   0000 =      0. bytes (ABS,CON)

      Value  Global                              Global Defined In Module
      -----  ---------------------------------   ------------------------
            009E  Fvibes_lab_tx_5_0$_SOCON6$0$0    
            009F  Fadc$_SOCON7$0$0                 
            009F  Fboard$_SOCON7$0$0               
            009F  Fdma$_SOCON7$0$0                 
            009F  Fgpio$_SOCON7$0$0                
            009F  Fgreen_led$_SOCON7$0$0           
            009F  Ftime$_SOCON7$0$0                
            009F  Fusb$_SOCON7$0$0                 
            009F  Fusb_cdc_acm$_SOCON7$0$0         
            009F  Fvibes_lab_radio_protocol$_SOCON7
            009F  Fvibes_lab_tx_5_0$_SOCON7$0$0    
            00A0  Fadc$P2$0$0                      
            00A0  Fadc$P2_0$0$0                    
            00A0  Fboard$P2$0$0                    
            00A0  Fboard$P2_0$0$0                  
            00A0  Fdma$P2$0$0                      
            00A0  Fdma$P2_0$0$0                    
            00A0  Fgpio$P2$0$0                     
            00A0  Fgpio$P2_0$0$0                   
            00A0  Fgreen_led$P2$0$0                
            00A0  Fgreen_led$P2_0$0$0              
            00A0  Ftime$P2$0$0                     
            00A0  Ftime$P2_0$0$0                   
            00A0  Fusb$P2$0$0                      
            00A0  Fusb$P2_0$0$0                    
            00A0  Fusb_cdc_acm$P2$0$0              
            00A0  Fusb_cdc_acm$P2_0$0$0            
            00A0  Fvibes_lab_radio_protocol$P2$0$0 
            00A0  Fvibes_lab_radio_protocol$P2_0$0$
            00A0  Fvibes_lab_tx_5_0$P2$0$0         
            00A0  Fvibes_lab_tx_5_0$P2_0$0$0       
            00A1  Fadc$P2_1$0$0                    
            00A1  Fadc$WORIRQ$0$0                  
            00A1  Fboard$P2_1$0$0                  
            00A1  Fboard$WORIRQ$0$0                
            00A1  Fdma$P2_1$0$0                    
            00A1  Fdma$WORIRQ$0$0                  
            00A1  Fgpio$P2_1$0$0                   
            00A1  Fgpio$WORIRQ$0$0                 
            00A1  Fgreen_led$P2_1$0$0              
            00A1  Fgreen_led$WORIRQ$0$0            
            00A1  Ftime$P2_1$0$0                   
            00A1  Ftime$WORIRQ$0$0                 
            00A1  Fusb$P2_1$0$0                    
            00A1  Fusb$WORIRQ$0$0                  
            00A1  Fusb_cdc_acm$P2_1$0$0            
            00A1  Fusb_cdc_acm$WORIRQ$0$0          
            00A1  Fvibes_lab_radio_protocol$P2_1$0$
            00A1  Fvibes_lab_radio_protocol$WORIRQ$
            00A1  Fvibes_lab_tx_5_0$P2_1$0$0       
            00A1  Fvibes_lab_tx_5_0$WORIRQ$0$0     
ASxxxx Linker V02.00 + NoICE + sdld,  page 21.
Hexadecimal

Area                               Addr   Size   Decimal Bytes (Attributes)
--------------------------------   ----   ----   ------- ----- ------------
.	.ABS.                            0000   0000 =      0. bytes (ABS,CON)

      Value  Global                              Global Defined In Module
      -----  ---------------------------------   ------------------------
            00A2  Fadc$P2_2$0$0                    
            00A2  Fadc$WORCTRL$0$0                 
            00A2  Fboard$P2_2$0$0                  
            00A2  Fboard$WORCTRL$0$0               
            00A2  Fdma$P2_2$0$0                    
            00A2  Fdma$WORCTRL$0$0                 
            00A2  Fgpio$P2_2$0$0                   
            00A2  Fgpio$WORCTRL$0$0                
            00A2  Fgreen_led$P2_2$0$0              
            00A2  Fgreen_led$WORCTRL$0$0           
            00A2  Ftime$P2_2$0$0                   
            00A2  Ftime$WORCTRL$0$0                
            00A2  Fusb$P2_2$0$0                    
            00A2  Fusb$WORCTRL$0$0                 
            00A2  Fusb_cdc_acm$P2_2$0$0            
            00A2  Fusb_cdc_acm$WORCTRL$0$0         
            00A2  Fvibes_lab_radio_protocol$P2_2$0$
            00A2  Fvibes_lab_radio_protocol$WORCTRL
            00A2  Fvibes_lab_tx_5_0$P2_2$0$0       
            00A2  Fvibes_lab_tx_5_0$WORCTRL$0$0    
            00A3  Fadc$P2_3$0$0                    
            00A3  Fadc$WOREVT0$0$0                 
            00A3  Fboard$P2_3$0$0                  
            00A3  Fboard$WOREVT0$0$0               
            00A3  Fdma$P2_3$0$0                    
            00A3  Fdma$WOREVT0$0$0                 
            00A3  Fgpio$P2_3$0$0                   
            00A3  Fgpio$WOREVT0$0$0                
            00A3  Fgreen_led$P2_3$0$0              
            00A3  Fgreen_led$WOREVT0$0$0           
            00A3  Ftime$P2_3$0$0                   
            00A3  Ftime$WOREVT0$0$0                
            00A3  Fusb$P2_3$0$0                    
            00A3  Fusb$WOREVT0$0$0                 
            00A3  Fusb_cdc_acm$P2_3$0$0            
            00A3  Fusb_cdc_acm$WOREVT0$0$0         
            00A3  Fvibes_lab_radio_protocol$P2_3$0$
            00A3  Fvibes_lab_radio_protocol$WOREVT0
            00A3  Fvibes_lab_tx_5_0$P2_3$0$0       
            00A3  Fvibes_lab_tx_5_0$WOREVT0$0$0    
            00A4  Fadc$P2_4$0$0                    
            00A4  Fadc$WOREVT1$0$0                 
            00A4  Fboard$P2_4$0$0                  
            00A4  Fboard$WOREVT1$0$0               
            00A4  Fdma$P2_4$0$0                    
            00A4  Fdma$WOREVT1$0$0                 
            00A4  Fgpio$P2_4$0$0                   
            00A4  Fgpio$WOREVT1$0$0                
            00A4  Fgreen_led$P2_4$0$0              
            00A4  Fgreen_led$WOREVT1$0$0           
            00A4  Ftime$P2_4$0$0                   
ASxxxx Linker V02.00 + NoICE + sdld,  page 22.
Hexadecimal

Area                               Addr   Size   Decimal Bytes (Attributes)
--------------------------------   ----   ----   ------- ----- ------------
.	.ABS.                            0000   0000 =      0. bytes (ABS,CON)

      Value  Global                              Global Defined In Module
      -----  ---------------------------------   ------------------------
            00A4  Ftime$WOREVT1$0$0                
            00A4  Fusb$P2_4$0$0                    
            00A4  Fusb$WOREVT1$0$0                 
            00A4  Fusb_cdc_acm$P2_4$0$0            
            00A4  Fusb_cdc_acm$WOREVT1$0$0         
            00A4  Fvibes_lab_radio_protocol$P2_4$0$
            00A4  Fvibes_lab_radio_protocol$WOREVT1
            00A4  Fvibes_lab_tx_5_0$P2_4$0$0       
            00A4  Fvibes_lab_tx_5_0$WOREVT1$0$0    
            00A5  Fadc$P2_5$0$0                    
            00A5  Fadc$WORTIME0$0$0                
            00A5  Fboard$P2_5$0$0                  
            00A5  Fboard$WORTIME0$0$0              
            00A5  Fdma$P2_5$0$0                    
            00A5  Fdma$WORTIME0$0$0                
            00A5  Fgpio$P2_5$0$0                   
            00A5  Fgpio$WORTIME0$0$0               
            00A5  Fgreen_led$P2_5$0$0              
            00A5  Fgreen_led$WORTIME0$0$0          
            00A5  Ftime$P2_5$0$0                   
            00A5  Ftime$WORTIME0$0$0               
            00A5  Fusb$P2_5$0$0                    
            00A5  Fusb$WORTIME0$0$0                
            00A5  Fusb_cdc_acm$P2_5$0$0            
            00A5  Fusb_cdc_acm$WORTIME0$0$0        
            00A5  Fvibes_lab_radio_protocol$P2_5$0$
            00A5  Fvibes_lab_radio_protocol$WORTIME
            00A5  Fvibes_lab_tx_5_0$P2_5$0$0       
            00A5  Fvibes_lab_tx_5_0$WORTIME0$0$0   
            00A6  Fadc$P2_6$0$0                    
            00A6  Fadc$WORTIME1$0$0                
            00A6  Fboard$P2_6$0$0                  
            00A6  Fboard$WORTIME1$0$0              
            00A6  Fdma$P2_6$0$0                    
            00A6  Fdma$WORTIME1$0$0                
            00A6  Fgpio$P2_6$0$0                   
            00A6  Fgpio$WORTIME1$0$0               
            00A6  Fgreen_led$P2_6$0$0              
            00A6  Fgreen_led$WORTIME1$0$0          
            00A6  Ftime$P2_6$0$0                   
            00A6  Ftime$WORTIME1$0$0               
            00A6  Fusb$P2_6$0$0                    
            00A6  Fusb$WORTIME1$0$0                
            00A6  Fusb_cdc_acm$P2_6$0$0            
            00A6  Fusb_cdc_acm$WORTIME1$0$0        
            00A6  Fvibes_lab_radio_protocol$P2_6$0$
            00A6  Fvibes_lab_radio_protocol$WORTIME
            00A6  Fvibes_lab_tx_5_0$P2_6$0$0       
            00A6  Fvibes_lab_tx_5_0$WORTIME1$0$0   
            00A7  Fadc$P2_7$0$0                    
            00A7  Fboard$P2_7$0$0                  
ASxxxx Linker V02.00 + NoICE + sdld,  page 23.
Hexadecimal

Area                               Addr   Size   Decimal Bytes (Attributes)
--------------------------------   ----   ----   ------- ----- ------------
.	.ABS.                            0000   0000 =      0. bytes (ABS,CON)

      Value  Global                              Global Defined In Module
      -----  ---------------------------------   ------------------------
            00A7  Fdma$P2_7$0$0                    
            00A7  Fgpio$P2_7$0$0                   
            00A7  Fgreen_led$P2_7$0$0              
            00A7  Ftime$P2_7$0$0                   
            00A7  Fusb$P2_7$0$0                    
            00A7  Fusb_cdc_acm$P2_7$0$0            
            00A7  Fvibes_lab_radio_protocol$P2_7$0$
            00A7  Fvibes_lab_tx_5_0$P2_7$0$0       
            00A8  Fadc$IEN0$0$0                    
            00A8  Fadc$RFTXRXIE$0$0                
            00A8  Fboard$IEN0$0$0                  
            00A8  Fboard$RFTXRXIE$0$0              
            00A8  Fdma$IEN0$0$0                    
            00A8  Fdma$RFTXRXIE$0$0                
            00A8  Fgpio$IEN0$0$0                   
            00A8  Fgpio$RFTXRXIE$0$0               
            00A8  Fgreen_led$IEN0$0$0              
            00A8  Fgreen_led$RFTXRXIE$0$0          
            00A8  Ftime$IEN0$0$0                   
            00A8  Ftime$RFTXRXIE$0$0               
            00A8  Fusb$IEN0$0$0                    
            00A8  Fusb$RFTXRXIE$0$0                
            00A8  Fusb_cdc_acm$IEN0$0$0            
            00A8  Fusb_cdc_acm$RFTXRXIE$0$0        
            00A8  Fvibes_lab_radio_protocol$IEN0$0$
            00A8  Fvibes_lab_radio_protocol$RFTXRXI
            00A8  Fvibes_lab_tx_5_0$IEN0$0$0       
            00A8  Fvibes_lab_tx_5_0$RFTXRXIE$0$0   
            00A9  Fadc$ADCIE$0$0                   
            00A9  Fadc$IP0$0$0                     
            00A9  Fboard$ADCIE$0$0                 
            00A9  Fboard$IP0$0$0                   
            00A9  Fdma$ADCIE$0$0                   
            00A9  Fdma$IP0$0$0                     
            00A9  Fgpio$ADCIE$0$0                  
            00A9  Fgpio$IP0$0$0                    
            00A9  Fgreen_led$ADCIE$0$0             
            00A9  Fgreen_led$IP0$0$0               
            00A9  Ftime$ADCIE$0$0                  
            00A9  Ftime$IP0$0$0                    
            00A9  Fusb$ADCIE$0$0                   
            00A9  Fusb$IP0$0$0                     
            00A9  Fusb_cdc_acm$ADCIE$0$0           
            00A9  Fusb_cdc_acm$IP0$0$0             
            00A9  Fvibes_lab_radio_protocol$ADCIE$0
            00A9  Fvibes_lab_radio_protocol$IP0$0$0
            00A9  Fvibes_lab_tx_5_0$ADCIE$0$0      
            00A9  Fvibes_lab_tx_5_0$IP0$0$0        
            00AA  Fadc$URX0IE$0$0                  
            00AA  Fboard$URX0IE$0$0                
            00AA  Fdma$URX0IE$0$0                  
ASxxxx Linker V02.00 + NoICE + sdld,  page 24.
Hexadecimal

Area                               Addr   Size   Decimal Bytes (Attributes)
--------------------------------   ----   ----   ------- ----- ------------
.	.ABS.                            0000   0000 =      0. bytes (ABS,CON)

      Value  Global                              Global Defined In Module
      -----  ---------------------------------   ------------------------
            00AA  Fgpio$URX0IE$0$0                 
            00AA  Fgreen_led$URX0IE$0$0            
            00AA  Ftime$URX0IE$0$0                 
            00AA  Fusb$URX0IE$0$0                  
            00AA  Fusb_cdc_acm$URX0IE$0$0          
            00AA  Fvibes_lab_radio_protocol$URX0IE$
            00AA  Fvibes_lab_tx_5_0$URX0IE$0$0     
            00AB  Fadc$FWT$0$0                     
            00AB  Fadc$URX1IE$0$0                  
            00AB  Fboard$FWT$0$0                   
            00AB  Fboard$URX1IE$0$0                
            00AB  Fdma$FWT$0$0                     
            00AB  Fdma$URX1IE$0$0                  
            00AB  Fgpio$FWT$0$0                    
            00AB  Fgpio$URX1IE$0$0                 
            00AB  Fgreen_led$FWT$0$0               
            00AB  Fgreen_led$URX1IE$0$0            
            00AB  Ftime$FWT$0$0                    
            00AB  Ftime$URX1IE$0$0                 
            00AB  Fusb$FWT$0$0                     
            00AB  Fusb$URX1IE$0$0                  
            00AB  Fusb_cdc_acm$FWT$0$0             
            00AB  Fusb_cdc_acm$URX1IE$0$0          
            00AB  Fvibes_lab_radio_protocol$FWT$0$0
            00AB  Fvibes_lab_radio_protocol$URX1IE$
            00AB  Fvibes_lab_tx_5_0$FWT$0$0        
            00AB  Fvibes_lab_tx_5_0$URX1IE$0$0     
            00AC  Fadc$ENCIE$0$0                   
            00AC  Fadc$FADDRL$0$0                  
            00AC  Fboard$ENCIE$0$0                 
            00AC  Fboard$FADDRL$0$0                
            00AC  Fdma$ENCIE$0$0                   
            00AC  Fdma$FADDRL$0$0                  
            00AC  Fgpio$ENCIE$0$0                  
            00AC  Fgpio$FADDRL$0$0                 
            00AC  Fgreen_led$ENCIE$0$0             
            00AC  Fgreen_led$FADDRL$0$0            
            00AC  Ftime$ENCIE$0$0                  
            00AC  Ftime$FADDRL$0$0                 
            00AC  Fusb$ENCIE$0$0                   
            00AC  Fusb$FADDRL$0$0                  
            00AC  Fusb_cdc_acm$ENCIE$0$0           
            00AC  Fusb_cdc_acm$FADDRL$0$0          
            00AC  Fvibes_lab_radio_protocol$ENCIE$0
            00AC  Fvibes_lab_radio_protocol$FADDRL$
            00AC  Fvibes_lab_tx_5_0$ENCIE$0$0      
            00AC  Fvibes_lab_tx_5_0$FADDRL$0$0     
            00AD  Fadc$FADDRH$0$0                  
            00AD  Fadc$STIE$0$0                    
            00AD  Fboard$FADDRH$0$0                
            00AD  Fboard$STIE$0$0                  
ASxxxx Linker V02.00 + NoICE + sdld,  page 25.
Hexadecimal

Area                               Addr   Size   Decimal Bytes (Attributes)
--------------------------------   ----   ----   ------- ----- ------------
.	.ABS.                            0000   0000 =      0. bytes (ABS,CON)

      Value  Global                              Global Defined In Module
      -----  ---------------------------------   ------------------------
            00AD  Fdma$FADDRH$0$0                  
            00AD  Fdma$STIE$0$0                    
            00AD  Fgpio$FADDRH$0$0                 
            00AD  Fgpio$STIE$0$0                   
            00AD  Fgreen_led$FADDRH$0$0            
            00AD  Fgreen_led$STIE$0$0              
            00AD  Ftime$FADDRH$0$0                 
            00AD  Ftime$STIE$0$0                   
            00AD  Fusb$FADDRH$0$0                  
            00AD  Fusb$STIE$0$0                    
            00AD  Fusb_cdc_acm$FADDRH$0$0          
            00AD  Fusb_cdc_acm$STIE$0$0            
            00AD  Fvibes_lab_radio_protocol$FADDRH$
            00AD  Fvibes_lab_radio_protocol$STIE$0$
            00AD  Fvibes_lab_tx_5_0$FADDRH$0$0     
            00AD  Fvibes_lab_tx_5_0$STIE$0$0       
            00AE  Fadc$FCTL$0$0                    
            00AE  Fadc$_IEN06$0$0                  
            00AE  Fboard$FCTL$0$0                  
            00AE  Fboard$_IEN06$0$0                
            00AE  Fdma$FCTL$0$0                    
            00AE  Fdma$_IEN06$0$0                  
            00AE  Fgpio$FCTL$0$0                   
            00AE  Fgpio$_IEN06$0$0                 
            00AE  Fgreen_led$FCTL$0$0              
            00AE  Fgreen_led$_IEN06$0$0            
            00AE  Ftime$FCTL$0$0                   
            00AE  Ftime$_IEN06$0$0                 
            00AE  Fusb$FCTL$0$0                    
            00AE  Fusb$_IEN06$0$0                  
            00AE  Fusb_cdc_acm$FCTL$0$0            
            00AE  Fusb_cdc_acm$_IEN06$0$0          
            00AE  Fvibes_lab_radio_protocol$FCTL$0$
            00AE  Fvibes_lab_radio_protocol$_IEN06$
            00AE  Fvibes_lab_tx_5_0$FCTL$0$0       
            00AE  Fvibes_lab_tx_5_0$_IEN06$0$0     
            00AF  Fadc$EA$0$0                      
            00AF  Fadc$FWDATA$0$0                  
            00AF  Fboard$EA$0$0                    
            00AF  Fboard$FWDATA$0$0                
            00AF  Fdma$EA$0$0                      
            00AF  Fdma$FWDATA$0$0                  
            00AF  Fgpio$EA$0$0                     
            00AF  Fgpio$FWDATA$0$0                 
            00AF  Fgreen_led$EA$0$0                
            00AF  Fgreen_led$FWDATA$0$0            
            00AF  Ftime$EA$0$0                     
            00AF  Ftime$FWDATA$0$0                 
            00AF  Fusb$EA$0$0                      
            00AF  Fusb$FWDATA$0$0                  
            00AF  Fusb_cdc_acm$EA$0$0              
ASxxxx Linker V02.00 + NoICE + sdld,  page 26.
Hexadecimal

Area                               Addr   Size   Decimal Bytes (Attributes)
--------------------------------   ----   ----   ------- ----- ------------
.	.ABS.                            0000   0000 =      0. bytes (ABS,CON)

      Value  Global                              Global Defined In Module
      -----  ---------------------------------   ------------------------
            00AF  Fusb_cdc_acm$FWDATA$0$0          
            00AF  Fvibes_lab_radio_protocol$EA$0$0 
            00AF  Fvibes_lab_radio_protocol$FWDATA$
            00AF  Fvibes_lab_tx_5_0$EA$0$0         
            00AF  Fvibes_lab_tx_5_0$FWDATA$0$0     
            00B1  Fadc$ENCDI$0$0                   
            00B1  Fboard$ENCDI$0$0                 
            00B1  Fdma$ENCDI$0$0                   
            00B1  Fgpio$ENCDI$0$0                  
            00B1  Fgreen_led$ENCDI$0$0             
            00B1  Ftime$ENCDI$0$0                  
            00B1  Fusb$ENCDI$0$0                   
            00B1  Fusb_cdc_acm$ENCDI$0$0           
            00B1  Fvibes_lab_radio_protocol$ENCDI$0
            00B1  Fvibes_lab_tx_5_0$ENCDI$0$0      
            00B2  Fadc$ENCDO$0$0                   
            00B2  Fboard$ENCDO$0$0                 
            00B2  Fdma$ENCDO$0$0                   
            00B2  Fgpio$ENCDO$0$0                  
            00B2  Fgreen_led$ENCDO$0$0             
            00B2  Ftime$ENCDO$0$0                  
            00B2  Fusb$ENCDO$0$0                   
            00B2  Fusb_cdc_acm$ENCDO$0$0           
            00B2  Fvibes_lab_radio_protocol$ENCDO$0
            00B2  Fvibes_lab_tx_5_0$ENCDO$0$0      
            00B3  Fadc$ENCCS$0$0                   
            00B3  Fboard$ENCCS$0$0                 
            00B3  Fdma$ENCCS$0$0                   
            00B3  Fgpio$ENCCS$0$0                  
            00B3  Fgreen_led$ENCCS$0$0             
            00B3  Ftime$ENCCS$0$0                  
            00B3  Fusb$ENCCS$0$0                   
            00B3  Fusb_cdc_acm$ENCCS$0$0           
            00B3  Fvibes_lab_radio_protocol$ENCCS$0
            00B3  Fvibes_lab_tx_5_0$ENCCS$0$0      
            00B4  Fadc$ADCCON1$0$0                 
            00B4  Fboard$ADCCON1$0$0               
            00B4  Fdma$ADCCON1$0$0                 
            00B4  Fgpio$ADCCON1$0$0                
            00B4  Fgreen_led$ADCCON1$0$0           
            00B4  Ftime$ADCCON1$0$0                
            00B4  Fusb$ADCCON1$0$0                 
            00B4  Fusb_cdc_acm$ADCCON1$0$0         
            00B4  Fvibes_lab_radio_protocol$ADCCON1
            00B4  Fvibes_lab_tx_5_0$ADCCON1$0$0    
            00B5  Fadc$ADCCON2$0$0                 
            00B5  Fboard$ADCCON2$0$0               
            00B5  Fdma$ADCCON2$0$0                 
            00B5  Fgpio$ADCCON2$0$0                
            00B5  Fgreen_led$ADCCON2$0$0           
            00B5  Ftime$ADCCON2$0$0                
ASxxxx Linker V02.00 + NoICE + sdld,  page 27.
Hexadecimal

Area                               Addr   Size   Decimal Bytes (Attributes)
--------------------------------   ----   ----   ------- ----- ------------
.	.ABS.                            0000   0000 =      0. bytes (ABS,CON)

      Value  Global                              Global Defined In Module
      -----  ---------------------------------   ------------------------
            00B5  Fusb$ADCCON2$0$0                 
            00B5  Fusb_cdc_acm$ADCCON2$0$0         
            00B5  Fvibes_lab_radio_protocol$ADCCON2
            00B5  Fvibes_lab_tx_5_0$ADCCON2$0$0    
            00B6  Fadc$ADCCON3$0$0                 
            00B6  Fboard$ADCCON3$0$0               
            00B6  Fdma$ADCCON3$0$0                 
            00B6  Fgpio$ADCCON3$0$0                
            00B6  Fgreen_led$ADCCON3$0$0           
            00B6  Ftime$ADCCON3$0$0                
            00B6  Fusb$ADCCON3$0$0                 
            00B6  Fusb_cdc_acm$ADCCON3$0$0         
            00B6  Fvibes_lab_radio_protocol$ADCCON3
            00B6  Fvibes_lab_tx_5_0$ADCCON3$0$0    
            00B8  Fadc$DMAIE$0$0                   
            00B8  Fadc$IEN1$0$0                    
            00B8  Fboard$DMAIE$0$0                 
            00B8  Fboard$IEN1$0$0                  
            00B8  Fdma$DMAIE$0$0                   
            00B8  Fdma$IEN1$0$0                    
            00B8  Fgpio$DMAIE$0$0                  
            00B8  Fgpio$IEN1$0$0                   
            00B8  Fgreen_led$DMAIE$0$0             
            00B8  Fgreen_led$IEN1$0$0              
            00B8  Ftime$DMAIE$0$0                  
            00B8  Ftime$IEN1$0$0                   
            00B8  Fusb$DMAIE$0$0                   
            00B8  Fusb$IEN1$0$0                    
            00B8  Fusb_cdc_acm$DMAIE$0$0           
            00B8  Fusb_cdc_acm$IEN1$0$0            
            00B8  Fvibes_lab_radio_protocol$DMAIE$0
            00B8  Fvibes_lab_radio_protocol$IEN1$0$
            00B8  Fvibes_lab_tx_5_0$DMAIE$0$0      
            00B8  Fvibes_lab_tx_5_0$IEN1$0$0       
            00B9  Fadc$IP1$0$0                     
            00B9  Fadc$T1IE$0$0                    
            00B9  Fboard$IP1$0$0                   
            00B9  Fboard$T1IE$0$0                  
            00B9  Fdma$IP1$0$0                     
            00B9  Fdma$T1IE$0$0                    
            00B9  Fgpio$IP1$0$0                    
            00B9  Fgpio$T1IE$0$0                   
            00B9  Fgreen_led$IP1$0$0               
            00B9  Fgreen_led$T1IE$0$0              
            00B9  Ftime$IP1$0$0                    
            00B9  Ftime$T1IE$0$0                   
            00B9  Fusb$IP1$0$0                     
            00B9  Fusb$T1IE$0$0                    
            00B9  Fusb_cdc_acm$IP1$0$0             
            00B9  Fusb_cdc_acm$T1IE$0$0            
            00B9  Fvibes_lab_radio_protocol$IP1$0$0
ASxxxx Linker V02.00 + NoICE + sdld,  page 28.
Hexadecimal

Area                               Addr   Size   Decimal Bytes (Attributes)
--------------------------------   ----   ----   ------- ----- ------------
.	.ABS.                            0000   0000 =      0. bytes (ABS,CON)

      Value  Global                              Global Defined In Module
      -----  ---------------------------------   ------------------------
            00B9  Fvibes_lab_radio_protocol$T1IE$0$
            00B9  Fvibes_lab_tx_5_0$IP1$0$0        
            00B9  Fvibes_lab_tx_5_0$T1IE$0$0       
            00BA  Fadc$ADCL$0$0                    
            00BA  Fadc$T2IE$0$0                    
            00BA  Fboard$ADCL$0$0                  
            00BA  Fboard$T2IE$0$0                  
            00BA  Fdma$ADCL$0$0                    
            00BA  Fdma$T2IE$0$0                    
            00BA  Fgpio$ADCL$0$0                   
            00BA  Fgpio$T2IE$0$0                   
            00BA  Fgreen_led$ADCL$0$0              
            00BA  Fgreen_led$T2IE$0$0              
            00BA  Ftime$ADCL$0$0                   
            00BA  Ftime$T2IE$0$0                   
            00BA  Fusb$ADCL$0$0                    
            00BA  Fusb$T2IE$0$0                    
            00BA  Fusb_cdc_acm$ADCL$0$0            
            00BA  Fusb_cdc_acm$T2IE$0$0            
            00BA  Fvibes_lab_radio_protocol$ADCL$0$
            00BA  Fvibes_lab_radio_protocol$T2IE$0$
            00BA  Fvibes_lab_tx_5_0$ADCL$0$0       
            00BA  Fvibes_lab_tx_5_0$T2IE$0$0       
            00BB  Fadc$ADCH$0$0                    
            00BB  Fadc$T3IE$0$0                    
            00BB  Fboard$ADCH$0$0                  
            00BB  Fboard$T3IE$0$0                  
            00BB  Fdma$ADCH$0$0                    
            00BB  Fdma$T3IE$0$0                    
            00BB  Fgpio$ADCH$0$0                   
            00BB  Fgpio$T3IE$0$0                   
            00BB  Fgreen_led$ADCH$0$0              
            00BB  Fgreen_led$T3IE$0$0              
            00BB  Ftime$ADCH$0$0                   
            00BB  Ftime$T3IE$0$0                   
            00BB  Fusb$ADCH$0$0                    
            00BB  Fusb$T3IE$0$0                    
            00BB  Fusb_cdc_acm$ADCH$0$0            
            00BB  Fusb_cdc_acm$T3IE$0$0            
            00BB  Fvibes_lab_radio_protocol$ADCH$0$
            00BB  Fvibes_lab_radio_protocol$T3IE$0$
            00BB  Fvibes_lab_tx_5_0$ADCH$0$0       
            00BB  Fvibes_lab_tx_5_0$T3IE$0$0       
            00BC  Fadc$RNDL$0$0                    
            00BC  Fadc$T4IE$0$0                    
            00BC  Fboard$RNDL$0$0                  
            00BC  Fboard$T4IE$0$0                  
            00BC  Fdma$RNDL$0$0                    
            00BC  Fdma$T4IE$0$0                    
            00BC  Fgpio$RNDL$0$0                   
            00BC  Fgpio$T4IE$0$0                   
ASxxxx Linker V02.00 + NoICE + sdld,  page 29.
Hexadecimal

Area                               Addr   Size   Decimal Bytes (Attributes)
--------------------------------   ----   ----   ------- ----- ------------
.	.ABS.                            0000   0000 =      0. bytes (ABS,CON)

      Value  Global                              Global Defined In Module
      -----  ---------------------------------   ------------------------
            00BC  Fgreen_led$RNDL$0$0              
            00BC  Fgreen_led$T4IE$0$0              
            00BC  Ftime$RNDL$0$0                   
            00BC  Ftime$T4IE$0$0                   
            00BC  Fusb$RNDL$0$0                    
            00BC  Fusb$T4IE$0$0                    
            00BC  Fusb_cdc_acm$RNDL$0$0            
            00BC  Fusb_cdc_acm$T4IE$0$0            
            00BC  Fvibes_lab_radio_protocol$RNDL$0$
            00BC  Fvibes_lab_radio_protocol$T4IE$0$
            00BC  Fvibes_lab_tx_5_0$RNDL$0$0       
            00BC  Fvibes_lab_tx_5_0$T4IE$0$0       
            00BD  Fadc$P0IE$0$0                    
            00BD  Fadc$RNDH$0$0                    
            00BD  Fboard$P0IE$0$0                  
            00BD  Fboard$RNDH$0$0                  
            00BD  Fdma$P0IE$0$0                    
            00BD  Fdma$RNDH$0$0                    
            00BD  Fgpio$P0IE$0$0                   
            00BD  Fgpio$RNDH$0$0                   
            00BD  Fgreen_led$P0IE$0$0              
            00BD  Fgreen_led$RNDH$0$0              
            00BD  Ftime$P0IE$0$0                   
            00BD  Ftime$RNDH$0$0                   
            00BD  Fusb$P0IE$0$0                    
            00BD  Fusb$RNDH$0$0                    
            00BD  Fusb_cdc_acm$P0IE$0$0            
            00BD  Fusb_cdc_acm$RNDH$0$0            
            00BD  Fvibes_lab_radio_protocol$P0IE$0$
            00BD  Fvibes_lab_radio_protocol$RNDH$0$
            00BD  Fvibes_lab_tx_5_0$P0IE$0$0       
            00BD  Fvibes_lab_tx_5_0$RNDH$0$0       
            00BE  Fadc$SLEEP$0$0                   
            00BE  Fadc$_IEN16$0$0                  
            00BE  Fboard$SLEEP$0$0                 
            00BE  Fboard$_IEN16$0$0                
            00BE  Fdma$SLEEP$0$0                   
            00BE  Fdma$_IEN16$0$0                  
            00BE  Fgpio$SLEEP$0$0                  
            00BE  Fgpio$_IEN16$0$0                 
            00BE  Fgreen_led$SLEEP$0$0             
            00BE  Fgreen_led$_IEN16$0$0            
            00BE  Ftime$SLEEP$0$0                  
            00BE  Ftime$_IEN16$0$0                 
            00BE  Fusb$SLEEP$0$0                   
            00BE  Fusb$_IEN16$0$0                  
            00BE  Fusb_cdc_acm$SLEEP$0$0           
            00BE  Fusb_cdc_acm$_IEN16$0$0          
            00BE  Fvibes_lab_radio_protocol$SLEEP$0
            00BE  Fvibes_lab_radio_protocol$_IEN16$
            00BE  Fvibes_lab_tx_5_0$SLEEP$0$0      
ASxxxx Linker V02.00 + NoICE + sdld,  page 30.
Hexadecimal

Area                               Addr   Size   Decimal Bytes (Attributes)
--------------------------------   ----   ----   ------- ----- ------------
.	.ABS.                            0000   0000 =      0. bytes (ABS,CON)

      Value  Global                              Global Defined In Module
      -----  ---------------------------------   ------------------------
            00BE  Fvibes_lab_tx_5_0$_IEN16$0$0     
            00BF  Fadc$_IEN17$0$0                  
            00BF  Fboard$_IEN17$0$0                
            00BF  Fdma$_IEN17$0$0                  
            00BF  Fgpio$_IEN17$0$0                 
            00BF  Fgreen_led$_IEN17$0$0            
            00BF  Ftime$_IEN17$0$0                 
            00BF  Fusb$_IEN17$0$0                  
            00BF  Fusb_cdc_acm$_IEN17$0$0          
            00BF  Fvibes_lab_radio_protocol$_IEN17$
            00BF  Fvibes_lab_tx_5_0$_IEN17$0$0     
            00C0  Fadc$DMAIF$0$0                   
            00C0  Fadc$IRCON$0$0                   
            00C0  Fboard$DMAIF$0$0                 
            00C0  Fboard$IRCON$0$0                 
            00C0  Fdma$DMAIF$0$0                   
            00C0  Fdma$IRCON$0$0                   
            00C0  Fgpio$DMAIF$0$0                  
            00C0  Fgpio$IRCON$0$0                  
            00C0  Fgreen_led$DMAIF$0$0             
            00C0  Fgreen_led$IRCON$0$0             
            00C0  Ftime$DMAIF$0$0                  
            00C0  Ftime$IRCON$0$0                  
            00C0  Fusb$DMAIF$0$0                   
            00C0  Fusb$IRCON$0$0                   
            00C0  Fusb_cdc_acm$DMAIF$0$0           
            00C0  Fusb_cdc_acm$IRCON$0$0           
            00C0  Fvibes_lab_radio_protocol$DMAIF$0
            00C0  Fvibes_lab_radio_protocol$IRCON$0
            00C0  Fvibes_lab_tx_5_0$DMAIF$0$0      
            00C0  Fvibes_lab_tx_5_0$IRCON$0$0      
            00C1  Fadc$T1IF$0$0                    
            00C1  Fadc$U0DBUF$0$0                  
            00C1  Fboard$T1IF$0$0                  
            00C1  Fboard$U0DBUF$0$0                
            00C1  Fdma$T1IF$0$0                    
            00C1  Fdma$U0DBUF$0$0                  
            00C1  Fgpio$T1IF$0$0                   
            00C1  Fgpio$U0DBUF$0$0                 
            00C1  Fgreen_led$T1IF$0$0              
            00C1  Fgreen_led$U0DBUF$0$0            
            00C1  Ftime$T1IF$0$0                   
            00C1  Ftime$U0DBUF$0$0                 
            00C1  Fusb$T1IF$0$0                    
            00C1  Fusb$U0DBUF$0$0                  
            00C1  Fusb_cdc_acm$T1IF$0$0            
            00C1  Fusb_cdc_acm$U0DBUF$0$0          
            00C1  Fvibes_lab_radio_protocol$T1IF$0$
            00C1  Fvibes_lab_radio_protocol$U0DBUF$
            00C1  Fvibes_lab_tx_5_0$T1IF$0$0       
            00C1  Fvibes_lab_tx_5_0$U0DBUF$0$0     
ASxxxx Linker V02.00 + NoICE + sdld,  page 31.
Hexadecimal

Area                               Addr   Size   Decimal Bytes (Attributes)
--------------------------------   ----   ----   ------- ----- ------------
.	.ABS.                            0000   0000 =      0. bytes (ABS,CON)

      Value  Global                              Global Defined In Module
      -----  ---------------------------------   ------------------------
            00C2  Fadc$T2IF$0$0                    
            00C2  Fadc$U0BAUD$0$0                  
            00C2  Fboard$T2IF$0$0                  
            00C2  Fboard$U0BAUD$0$0                
            00C2  Fdma$T2IF$0$0                    
            00C2  Fdma$U0BAUD$0$0                  
            00C2  Fgpio$T2IF$0$0                   
[...]
       0C:  183D  A$gpio$873                       
       0C:  1840  A$gpio$874                       
       0C:  1841  A$gpio$876                       
       0C:  1843  A$gpio$877                       
       0C:  1845  A$gpio$878                       
       0C:  1848  A$gpio$879                       
       0C:  1849  A$gpio$881                       
       0C:  184B  A$gpio$882                       
       0C:  184D  A$gpio$883                       
       0C:  1850  A$gpio$884                       
       0C:  1851  A$gpio$886                       
       0C:  1853  A$gpio$887                       
       0C:  1855  A$gpio$888                       
       0C:  1858  A$gpio$889                       
       0C:  1859  A$gpio$891                       
       0C:  185B  A$gpio$892                       
       0C:  185D  A$gpio$893                       
       0C:  1860  A$gpio$894                       
       0C:  1861  A$gpio$896                       
       0C:  1863  A$gpio$897                       
       0C:  1865  A$gpio$898                       
       0C:  1868  A$gpio$899                       
       0C:  1869  A$gpio$901                       
       0C:  186B  A$gpio$902                       
       0C:  186D  A$gpio$903                       
       0C:  1870  A$gpio$904                       
       0C:  1871  A$gpio$906                       
       0C:  1873  A$gpio$907                       
       0C:  1875  A$gpio$908                       
       0C:  1878  A$gpio$909                       
       0C:  1879  A$gpio$911                       
       0C:  187B  A$gpio$912                       
       0C:  187D  A$gpio$913                       
       0C:  1880  A$gpio$914                       
       0C:  1881  A$gpio$916                       
       0C:  1883  A$gpio$917                       
       0C:  1885  A$gpio$918                       
       0C:  1888  A$gpio$922                       
       0C:  1888  C$gpio.c$39$1$1                  
ASxxxx Linker V02.00 + NoICE + sdld,  page 166.
Hexadecimal

Area                               Addr   Size   Decimal Bytes (Attributes)
--------------------------------   ----   ----   ------- ----- ------------
CSEG                               051D   157D =   5501. bytes (REL,CON,CODE)

      Value  Global                              Global Defined In Module
      -----  ---------------------------------   ------------------------
       0C:  1888  XG$setDigitalOutput$0$0          
       0C:  1889  A$gpio$936                       
       0C:  1889  C$gpio.c$41$1$1                  
       0C:  1889  G$setDigitalInput$0$0            
       0C:  1889  _setDigitalInput                 
       0C:  188B  A$gpio$939                       
       0C:  188B  C$gpio.c$43$1$1                  
       0C:  188D  A$gpio$940                       
       0C:  1890  A$gpio$942                       
       0C:  1892  A$gpio$943                       
       0C:  1893  A$gpio$945                       
       0C:  1894  A$gpio$946                       
       0C:  1896  A$gpio$947                       
       0C:  1897  A$gpio$948                       
       0C:  1899  A$gpio$949                       
       0C:  189A  A$gpio$950                       
       0C:  189C  A$gpio$951                       
       0C:  189D  A$gpio$952                       
       0C:  189F  A$gpio$953                       
       0C:  18D2  A$gpio$1007                      
       0C:  18D5  A$gpio$1008                      
       0C:  18D8  A$gpio$1009                      
       0C:  18DA  A$gpio$1011                      
       0C:  18DD  A$gpio$1013                      
       0C:  18E0  A$gpio$1014                      
       0C:  18E1  A$gpio$1016                      
       0C:  18E4  A$gpio$1017                      
       0C:  18E7  A$gpio$1018                      
       0C:  18E9  A$gpio$1020                      
       0C:  18EC  A$gpio$1022                      
       0C:  18EF  A$gpio$1023                      
       0C:  18F0  A$gpio$1025                      
       0C:  18F3  A$gpio$1026                      
       0C:  18F6  A$gpio$1027                      
       0C:  18F8  A$gpio$1029                      
       0C:  18FB  A$gpio$1031                      
       0C:  18FE  A$gpio$1032                      
       0C:  18FF  A$gpio$1034                      
       0C:  1902  A$gpio$1035                      
       0C:  1905  A$gpio$1036                      
       0C:  1907  A$gpio$1038                      
       0C:  190A  A$gpio$1040                      
       0C:  190D  A$gpio$1041                      
       0C:  190E  A$gpio$1043                      
       0C:  1911  A$gpio$1044                      
       0C:  1914  A$gpio$1045                      
       0C:  1916  A$gpio$1047                      
       0C:  1919  A$gpio$1049                      
       0C:  191C  A$gpio$1050                      
       0C:  191D  A$gpio$1052                      
       0C:  1920  A$gpio$1053                      
ASxxxx Linker V02.00 + NoICE + sdld,  page 167.
Hexadecimal

Area                               Addr   Size   Decimal Bytes (Attributes)
--------------------------------   ----   ----   ------- ----- ------------
CSEG                               051D   157D =   5501. bytes (REL,CON,CODE)

      Value  Global                              Global Defined In Module
      -----  ---------------------------------   ------------------------
       0C:  1923  A$gpio$1054                      
       0C:  1925  A$gpio$1056                      
       0C:  1928  A$gpio$1058                      
       0C:  192B  A$gpio$1059                      
       0C:  192C  A$gpio$1061                      
       0C:  192F  A$gpio$1062                      
       0C:  1932  A$gpio$1063                      
       0C:  1934  A$gpio$1065                      
       0C:  1937  A$gpio$1067                      
       0C:  193A  A$gpio$1068                      
       0C:  193B  A$gpio$1070                      
       0C:  193E  A$gpio$1071                      
       0C:  1941  A$gpio$1072                      
       0C:  1943  A$gpio$1074                      
       0C:  1946  A$gpio$1076                      
       0C:  1949  A$gpio$1077                      
       0C:  194A  A$gpio$1079                      
       0C:  194D  A$gpio$1080                      
       0C:  1950  A$gpio$1081                      
       0C:  1952  A$gpio$1083                      
       0C:  1955  A$gpio$1085                      
       0C:  1958  A$gpio$1086                      
       0C:  1959  A$gpio$1088                      
       0C:  195C  A$gpio$1089                      
       0C:  195F  A$gpio$1090                      
       0C:  1961  A$gpio$1092                      
       0C:  1964  A$gpio$1094                      
       0C:  1967  A$gpio$1095                      
       0C:  1968  A$gpio$1097                      
       0C:  196B  A$gpio$1098                      
       0C:  196E  A$gpio$1099                      
       0C:  1970  A$gpio$1101                      
       0C:  1973  A$gpio$1103                      
       0C:  1976  A$gpio$1104                      
       0C:  1977  A$gpio$1106                      
       0C:  197A  A$gpio$1107                      
       0C:  197D  A$gpio$1108                      
       0C:  197F  A$gpio$1110                      
       0C:  1982  A$gpio$1112                      
       0C:  1985  A$gpio$1113                      
       0C:  1986  A$gpio$1115                      
       0C:  1989  A$gpio$1116                      
       0C:  198C  A$gpio$1117                      
       0C:  198E  A$gpio$1119                      
       0C:  1991  A$gpio$1121                      
       0C:  1994  A$gpio$1122                      
       0C:  1995  A$gpio$1124                      
       0C:  1998  A$gpio$1125                      
       0C:  199B  A$gpio$1126                      
       0C:  199D  A$gpio$1128                      
       0C:  19A0  A$gpio$1130                      
ASxxxx Linker V02.00 + NoICE + sdld,  page 168.
Hexadecimal

Area                               Addr   Size   Decimal Bytes (Attributes)
--------------------------------   ----   ----   ------- ----- ------------
CSEG                               051D   157D =   5501. bytes (REL,CON,CODE)

      Value  Global                              Global Defined In Module
      -----  ---------------------------------   ------------------------
       0C:  19A3  A$gpio$1131                      
       0C:  19A4  A$gpio$1133                      
       0C:  19A7  A$gpio$1134                      
       0C:  19AA  A$gpio$1135                      
       0C:  19AC  A$gpio$1137                      
       0C:  19AF  A$gpio$1139                      
       0C:  19B2  A$gpio$1140                      
       0C:  19B3  A$gpio$1142                      
       0C:  19B6  A$gpio$1143                      
       0C:  19B9  A$gpio$1144                      
       0C:  19BB  A$gpio$1146                      
       0C:  19BE  A$gpio$1148                      
       0C:  19C1  A$gpio$1149                      
       0C:  19C2  A$gpio$1151                      
       0C:  19C5  A$gpio$1152                      
       0C:  19C8  A$gpio$1153                      
       0C:  19CA  A$gpio$1155                      
       0C:  19CD  A$gpio$1157                      
       0C:  19D0  A$gpio$1158                      
       0C:  19D1  A$gpio$1160                      
       0C:  19D4  A$gpio$1161                      
       0C:  19D7  A$gpio$1162                      
       0C:  19D9  A$gpio$1164                      
       0C:  19DC  A$gpio$1166                      
       0C:  19DF  A$gpio$1167                      
       0C:  19E0  A$gpio$1169                      
       0C:  19E3  A$gpio$1170                      
       0C:  19E6  A$gpio$1171                      
       0C:  19E8  A$gpio$1173                      
       0C:  19EB  A$gpio$1175                      
       0C:  19EE  A$gpio$1179                      
       0C:  19EE  C$gpio.c$44$1$1                  
       0C:  19EE  XG$setDigitalInput$0$0           
       0C:  19EF  A$gpio$1192                      
       0C:  19EF  C$gpio.c$46$1$1                  
       0C:  19EF  G$isPinHigh$0$0                  
       0C:  19EF  _isPinHigh                       
       0C:  19F1  A$gpio$1195                      
       0C:  19F1  C$gpio.c$48$1$1                  
       0C:  19F3  A$gpio$1196                      
       0C:  19F6  A$gpio$1198                      
       0C:  19F8  A$gpio$1199                      
       0C:  19FB  A$gpio$1201                      
       0C:  19FC  A$gpio$1202                      
       0C:  19FE  A$gpio$1203                      
       0C:  19FF  A$gpio$1204                      
       0C:  1A01  A$gpio$1205                      
       0C:  1A02  A$gpio$1206                      
       0C:  1A04  A$gpio$1207                      
       0C:  1A05  A$gpio$1208                      
       0C:  1A07  A$gpio$1209                      
ASxxxx Linker V02.00 + NoICE + sdld,  page 169.
Hexadecimal

Area                               Addr   Size   Decimal Bytes (Attributes)
--------------------------------   ----   ----   ------- ----- ------------
CSEG                               051D   157D =   5501. bytes (REL,CON,CODE)

      Value  Global                              Global Defined In Module
      -----  ---------------------------------   ------------------------
       0C:  1A3A  A$gpio$1263                      
       0C:  1A3C  A$gpio$1264                      
       0C:  1A3D  A$gpio$1266                      
       0C:  1A3F  A$gpio$1267                      
       0C:  1A40  A$gpio$1269                      
       0C:  1A42  A$gpio$1270                      
       0C:  1A43  A$gpio$1272                      
       0C:  1A45  A$gpio$1273                      
       0C:  1A46  A$gpio$1275                      
       0C:  1A48  A$gpio$1276                      
       0C:  1A49  A$gpio$1278                      
       0C:  1A4B  A$gpio$1279                      
       0C:  1A4C  A$gpio$1281                      
       0C:  1A4E  A$gpio$1282                      
       0C:  1A4F  A$gpio$1284                      
       0C:  1A51  A$gpio$1285                      
       0C:  1A52  A$gpio$1287                      
       0C:  1A54  A$gpio$1288                      
       0C:  1A55  A$gpio$1290                      
       0C:  1A57  A$gpio$1291                      
       0C:  1A58  A$gpio$1293                      
       0C:  1A5A  A$gpio$1294                      
       0C:  1A5B  A$gpio$1296                      
       0C:  1A5D  A$gpio$1297                      
       0C:  1A5E  A$gpio$1299                      
       0C:  1A60  A$gpio$1300                      
       0C:  1A61  A$gpio$1302                      
       0C:  1A63  A$gpio$1303                      
       0C:  1A64  A$gpio$1305                      
       0C:  1A66  A$gpio$1306                      
       0C:  1A67  A$gpio$1308                      
       0C:  1A69  A$gpio$1309                      
       0C:  1A6A  A$gpio$1311                      
       0C:  1A6C  A$gpio$1312                      
       0C:  1A6D  A$gpio$1314                      
       0C:  1A6F  A$gpio$1315                      
       0C:  1A70  A$gpio$1317                      
       0C:  1A72  A$gpio$1318                      
       0C:  1A73  A$gpio$1322                      
       0C:  1A73  C$gpio.c$49$1$1                  
       0C:  1A74  A$gpio$1325                      
       0C:  1A74  C$gpio.c$50$1$1                  
       0C:  1A74  XG$isPinHigh$0$0                 
       0C:  1A75  A$gpio$1340                      
       0C:  1A75  C$gpio.c$52$1$1                  
       0C:  1A75  C$gpio.c$54$1$1                  
       0C:  1A75  G$setPort0PullType$0$0           
       0C:  1A75  _setPort0PullType                
       0C:  1A78  A$gpio$1341                      
       0C:  1A7B  A$gpio$1342                      
       0C:  1A7C  A$gpio$1346                      
ASxxxx Linker V02.00 + NoICE + sdld,  page 170.
Hexadecimal

Area                               Addr   Size   Decimal Bytes (Attributes)
--------------------------------   ----   ----   ------- ----- ------------
CSEG                               051D   157D =   5501. bytes (REL,CON,CODE)

      Value  Global                              Global Defined In Module
      -----  ---------------------------------   ------------------------
       0C:  1A7C  C$gpio.c$55$2$3                  
       0C:  1A7F  A$gpio$1349                      
       0C:  1A7F  C$gpio.c$56$1$1                  
       0C:  1A7F  XG$setPort0PullType$0$0          
       0C:  1A80  A$gpio$1364                      
       0C:  1A80  C$gpio.c$58$1$1                  
       0C:  1A80  C$gpio.c$60$1$1                  
       0C:  1A80  G$setPort1PullType$0$0           
       0C:  1A80  _setPort1PullType                
       0C:  1A83  A$gpio$1365                      
       0C:  1A86  A$gpio$1366                      
       0C:  1A87  A$gpio$1370                      
       0C:  1A87  C$gpio.c$61$2$3                  
       0C:  1A8A  A$gpio$1373                      
       0C:  1A8A  C$gpio.c$62$1$1                  
       0C:  1A8A  XG$setPort1PullType$0$0          
       0C:  1A8B  A$gpio$1388                      
       0C:  1A8B  C$gpio.c$64$1$1                  
       0C:  1A8B  C$gpio.c$66$1$1                  
       0C:  1A8B  G$setPort2PullType$0$0           
       0C:  1A8B  _setPort2PullType                
       0C:  1A8E  A$gpio$1389                      
       0C:  1A91  A$gpio$1390                      
       0C:  1A92  A$gpio$1394                      
       0C:  1A92  C$gpio.c$67$2$3                  
       0C:  1A95  A$gpio$1397                      
       0C:  1A95  C$gpio.c$68$1$1                  
       0C:  1A95  XG$setPort2PullType$0$0          
       0C:  1A96  __sdcc_external_startup          
ASxxxx Linker V02.00 + NoICE + sdld,  page 171.
Hexadecimal

Area                               Addr   Size   Decimal Bytes (Attributes)
--------------------------------   ----   ----   ------- ----- ------------
CONST                              1A9A   009B =    155. bytes (REL,CON,CODE)

      Value  Global                              Global Defined In Module
      -----  ---------------------------------   ------------------------
       0C:  1A9A  Fvibes_lab_tx_5_0$INPUT_CHANNEL$0
       0C:  1A9B  G$param_radio_channel$0$0        
       0C:  1A9B  _param_radio_channel             
       0C:  1A9F  Fvibes_lab_radio_protocol$NAK_FIL
       0C:  1AA0  Fvibes_lab_radio_protocol$ACK_FIL
       0C:  1AA1  G$usbDeviceDescriptor$0$0        
       0C:  1AA1  _usbDeviceDescriptor             
       0C:  1AB3  G$usbConfigurationDescriptor$0$0 
       0C:  1AB3  _usbConfigurationDescriptor      
       0C:  1AF6  G$usbStringDescriptorCount$0$0   
       0C:  1AF6  _usbStringDescriptorCount        
       0C:  1AF7  Fusb_cdc_acm$languages$0$0       
       0C:  1AFB  Fusb_cdc_acm$manufacturer$0$0    
       0C:  1B21  Fusb_cdc_acm$product$0$0         
       0C:  1B2D  G$usbStringDescriptors$0$0       
       0C:  1B2D  _usbStringDescriptors            
ASxxxx Linker V02.00 + NoICE + sdld,  page 172.
Hexadecimal

Area                               Addr   Size   Decimal Bytes (Attributes)
--------------------------------   ----   ----   ------- ----- ------------
XINIT                              1B35   0009 =      9. bytes (REL,CON,CODE)

      Value  Global                              Global Defined In Module
      -----  ---------------------------------   ------------------------
       0C:  1B35  Fusb_cdc_acm$__xinit_usbComLineCo
       0C:  1B3C  Fusb$__xinit_usbDeviceState$0$0  
       0C:  1B3D  Fusb$__xinit_controlTransferState

ASxxxx Linker V02.00 + NoICE + sdld,  page 173.

Files Linked                              [ module(s) ]

libraries/xpage/xpage.rel                 [ 
src/vibes_lab_tx_5.0/vibes_lab_tx_5.0.re  [ 


Libraries Linked                          [ object file ]

libraries/lib/vibes_lab_radio_protocol.l  [ vibes_lab_radio_protocol ]
libraries/lib/wixel.lib                   [ time ]
libraries/lib/adc.lib                     [ adc ]
C:\Program Files (x86)\SDCC\bin\..\lib\m  [ crtclear.rel ]
C:\Program Files (x86)\SDCC\bin\..\lib\m  [ crtxinit.rel ]
libraries/lib/wixel.lib                   [ delay ]
libraries/lib/wixel.lib                   [ board ]
libraries/lib/usb_cdc_acm.lib             [ usb_cdc_acm ]
libraries/lib/wixel.lib                   [ fixed ]
C:\Program Files (x86)\SDCC\bin\..\lib\m  [ crtxclear.rel ]
libraries/lib/dma.lib                     [ dma ]
libraries/lib/usb.lib                     [ usb ]
C:\Program Files (x86)\SDCC\bin\..\lib\m  [ crtcall.rel ]
libraries/lib/usb.lib                     [ green_led ]
libraries/lib/gpio.lib                    [ gpio ]
C:\Program Files (x86)\SDCC\bin\..\lib\m  [ crtstart.rel ]
C:\Program Files (x86)\SDCC\bin\..\lib\m  [ _startup.rel ]

ASxxxx Linker V02.00 + NoICE + sdld,  page 174.

User Base Address Definitions

HOME = 0x0400
XSEG = 0xf000
PSEG = 0xf000
ISEG = 0x0000
BSEG = 0x0000

