ASxxxx Linker V02.00 + NoICE + sdld,  page 1.
Hexadecimal

Area                               Addr   Size   Decimal Bytes (Attributes)
--------------------------------   ----   ----   ------- ----- ------------
CABS                               0000   0000 =      0. bytes (ABS,CON,CODE)

      Value  Global                              Global Defined In Module
      -----  ---------------------------------   ------------------------
       0C:  0000  l_CABS                           
       0C:  0000  l_GSINIT1                        
       0C:  0000  l_GSINIT5                        
       0C:  0000  l_IABS                           
       0C:  0000  l_ISEG                           
       0C:  0000  l_RSEG                           
       0C:  0000  l_RSEG0                          
       0C:  0000  l_RSEG1                          
       0C:  0000  l_XABS                           
       0C:  0000  l__CODE                          
       0C:  0000  s_BSEG                           
       0C:  0000  s_CABS                           
       0C:  0000  s_DSEG                           
       0C:  0000  s_IABS                           
       0C:  0000  s_ISEG                           
       0C:  0000  s_REG_BANK_0                     
       0C:  0000  s_RSEG                           
       0C:  0000  s_RSEG0                          
       0C:  0000  s_RSEG1                          
       0C:  0000  s_XABS                           
       0C:  0001  l_BIT_BANK                       
       0C:  0003  l_GSFINAL                        
       0C:  0003  l_GSINIT0                        
       0C:  0004  l_OSEG                           
       0C:  0005  l_BSEG_BYTES                     
       0C:  0008  l_REG_BANK_0                     
       0C:  0008  l_REG_BANK_1                     
       0C:  0008  l_REG_BANK_2                     
       0C:  0008  l_REG_BANK_3                     
       0C:  0008  s_REG_BANK_1                     
       0C:  0009  l_XINIT                          
       0C:  0009  l_XISEG                          
       0C:  000A  l_GSINIT2                        
       0C:  0010  s_REG_BANK_2                     
       0C:  0018  s_REG_BANK_3                     
       0C:  0020  s_BSEG_BYTES                     
       0C:  0020  s__CODE                          
       0C:  0021  l_BSEG                           
       0C:  0022  l_GSINIT3                        
       0C:  0025  s_BIT_BANK                       
       0C:  002A  l_GSINIT4                        
       0C:  0037  s_OSEG                           
       0C:  003B  s_SSEG                           
       0C:  0042  l_GSINIT                         
       0C:  0047  l_PSEG                           
       0C:  0080  l_DSEG                           
       0C:  008D  l_HOME                           
       0C:  00C5  l_SSEG                           
       0C:  0100  l_IRAM                           
       0C:  0110  l_CONST                          
ASxxxx Linker V02.00 + NoICE + sdld,  page 2.
Hexadecimal

Area                               Addr   Size   Decimal Bytes (Attributes)
--------------------------------   ----   ----   ------- ----- ------------
CABS                               0000   0000 =      0. bytes (ABS,CON,CODE)

      Value  Global                              Global Defined In Module
      -----  ---------------------------------   ------------------------
       0C:  0400  s_HOME                           
       0C:  048D  s_GSINIT0                        
       0C:  0490  s_GSINIT1                        
       0C:  0490  s_GSINIT2                        
       0C:  049A  s_GSINIT3                        
       0C:  04BC  s_GSINIT4                        
       0C:  04E6  s_GSINIT                         
       0C:  04E6  s_GSINIT5                        
       0C:  0528  s_GSFINAL                        
       0C:  052B  s_CSEG                           
       0C:  0C77  l_XSEG                           
       0C:  1C63  l_CSEG                           
       0C:  218E  s_CONST                          
       0C:  229E  s_XINIT                          
       0C:  F000  s_PSEG                           
       0C:  F000  s_XSEG                           
       0C:  FCBE  s_XISEG                          

ASxxxx Linker V02.00 + NoICE + sdld,  page 3.
Hexadecimal

Area                               Addr   Size   Decimal Bytes (Attributes)
--------------------------------   ----   ----   ------- ----- ------------
XABS                               0000   0000 =      0. bytes (ABS,CON,XDATA)

      Value  Global                              Global Defined In Module
      -----  ---------------------------------   ------------------------
ASxxxx Linker V02.00 + NoICE + sdld,  page 4.
Hexadecimal

Area                               Addr   Size   Decimal Bytes (Attributes)
--------------------------------   ----   ----   ------- ----- ------------
IABS                               0000   0000 =      0. bytes (ABS,CON)

      Value  Global                              Global Defined In Module
      -----  ---------------------------------   ------------------------
ASxxxx Linker V02.00 + NoICE + sdld,  page 5.
Hexadecimal

Area                               Addr   Size   Decimal Bytes (Attributes)
--------------------------------   ----   ----   ------- ----- ------------
RSEG1                              0000   0000 =      0. bytes (ABS,CON)

      Value  Global                              Global Defined In Module
      -----  ---------------------------------   ------------------------
ASxxxx Linker V02.00 + NoICE + sdld,  page 6.
Hexadecimal

Area                               Addr   Size   Decimal Bytes (Attributes)
--------------------------------   ----   ----   ------- ----- ------------
RSEG0                              0000   0000 =      0. bytes (ABS,CON)

      Value  Global                              Global Defined In Module
      -----  ---------------------------------   ------------------------
ASxxxx Linker V02.00 + NoICE + sdld,  page 7.
Hexadecimal

Area                               Addr   Size   Decimal Bytes (Attributes)
--------------------------------   ----   ----   ------- ----- ------------
RSEG                               0000   0000 =      0. bytes (ABS,CON)

      Value  Global                              Global Defined In Module
      -----  ---------------------------------   ------------------------
ASxxxx Linker V02.00 + NoICE + sdld,  page 8.
Hexadecimal

Area                               Addr   Size   Decimal Bytes (Attributes)
--------------------------------   ----   ----   ------- ----- ------------
.	.ABS.                            0000   0000 =      0. bytes (ABS,CON)

      Value  Global                              Global Defined In Module
      -----  ---------------------------------   ------------------------
            FFFFADAC  Fboard$FADDR$0$0                 
            FFFFADAC  Fdma$FADDR$0$0                   
            FFFFADAC  Fgreen_led$FADDR$0$0             
            FFFFADAC  Ftest_radio$FADDR$0$0            
            FFFFADAC  Ftime$FADDR$0$0                  
            FFFFADAC  Fusb$FADDR$0$0                   
            FFFFADAC  Fusb_cdc_acm$FADDR$0$0           
            FFFFADAC  Fvibes_lab_dac_protocol$FADDR$0$0
            FFFFADAC  Fvibes_lab_radio_protocol$FADDR$0
            FFFFBBBA  Fboard$ADC$0$0                   
            FFFFBBBA  Fdma$ADC$0$0                     
            FFFFBBBA  Fgreen_led$ADC$0$0               
            FFFFBBBA  Ftest_radio$ADC$0$0              
            FFFFBBBA  Ftime$ADC$0$0                    
            FFFFBBBA  Fusb$ADC$0$0                     
            FFFFBBBA  Fusb_cdc_acm$ADC$0$0             
            FFFFBBBA  Fvibes_lab_dac_protocol$ADC$0$0  
            FFFFBBBA  Fvibes_lab_radio_protocol$ADC$0$0
            FFFFD3D2  Fboard$DMA1CFG$0$0               
            FFFFD3D2  Fdma$DMA1CFG$0$0                 
            FFFFD3D2  Fgreen_led$DMA1CFG$0$0           
            FFFFD3D2  Ftest_radio$DMA1CFG$0$0          
            FFFFD3D2  Ftime$DMA1CFG$0$0                
            FFFFD3D2  Fusb$DMA1CFG$0$0                 
            FFFFD3D2  Fusb_cdc_acm$DMA1CFG$0$0         
            FFFFD3D2  Fvibes_lab_dac_protocol$DMA1CFG$0
            FFFFD3D2  Fvibes_lab_radio_protocol$DMA1CFG
            FFFFD5D4  Fboard$DMA0CFG$0$0               
            FFFFD5D4  Fdma$DMA0CFG$0$0                 
            FFFFD5D4  Fgreen_led$DMA0CFG$0$0           
            FFFFD5D4  Ftest_radio$DMA0CFG$0$0          
            FFFFD5D4  Ftime$DMA0CFG$0$0                
            FFFFD5D4  Fusb$DMA0CFG$0$0                 
            FFFFD5D4  Fusb_cdc_acm$DMA0CFG$0$0         
            FFFFD5D4  Fvibes_lab_dac_protocol$DMA0CFG$0
            FFFFD5D4  Fvibes_lab_radio_protocol$DMA0CFG
            0000  .__.ABS.                         
            0080  Fboard$P0$0$0                    
            0080  Fboard$P0_0$0$0                  
            0080  Fdma$P0$0$0                      
            0080  Fdma$P0_0$0$0                    
            0080  Fgreen_led$P0$0$0                
            0080  Fgreen_led$P0_0$0$0              
            0080  Ftest_radio$P0$0$0               
            0080  Ftest_radio$P0_0$0$0             
            0080  Ftime$P0$0$0                     
            0080  Ftime$P0_0$0$0                   
            0080  Fusb$P0$0$0                      
            0080  Fusb$P0_0$0$0                    
            0080  Fusb_cdc_acm$P0$0$0              
ASxxxx Linker V02.00 + NoICE + sdld,  page 9.
Hexadecimal

Area                               Addr   Size   Decimal Bytes (Attributes)
--------------------------------   ----   ----   ------- ----- ------------
.	.ABS.                            0000   0000 =      0. bytes (ABS,CON)

      Value  Global                              Global Defined In Module
      -----  ---------------------------------   ------------------------
            0080  Fusb_cdc_acm$P0_0$0$0            
            0080  Fvibes_lab_dac_protocol$P0$0$0   
            0080  Fvibes_lab_dac_protocol$P0_0$0$0 
            0080  Fvibes_lab_radio_protocol$P0$0$0 
            0080  Fvibes_lab_radio_protocol$P0_0$0$
            0081  Fboard$P0_1$0$0                  
            0081  Fboard$SP$0$0                    
            0081  Fdma$P0_1$0$0                    
            0081  Fdma$SP$0$0                      
            0081  Fgreen_led$P0_1$0$0              
            0081  Fgreen_led$SP$0$0                
            0081  Ftest_radio$P0_1$0$0             
            0081  Ftest_radio$SP$0$0               
            0081  Ftime$P0_1$0$0                   
            0081  Ftime$SP$0$0                     
            0081  Fusb$P0_1$0$0                    
            0081  Fusb$SP$0$0                      
            0081  Fusb_cdc_acm$P0_1$0$0            
            0081  Fusb_cdc_acm$SP$0$0              
            0081  Fvibes_lab_dac_protocol$P0_1$0$0 
            0081  Fvibes_lab_dac_protocol$SP$0$0   
            0081  Fvibes_lab_radio_protocol$P0_1$0$
            0081  Fvibes_lab_radio_protocol$SP$0$0 
            0082  Fboard$DPL0$0$0                  
            0082  Fboard$P0_2$0$0                  
            0082  Fdma$DPL0$0$0                    
            0082  Fdma$P0_2$0$0                    
            0082  Fgreen_led$DPL0$0$0              
            0082  Fgreen_led$P0_2$0$0              
            0082  Ftest_radio$DPL0$0$0             
            0082  Ftest_radio$P0_2$0$0             
            0082  Ftime$DPL0$0$0                   
            0082  Ftime$P0_2$0$0                   
            0082  Fusb$DPL0$0$0                    
            0082  Fusb$P0_2$0$0                    
            0082  Fusb_cdc_acm$DPL0$0$0            
            0082  Fusb_cdc_acm$P0_2$0$0            
            0082  Fvibes_lab_dac_protocol$DPL0$0$0 
            0082  Fvibes_lab_dac_protocol$P0_2$0$0 
            0082  Fvibes_lab_radio_protocol$DPL0$0$
            0082  Fvibes_lab_radio_protocol$P0_2$0$
            0083  Fboard$DPH0$0$0                  
            0083  Fboard$P0_3$0$0                  
            0083  Fdma$DPH0$0$0                    
            0083  Fdma$P0_3$0$0                    
            0083  Fgreen_led$DPH0$0$0              
            0083  Fgreen_led$P0_3$0$0              
            0083  Ftest_radio$DPH0$0$0             
            0083  Ftest_radio$P0_3$0$0             
            0083  Ftime$DPH0$0$0                   
            0083  Ftime$P0_3$0$0                   
ASxxxx Linker V02.00 + NoICE + sdld,  page 10.
Hexadecimal

Area                               Addr   Size   Decimal Bytes (Attributes)
--------------------------------   ----   ----   ------- ----- ------------
.	.ABS.                            0000   0000 =      0. bytes (ABS,CON)

      Value  Global                              Global Defined In Module
      -----  ---------------------------------   ------------------------
            0083  Fusb$DPH0$0$0                    
            0083  Fusb$P0_3$0$0                    
            0083  Fusb_cdc_acm$DPH0$0$0            
            0083  Fusb_cdc_acm$P0_3$0$0            
            0083  Fvibes_lab_dac_protocol$DPH0$0$0 
            0083  Fvibes_lab_dac_protocol$P0_3$0$0 
            0083  Fvibes_lab_radio_protocol$DPH0$0$
            0083  Fvibes_lab_radio_protocol$P0_3$0$
            0084  Fboard$DPL1$0$0                  
            0084  Fboard$P0_4$0$0                  
            0084  Fdma$DPL1$0$0                    
            0084  Fdma$P0_4$0$0                    
            0084  Fgreen_led$DPL1$0$0              
            0084  Fgreen_led$P0_4$0$0              
            0084  Ftest_radio$DPL1$0$0             
            0084  Ftest_radio$P0_4$0$0             
            0084  Ftime$DPL1$0$0                   
            0084  Ftime$P0_4$0$0                   
            0084  Fusb$DPL1$0$0                    
            0084  Fusb$P0_4$0$0                    
            0084  Fusb_cdc_acm$DPL1$0$0            
            0084  Fusb_cdc_acm$P0_4$0$0            
            0084  Fvibes_lab_dac_protocol$DPL1$0$0 
            0084  Fvibes_lab_dac_protocol$P0_4$0$0 
            0084  Fvibes_lab_radio_protocol$DPL1$0$
            0084  Fvibes_lab_radio_protocol$P0_4$0$
            0085  Fboard$DPH1$0$0                  
            0085  Fboard$P0_5$0$0                  
            0085  Fdma$DPH1$0$0                    
            0085  Fdma$P0_5$0$0                    
            0085  Fgreen_led$DPH1$0$0              
            0085  Fgreen_led$P0_5$0$0              
            0085  Ftest_radio$DPH1$0$0             
            0085  Ftest_radio$P0_5$0$0             
            0085  Ftime$DPH1$0$0                   
            0085  Ftime$P0_5$0$0                   
            0085  Fusb$DPH1$0$0                    
            0085  Fusb$P0_5$0$0                    
            0085  Fusb_cdc_acm$DPH1$0$0            
            0085  Fusb_cdc_acm$P0_5$0$0            
            0085  Fvibes_lab_dac_protocol$DPH1$0$0 
            0085  Fvibes_lab_dac_protocol$P0_5$0$0 
            0085  Fvibes_lab_radio_protocol$DPH1$0$
            0085  Fvibes_lab_radio_protocol$P0_5$0$
            0086  Fboard$P0_6$0$0                  
            0086  Fboard$U0CSR$0$0                 
            0086  Fdma$P0_6$0$0                    
            0086  Fdma$U0CSR$0$0                   
            0086  Fgreen_led$P0_6$0$0              
            0086  Fgreen_led$U0CSR$0$0             
            0086  Ftest_radio$P0_6$0$0             
ASxxxx Linker V02.00 + NoICE + sdld,  page 11.
Hexadecimal

Area                               Addr   Size   Decimal Bytes (Attributes)
--------------------------------   ----   ----   ------- ----- ------------
.	.ABS.                            0000   0000 =      0. bytes (ABS,CON)

      Value  Global                              Global Defined In Module
      -----  ---------------------------------   ------------------------
            0086  Ftest_radio$U0CSR$0$0            
            0086  Ftime$P0_6$0$0                   
            0086  Ftime$U0CSR$0$0                  
            0086  Fusb$P0_6$0$0                    
            0086  Fusb$U0CSR$0$0                   
            0086  Fusb_cdc_acm$P0_6$0$0            
            0086  Fusb_cdc_acm$U0CSR$0$0           
            0086  Fvibes_lab_dac_protocol$P0_6$0$0 
            0086  Fvibes_lab_dac_protocol$U0CSR$0$0
            0086  Fvibes_lab_radio_protocol$P0_6$0$
            0086  Fvibes_lab_radio_protocol$U0CSR$0
            0087  Fboard$P0_7$0$0                  
            0087  Fboard$PCON$0$0                  
            0087  Fdma$P0_7$0$0                    
            0087  Fdma$PCON$0$0                    
            0087  Fgreen_led$P0_7$0$0              
            0087  Fgreen_led$PCON$0$0              
            0087  Ftest_radio$P0_7$0$0             
            0087  Ftest_radio$PCON$0$0             
            0087  Ftime$P0_7$0$0                   
            0087  Ftime$PCON$0$0                   
            0087  Fusb$P0_7$0$0                    
            0087  Fusb$PCON$0$0                    
            0087  Fusb_cdc_acm$P0_7$0$0            
            0087  Fusb_cdc_acm$PCON$0$0            
            0087  Fvibes_lab_dac_protocol$P0_7$0$0 
            0087  Fvibes_lab_dac_protocol$PCON$0$0 
            0087  Fvibes_lab_radio_protocol$P0_7$0$
            0087  Fvibes_lab_radio_protocol$PCON$0$
            0088  Fboard$TCON$0$0                  
            0088  Fboard$_TCON_0$0$0               
            0088  Fdma$TCON$0$0                    
            0088  Fdma$_TCON_0$0$0                 
            0088  Fgreen_led$TCON$0$0              
            0088  Fgreen_led$_TCON_0$0$0           
            0088  Ftest_radio$TCON$0$0             
            0088  Ftest_radio$_TCON_0$0$0          
            0088  Ftime$TCON$0$0                   
            0088  Ftime$_TCON_0$0$0                
            0088  Fusb$TCON$0$0                    
            0088  Fusb$_TCON_0$0$0                 
            0088  Fusb_cdc_acm$TCON$0$0            
            0088  Fusb_cdc_acm$_TCON_0$0$0         
            0088  Fvibes_lab_dac_protocol$TCON$0$0 
            0088  Fvibes_lab_dac_protocol$_TCON_0$0
            0088  Fvibes_lab_radio_protocol$TCON$0$
            0088  Fvibes_lab_radio_protocol$_TCON_0
            0089  Fboard$P0IFG$0$0                 
            0089  Fboard$RFTXRXIF$0$0              
            0089  Fdma$P0IFG$0$0                   
            0089  Fdma$RFTXRXIF$0$0                
ASxxxx Linker V02.00 + NoICE + sdld,  page 12.
Hexadecimal

Area                               Addr   Size   Decimal Bytes (Attributes)
--------------------------------   ----   ----   ------- ----- ------------
.	.ABS.                            0000   0000 =      0. bytes (ABS,CON)

      Value  Global                              Global Defined In Module
      -----  ---------------------------------   ------------------------
            0089  Fgreen_led$P0IFG$0$0             
            0089  Fgreen_led$RFTXRXIF$0$0          
            0089  Ftest_radio$P0IFG$0$0            
            0089  Ftest_radio$RFTXRXIF$0$0         
            0089  Ftime$P0IFG$0$0                  
            0089  Ftime$RFTXRXIF$0$0               
            0089  Fusb$P0IFG$0$0                   
            0089  Fusb$RFTXRXIF$0$0                
            0089  Fusb_cdc_acm$P0IFG$0$0           
            0089  Fusb_cdc_acm$RFTXRXIF$0$0        
            0089  Fvibes_lab_dac_protocol$P0IFG$0$0
            0089  Fvibes_lab_dac_protocol$RFTXRXIF$
            0089  Fvibes_lab_radio_protocol$P0IFG$0
            0089  Fvibes_lab_radio_protocol$RFTXRXI
            008A  Fboard$P1IFG$0$0                 
            008A  Fboard$_TCON_2$0$0               
            008A  Fdma$P1IFG$0$0                   
            008A  Fdma$_TCON_2$0$0                 
            008A  Fgreen_led$P1IFG$0$0             
            008A  Fgreen_led$_TCON_2$0$0           
            008A  Ftest_radio$P1IFG$0$0            
            008A  Ftest_radio$_TCON_2$0$0          
            008A  Ftime$P1IFG$0$0                  
            008A  Ftime$_TCON_2$0$0                
            008A  Fusb$P1IFG$0$0                   
            008A  Fusb$_TCON_2$0$0                 
            008A  Fusb_cdc_acm$P1IFG$0$0           
            008A  Fusb_cdc_acm$_TCON_2$0$0         
            008A  Fvibes_lab_dac_protocol$P1IFG$0$0
            008A  Fvibes_lab_dac_protocol$_TCON_2$0
            008A  Fvibes_lab_radio_protocol$P1IFG$0
            008A  Fvibes_lab_radio_protocol$_TCON_2
            008B  Fboard$P2IFG$0$0                 
            008B  Fboard$URX0IF$0$0                
            008B  Fdma$P2IFG$0$0                   
            008B  Fdma$URX0IF$0$0                  
            008B  Fgreen_led$P2IFG$0$0             
            008B  Fgreen_led$URX0IF$0$0            
            008B  Ftest_radio$P2IFG$0$0            
            008B  Ftest_radio$URX0IF$0$0           
            008B  Ftime$P2IFG$0$0                  
            008B  Ftime$URX0IF$0$0                 
            008B  Fusb$P2IFG$0$0                   
            008B  Fusb$URX0IF$0$0                  
            008B  Fusb_cdc_acm$P2IFG$0$0           
            008B  Fusb_cdc_acm$URX0IF$0$0          
            008B  Fvibes_lab_dac_protocol$P2IFG$0$0
            008B  Fvibes_lab_dac_protocol$URX0IF$0$
            008B  Fvibes_lab_radio_protocol$P2IFG$0
            008B  Fvibes_lab_radio_protocol$URX0IF$
            008C  Fboard$PICTL$0$0                 
ASxxxx Linker V02.00 + NoICE + sdld,  page 13.
Hexadecimal

Area                               Addr   Size   Decimal Bytes (Attributes)
--------------------------------   ----   ----   ------- ----- ------------
.	.ABS.                            0000   0000 =      0. bytes (ABS,CON)

      Value  Global                              Global Defined In Module
      -----  ---------------------------------   ------------------------
            008C  Fboard$_TCON_4$0$0               
            008C  Fdma$PICTL$0$0                   
            008C  Fdma$_TCON_4$0$0                 
            008C  Fgreen_led$PICTL$0$0             
            008C  Fgreen_led$_TCON_4$0$0           
            008C  Ftest_radio$PICTL$0$0            
            008C  Ftest_radio$_TCON_4$0$0          
            008C  Ftime$PICTL$0$0                  
            008C  Ftime$_TCON_4$0$0                
            008C  Fusb$PICTL$0$0                   
            008C  Fusb$_TCON_4$0$0                 
            008C  Fusb_cdc_acm$PICTL$0$0           
            008C  Fusb_cdc_acm$_TCON_4$0$0         
            008C  Fvibes_lab_dac_protocol$PICTL$0$0
            008C  Fvibes_lab_dac_protocol$_TCON_4$0
            008C  Fvibes_lab_radio_protocol$PICTL$0
            008C  Fvibes_lab_radio_protocol$_TCON_4
            008D  Fboard$ADCIF$0$0                 
            008D  Fboard$P1IEN$0$0                 
            008D  Fdma$ADCIF$0$0                   
            008D  Fdma$P1IEN$0$0                   
            008D  Fgreen_led$ADCIF$0$0             
            008D  Fgreen_led$P1IEN$0$0             
            008D  Ftest_radio$ADCIF$0$0            
            008D  Ftest_radio$P1IEN$0$0            
            008D  Ftime$ADCIF$0$0                  
            008D  Ftime$P1IEN$0$0                  
            008D  Fusb$ADCIF$0$0                   
            008D  Fusb$P1IEN$0$0                   
            008D  Fusb_cdc_acm$ADCIF$0$0           
            008D  Fusb_cdc_acm$P1IEN$0$0           
            008D  Fvibes_lab_dac_protocol$ADCIF$0$0
            008D  Fvibes_lab_dac_protocol$P1IEN$0$0
            008D  Fvibes_lab_radio_protocol$ADCIF$0
            008D  Fvibes_lab_radio_protocol$P1IEN$0
            008E  Fboard$_TCON_6$0$0               
            008E  Fdma$_TCON_6$0$0                 
            008E  Fgreen_led$_TCON_6$0$0           
            008E  Ftest_radio$_TCON_6$0$0          
            008E  Ftime$_TCON_6$0$0                
            008E  Fusb$_TCON_6$0$0                 
            008E  Fusb_cdc_acm$_TCON_6$0$0         
            008E  Fvibes_lab_dac_protocol$_TCON_6$0
            008E  Fvibes_lab_radio_protocol$_TCON_6
            008F  Fboard$P0INP$0$0                 
            008F  Fboard$URX1IF$0$0                
            008F  Fdma$P0INP$0$0                   
            008F  Fdma$URX1IF$0$0                  
            008F  Fgreen_led$P0INP$0$0             
            008F  Fgreen_led$URX1IF$0$0            
            008F  Ftest_radio$P0INP$0$0            
ASxxxx Linker V02.00 + NoICE + sdld,  page 14.
Hexadecimal

Area                               Addr   Size   Decimal Bytes (Attributes)
--------------------------------   ----   ----   ------- ----- ------------
.	.ABS.                            0000   0000 =      0. bytes (ABS,CON)

      Value  Global                              Global Defined In Module
      -----  ---------------------------------   ------------------------
            008F  Ftest_radio$URX1IF$0$0           
            008F  Ftime$P0INP$0$0                  
            008F  Ftime$URX1IF$0$0                 
            008F  Fusb$P0INP$0$0                   
            008F  Fusb$URX1IF$0$0                  
            008F  Fusb_cdc_acm$P0INP$0$0           
            008F  Fusb_cdc_acm$URX1IF$0$0          
            008F  Fvibes_lab_dac_protocol$P0INP$0$0
            008F  Fvibes_lab_dac_protocol$URX1IF$0$
            008F  Fvibes_lab_radio_protocol$P0INP$0
            008F  Fvibes_lab_radio_protocol$URX1IF$
            0090  Fboard$P1$0$0                    
            0090  Fboard$P1_0$0$0                  
            0090  Fdma$P1$0$0                      
            0090  Fdma$P1_0$0$0                    
            0090  Fgreen_led$P1$0$0                
            0090  Fgreen_led$P1_0$0$0              
            0090  Ftest_radio$P1$0$0               
            0090  Ftest_radio$P1_0$0$0             
            0090  Ftime$P1$0$0                     
            0090  Ftime$P1_0$0$0                   
            0090  Fusb$P1$0$0                      
            0090  Fusb$P1_0$0$0                    
            0090  Fusb_cdc_acm$P1$0$0              
            0090  Fusb_cdc_acm$P1_0$0$0            
            0090  Fvibes_lab_dac_protocol$P1$0$0   
            0090  Fvibes_lab_dac_protocol$P1_0$0$0 
            0090  Fvibes_lab_radio_protocol$P1$0$0 
            0090  Fvibes_lab_radio_protocol$P1_0$0$
            0091  Fboard$P1_1$0$0                  
            0091  Fboard$RFIM$0$0                  
            0091  Fdma$P1_1$0$0                    
            0091  Fdma$RFIM$0$0                    
            0091  Fgreen_led$P1_1$0$0              
            0091  Fgreen_led$RFIM$0$0              
            0091  Ftest_radio$P1_1$0$0             
            0091  Ftest_radio$RFIM$0$0             
            0091  Ftime$P1_1$0$0                   
            0091  Ftime$RFIM$0$0                   
            0091  Fusb$P1_1$0$0                    
            0091  Fusb$RFIM$0$0                    
            0091  Fusb_cdc_acm$P1_1$0$0            
            0091  Fusb_cdc_acm$RFIM$0$0            
            0091  Fvibes_lab_dac_protocol$P1_1$0$0 
            0091  Fvibes_lab_dac_protocol$RFIM$0$0 
            0091  Fvibes_lab_radio_protocol$P1_1$0$
            0091  Fvibes_lab_radio_protocol$RFIM$0$
            0092  Fboard$DPS$0$0                   
            0092  Fboard$P1_2$0$0                  
            0092  Fdma$DPS$0$0                     
            0092  Fdma$P1_2$0$0                    
ASxxxx Linker V02.00 + NoICE + sdld,  page 15.
Hexadecimal

Area                               Addr   Size   Decimal Bytes (Attributes)
--------------------------------   ----   ----   ------- ----- ------------
.	.ABS.                            0000   0000 =      0. bytes (ABS,CON)

      Value  Global                              Global Defined In Module
      -----  ---------------------------------   ------------------------
            0092  Fgreen_led$DPS$0$0               
            0092  Fgreen_led$P1_2$0$0              
            0092  Ftest_radio$DPS$0$0              
            0092  Ftest_radio$P1_2$0$0             
            0092  Ftime$DPS$0$0                    
            0092  Ftime$P1_2$0$0                   
            0092  Fusb$DPS$0$0                     
            0092  Fusb$P1_2$0$0                    
            0092  Fusb_cdc_acm$DPS$0$0             
            0092  Fusb_cdc_acm$P1_2$0$0            
            0092  Fvibes_lab_dac_protocol$DPS$0$0  
            0092  Fvibes_lab_dac_protocol$P1_2$0$0 
            0092  Fvibes_lab_radio_protocol$DPS$0$0
            0092  Fvibes_lab_radio_protocol$P1_2$0$
            0093  Fboard$MPAGE$0$0                 
            0093  Fboard$P1_3$0$0                  
            0093  Fdma$MPAGE$0$0                   
            0093  Fdma$P1_3$0$0                    
            0093  Fgreen_led$MPAGE$0$0             
            0093  Fgreen_led$P1_3$0$0              
            0093  Ftest_radio$MPAGE$0$0            
            0093  Ftest_radio$P1_3$0$0             
            0093  Ftime$MPAGE$0$0                  
            0093  Ftime$P1_3$0$0                   
            0093  Fusb$MPAGE$0$0                   
            0093  Fusb$P1_3$0$0                    
            0093  Fusb_cdc_acm$MPAGE$0$0           
            0093  Fusb_cdc_acm$P1_3$0$0            
            0093  Fvibes_lab_dac_protocol$MPAGE$0$0
            0093  Fvibes_lab_dac_protocol$P1_3$0$0 
            0093  Fvibes_lab_radio_protocol$MPAGE$0
            0093  Fvibes_lab_radio_protocol$P1_3$0$
            0093  __XPAGE                          
            0094  Fboard$P1_4$0$0                  
            0094  Fdma$P1_4$0$0                    
            0094  Fgreen_led$P1_4$0$0              
            0094  Ftest_radio$P1_4$0$0             
            0094  Ftime$P1_4$0$0                   
            0094  Fusb$P1_4$0$0                    
            0094  Fusb_cdc_acm$P1_4$0$0            
            0094  Fvibes_lab_dac_protocol$P1_4$0$0 
            0094  Fvibes_lab_radio_protocol$P1_4$0$
            0095  Fboard$ENDIAN$0$0                
            0095  Fboard$P1_5$0$0                  
            0095  Fdma$ENDIAN$0$0                  
            0095  Fdma$P1_5$0$0                    
            0095  Fgreen_led$ENDIAN$0$0            
            0095  Fgreen_led$P1_5$0$0              
            0095  Ftest_radio$ENDIAN$0$0           
            0095  Ftest_radio$P1_5$0$0             
            0095  Ftime$ENDIAN$0$0                 
ASxxxx Linker V02.00 + NoICE + sdld,  page 16.
Hexadecimal

Area                               Addr   Size   Decimal Bytes (Attributes)
--------------------------------   ----   ----   ------- ----- ------------
.	.ABS.                            0000   0000 =      0. bytes (ABS,CON)

      Value  Global                              Global Defined In Module
      -----  ---------------------------------   ------------------------
            0095  Ftime$P1_5$0$0                   
            0095  Fusb$ENDIAN$0$0                  
            0095  Fusb$P1_5$0$0                    
            0095  Fusb_cdc_acm$ENDIAN$0$0          
            0095  Fusb_cdc_acm$P1_5$0$0            
            0095  Fvibes_lab_dac_protocol$ENDIAN$0$
            0095  Fvibes_lab_dac_protocol$P1_5$0$0 
            0095  Fvibes_lab_radio_protocol$ENDIAN$
            0095  Fvibes_lab_radio_protocol$P1_5$0$
            0096  Fboard$P1_6$0$0                  
            0096  Fdma$P1_6$0$0                    
            0096  Fgreen_led$P1_6$0$0              
            0096  Ftest_radio$P1_6$0$0             
            0096  Ftime$P1_6$0$0                   
            0096  Fusb$P1_6$0$0                    
            0096  Fusb_cdc_acm$P1_6$0$0            
            0096  Fvibes_lab_dac_protocol$P1_6$0$0 
            0096  Fvibes_lab_radio_protocol$P1_6$0$
            0097  Fboard$P1_7$0$0                  
            0097  Fdma$P1_7$0$0                    
            0097  Fgreen_led$P1_7$0$0              
            0097  Ftest_radio$P1_7$0$0             
            0097  Ftime$P1_7$0$0                   
            0097  Fusb$P1_7$0$0                    
            0097  Fusb_cdc_acm$P1_7$0$0            
            0097  Fvibes_lab_dac_protocol$P1_7$0$0 
            0097  Fvibes_lab_radio_protocol$P1_7$0$
            0098  Fboard$ENCIF_0$0$0               
            0098  Fboard$S0CON$0$0                 
            0098  Fdma$ENCIF_0$0$0                 
            0098  Fdma$S0CON$0$0                   
            0098  Fgreen_led$ENCIF_0$0$0           
            0098  Fgreen_led$S0CON$0$0             
            0098  Ftest_radio$ENCIF_0$0$0          
            0098  Ftest_radio$S0CON$0$0            
            0098  Ftime$ENCIF_0$0$0                
            0098  Ftime$S0CON$0$0                  
            0098  Fusb$ENCIF_0$0$0                 
            0098  Fusb$S0CON$0$0                   
            0098  Fusb_cdc_acm$ENCIF_0$0$0         
            0098  Fusb_cdc_acm$S0CON$0$0           
            0098  Fvibes_lab_dac_protocol$ENCIF_0$0
            0098  Fvibes_lab_dac_protocol$S0CON$0$0
            0098  Fvibes_lab_radio_protocol$ENCIF_0
            0098  Fvibes_lab_radio_protocol$S0CON$0
            0099  Fboard$ENCIF_1$0$0               
            0099  Fdma$ENCIF_1$0$0                 
            0099  Fgreen_led$ENCIF_1$0$0           
            0099  Ftest_radio$ENCIF_1$0$0          
            0099  Ftime$ENCIF_1$0$0                
            0099  Fusb$ENCIF_1$0$0                 
ASxxxx Linker V02.00 + NoICE + sdld,  page 17.
Hexadecimal

Area                               Addr   Size   Decimal Bytes (Attributes)
--------------------------------   ----   ----   ------- ----- ------------
.	.ABS.                            0000   0000 =      0. bytes (ABS,CON)

      Value  Global                              Global Defined In Module
      -----  ---------------------------------   ------------------------
            0099  Fusb_cdc_acm$ENCIF_1$0$0         
            0099  Fvibes_lab_dac_protocol$ENCIF_1$0
            0099  Fvibes_lab_radio_protocol$ENCIF_1
            009A  Fboard$IEN2$0$0                  
            009A  Fboard$_SOCON2$0$0               
            009A  Fdma$IEN2$0$0                    
            009A  Fdma$_SOCON2$0$0                 
            009A  Fgreen_led$IEN2$0$0              
            009A  Fgreen_led$_SOCON2$0$0           
            009A  Ftest_radio$IEN2$0$0             
            009A  Ftest_radio$_SOCON2$0$0          
            009A  Ftime$IEN2$0$0                   
            009A  Ftime$_SOCON2$0$0                
            009A  Fusb$IEN2$0$0                    
            009A  Fusb$_SOCON2$0$0                 
            009A  Fusb_cdc_acm$IEN2$0$0            
            009A  Fusb_cdc_acm$_SOCON2$0$0         
            009A  Fvibes_lab_dac_protocol$IEN2$0$0 
            009A  Fvibes_lab_dac_protocol$_SOCON2$0
            009A  Fvibes_lab_radio_protocol$IEN2$0$
            009A  Fvibes_lab_radio_protocol$_SOCON2
            009B  Fboard$S1CON$0$0                 
            009B  Fboard$_SOCON3$0$0               
            009B  Fdma$S1CON$0$0                   
            009B  Fdma$_SOCON3$0$0                 
            009B  Fgreen_led$S1CON$0$0             
            009B  Fgreen_led$_SOCON3$0$0           
            009B  Ftest_radio$S1CON$0$0            
            009B  Ftest_radio$_SOCON3$0$0          
            009B  Ftime$S1CON$0$0                  
            009B  Ftime$_SOCON3$0$0                
            009B  Fusb$S1CON$0$0                   
            009B  Fusb$_SOCON3$0$0                 
            009B  Fusb_cdc_acm$S1CON$0$0           
            009B  Fusb_cdc_acm$_SOCON3$0$0         
            009B  Fvibes_lab_dac_protocol$S1CON$0$0
            009B  Fvibes_lab_dac_protocol$_SOCON3$0
            009B  Fvibes_lab_radio_protocol$S1CON$0
            009B  Fvibes_lab_radio_protocol$_SOCON3
            009C  Fboard$T2CT$0$0                  
            009C  Fboard$_SOCON4$0$0               
            009C  Fdma$T2CT$0$0                    
            009C  Fdma$_SOCON4$0$0                 
            009C  Fgreen_led$T2CT$0$0              
            009C  Fgreen_led$_SOCON4$0$0           
            009C  Ftest_radio$T2CT$0$0             
            009C  Ftest_radio$_SOCON4$0$0          
            009C  Ftime$T2CT$0$0                   
            009C  Ftime$_SOCON4$0$0                
            009C  Fusb$T2CT$0$0                    
            009C  Fusb$_SOCON4$0$0                 
ASxxxx Linker V02.00 + NoICE + sdld,  page 18.
Hexadecimal

Area                               Addr   Size   Decimal Bytes (Attributes)
--------------------------------   ----   ----   ------- ----- ------------
.	.ABS.                            0000   0000 =      0. bytes (ABS,CON)

      Value  Global                              Global Defined In Module
      -----  ---------------------------------   ------------------------
            009C  Fusb_cdc_acm$T2CT$0$0            
            009C  Fusb_cdc_acm$_SOCON4$0$0         
            009C  Fvibes_lab_dac_protocol$T2CT$0$0 
            009C  Fvibes_lab_dac_protocol$_SOCON4$0
            009C  Fvibes_lab_radio_protocol$T2CT$0$
            009C  Fvibes_lab_radio_protocol$_SOCON4
            009D  Fboard$T2PR$0$0                  
            009D  Fboard$_SOCON5$0$0               
            009D  Fdma$T2PR$0$0                    
            009D  Fdma$_SOCON5$0$0                 
            009D  Fgreen_led$T2PR$0$0              
            009D  Fgreen_led$_SOCON5$0$0           
            009D  Ftest_radio$T2PR$0$0             
            009D  Ftest_radio$_SOCON5$0$0          
            009D  Ftime$T2PR$0$0                   
            009D  Ftime$_SOCON5$0$0                
            009D  Fusb$T2PR$0$0                    
            009D  Fusb$_SOCON5$0$0                 
            009D  Fusb_cdc_acm$T2PR$0$0            
            009D  Fusb_cdc_acm$_SOCON5$0$0         
            009D  Fvibes_lab_dac_protocol$T2PR$0$0 
            009D  Fvibes_lab_dac_protocol$_SOCON5$0
            009D  Fvibes_lab_radio_protocol$T2PR$0$
            009D  Fvibes_lab_radio_protocol$_SOCON5
            009E  Fboard$T2CTL$0$0                 
            009E  Fboard$_SOCON6$0$0               
            009E  Fdma$T2CTL$0$0                   
            009E  Fdma$_SOCON6$0$0                 
            009E  Fgreen_led$T2CTL$0$0             
            009E  Fgreen_led$_SOCON6$0$0           
            009E  Ftest_radio$T2CTL$0$0            
            009E  Ftest_radio$_SOCON6$0$0          
            009E  Ftime$T2CTL$0$0                  
            009E  Ftime$_SOCON6$0$0                
            009E  Fusb$T2CTL$0$0                   
            009E  Fusb$_SOCON6$0$0                 
            009E  Fusb_cdc_acm$T2CTL$0$0           
            009E  Fusb_cdc_acm$_SOCON6$0$0         
            009E  Fvibes_lab_dac_protocol$T2CTL$0$0
            009E  Fvibes_lab_dac_protocol$_SOCON6$0
            009E  Fvibes_lab_radio_protocol$T2CTL$0
            009E  Fvibes_lab_radio_protocol$_SOCON6
            009F  Fboard$_SOCON7$0$0               
            009F  Fdma$_SOCON7$0$0                 
            009F  Fgreen_led$_SOCON7$0$0           
            009F  Ftest_radio$_SOCON7$0$0          
            009F  Ftime$_SOCON7$0$0                
            009F  Fusb$_SOCON7$0$0                 
            009F  Fusb_cdc_acm$_SOCON7$0$0         
            009F  Fvibes_lab_dac_protocol$_SOCON7$0
            009F  Fvibes_lab_radio_protocol$_SOCON7
ASxxxx Linker V02.00 + NoICE + sdld,  page 19.
Hexadecimal

Area                               Addr   Size   Decimal Bytes (Attributes)
--------------------------------   ----   ----   ------- ----- ------------
.	.ABS.                            0000   0000 =      0. bytes (ABS,CON)

      Value  Global                              Global Defined In Module
      -----  ---------------------------------   ------------------------
            00A0  Fboard$P2$0$0                    
            00A0  Fboard$P2_0$0$0                  
            00A0  Fdma$P2$0$0                      
            00A0  Fdma$P2_0$0$0                    
            00A0  Fgreen_led$P2$0$0                
            00A0  Fgreen_led$P2_0$0$0              
            00A0  Ftest_radio$P2$0$0               
            00A0  Ftest_radio$P2_0$0$0             
            00A0  Ftime$P2$0$0                     
            00A0  Ftime$P2_0$0$0                   
            00A0  Fusb$P2$0$0                      
            00A0  Fusb$P2_0$0$0                    
            00A0  Fusb_cdc_acm$P2$0$0              
            00A0  Fusb_cdc_acm$P2_0$0$0            
            00A0  Fvibes_lab_dac_protocol$P2$0$0   
            00A0  Fvibes_lab_dac_protocol$P2_0$0$0 
            00A0  Fvibes_lab_radio_protocol$P2$0$0 
            00A0  Fvibes_lab_radio_protocol$P2_0$0$
            00A1  Fboard$P2_1$0$0                  
            00A1  Fboard$WORIRQ$0$0                
            00A1  Fdma$P2_1$0$0                    
            00A1  Fdma$WORIRQ$0$0                  
            00A1  Fgreen_led$P2_1$0$0              
            00A1  Fgreen_led$WORIRQ$0$0            
            00A1  Ftest_radio$P2_1$0$0             
            00A1  Ftest_radio$WORIRQ$0$0           
            00A1  Ftime$P2_1$0$0                   
            00A1  Ftime$WORIRQ$0$0                 
            00A1  Fusb$P2_1$0$0                    
            00A1  Fusb$WORIRQ$0$0                  
            00A1  Fusb_cdc_acm$P2_1$0$0            
            00A1  Fusb_cdc_acm$WORIRQ$0$0          
            00A1  Fvibes_lab_dac_protocol$P2_1$0$0 
            00A1  Fvibes_lab_dac_protocol$WORIRQ$0$
            00A1  Fvibes_lab_radio_protocol$P2_1$0$
            00A1  Fvibes_lab_radio_protocol$WORIRQ$
            00A2  Fboard$P2_2$0$0                  
            00A2  Fboard$WORCTRL$0$0               
            00A2  Fdma$P2_2$0$0                    
            00A2  Fdma$WORCTRL$0$0                 
            00A2  Fgreen_led$P2_2$0$0              
            00A2  Fgreen_led$WORCTRL$0$0           
            00A2  Ftest_radio$P2_2$0$0             
            00A2  Ftest_radio$WORCTRL$0$0          
            00A2  Ftime$P2_2$0$0                   
            00A2  Ftime$WORCTRL$0$0                
            00A2  Fusb$P2_2$0$0                    
            00A2  Fusb$WORCTRL$0$0                 
            00A2  Fusb_cdc_acm$P2_2$0$0            
            00A2  Fusb_cdc_acm$WORCTRL$0$0         
            00A2  Fvibes_lab_dac_protocol$P2_2$0$0 
ASxxxx Linker V02.00 + NoICE + sdld,  page 20.
Hexadecimal

Area                               Addr   Size   Decimal Bytes (Attributes)
--------------------------------   ----   ----   ------- ----- ------------
.	.ABS.                            0000   0000 =      0. bytes (ABS,CON)

      Value  Global                              Global Defined In Module
      -----  ---------------------------------   ------------------------
            00A2  Fvibes_lab_dac_protocol$WORCTRL$0
            00A2  Fvibes_lab_radio_protocol$P2_2$0$
            00A2  Fvibes_lab_radio_protocol$WORCTRL
            00A3  Fboard$P2_3$0$0                  
            00A3  Fboard$WOREVT0$0$0               
            00A3  Fdma$P2_3$0$0                    
            00A3  Fdma$WOREVT0$0$0                 
            00A3  Fgreen_led$P2_3$0$0              
            00A3  Fgreen_led$WOREVT0$0$0           
            00A3  Ftest_radio$P2_3$0$0             
            00A3  Ftest_radio$WOREVT0$0$0          
            00A3  Ftime$P2_3$0$0                   
            00A3  Ftime$WOREVT0$0$0                
            00A3  Fusb$P2_3$0$0                    
            00A3  Fusb$WOREVT0$0$0                 
            00A3  Fusb_cdc_acm$P2_3$0$0            
            00A3  Fusb_cdc_acm$WOREVT0$0$0         
            00A3  Fvibes_lab_dac_protocol$P2_3$0$0 
            00A3  Fvibes_lab_dac_protocol$WOREVT0$0
            00A3  Fvibes_lab_radio_protocol$P2_3$0$
            00A3  Fvibes_lab_radio_protocol$WOREVT0
            00A4  Fboard$P2_4$0$0                  
            00A4  Fboard$WOREVT1$0$0               
            00A4  Fdma$P2_4$0$0                    
            00A4  Fdma$WOREVT1$0$0                 
            00A4  Fgreen_led$P2_4$0$0              
            00A4  Fgreen_led$WOREVT1$0$0           
            00A4  Ftest_radio$P2_4$0$0             
            00A4  Ftest_radio$WOREVT1$0$0          
            00A4  Ftime$P2_4$0$0                   
            00A4  Ftime$WOREVT1$0$0                
            00A4  Fusb$P2_4$0$0                    
            00A4  Fusb$WOREVT1$0$0                 
            00A4  Fusb_cdc_acm$P2_4$0$0            
            00A4  Fusb_cdc_acm$WOREVT1$0$0         
            00A4  Fvibes_lab_dac_protocol$P2_4$0$0 
            00A4  Fvibes_lab_dac_protocol$WOREVT1$0
            00A4  Fvibes_lab_radio_protocol$P2_4$0$
            00A4  Fvibes_lab_radio_protocol$WOREVT1
            00A5  Fboard$P2_5$0$0                  
            00A5  Fboard$WORTIME0$0$0              
            00A5  Fdma$P2_5$0$0                    
            00A5  Fdma$WORTIME0$0$0                
            00A5  Fgreen_led$P2_5$0$0              
            00A5  Fgreen_led$WORTIME0$0$0          
            00A5  Ftest_radio$P2_5$0$0             
            00A5  Ftest_radio$WORTIME0$0$0         
            00A5  Ftime$P2_5$0$0                   
            00A5  Ftime$WORTIME0$0$0               
            00A5  Fusb$P2_5$0$0                    
            00A5  Fusb$WORTIME0$0$0                
ASxxxx Linker V02.00 + NoICE + sdld,  page 21.
Hexadecimal

Area                               Addr   Size   Decimal Bytes (Attributes)
--------------------------------   ----   ----   ------- ----- ------------
.	.ABS.                            0000   0000 =      0. bytes (ABS,CON)

      Value  Global                              Global Defined In Module
      -----  ---------------------------------   ------------------------
            00A5  Fusb_cdc_acm$P2_5$0$0            
            00A5  Fusb_cdc_acm$WORTIME0$0$0        
            00A5  Fvibes_lab_dac_protocol$P2_5$0$0 
            00A5  Fvibes_lab_dac_protocol$WORTIME0$
            00A5  Fvibes_lab_radio_protocol$P2_5$0$
            00A5  Fvibes_lab_radio_protocol$WORTIME
            00A6  Fboard$P2_6$0$0                  
            00A6  Fboard$WORTIME1$0$0              
            00A6  Fdma$P2_6$0$0                    
            00A6  Fdma$WORTIME1$0$0                
            00A6  Fgreen_led$P2_6$0$0              
            00A6  Fgreen_led$WORTIME1$0$0          
            00A6  Ftest_radio$P2_6$0$0             
            00A6  Ftest_radio$WORTIME1$0$0         
            00A6  Ftime$P2_6$0$0                   
            00A6  Ftime$WORTIME1$0$0               
            00A6  Fusb$P2_6$0$0                    
            00A6  Fusb$WORTIME1$0$0                
            00A6  Fusb_cdc_acm$P2_6$0$0            
            00A6  Fusb_cdc_acm$WORTIME1$0$0        
            00A6  Fvibes_lab_dac_protocol$P2_6$0$0 
            00A6  Fvibes_lab_dac_protocol$WORTIME1$
            00A6  Fvibes_lab_radio_protocol$P2_6$0$
            00A6  Fvibes_lab_radio_protocol$WORTIME
            00A7  Fboard$P2_7$0$0                  
            00A7  Fdma$P2_7$0$0                    
            00A7  Fgreen_led$P2_7$0$0              
            00A7  Ftest_radio$P2_7$0$0             
            00A7  Ftime$P2_7$0$0                   
            00A7  Fusb$P2_7$0$0                    
            00A7  Fusb_cdc_acm$P2_7$0$0            
            00A7  Fvibes_lab_dac_protocol$P2_7$0$0 
            00A7  Fvibes_lab_radio_protocol$P2_7$0$
            00A8  Fboard$IEN0$0$0                  
            00A8  Fboard$RFTXRXIE$0$0              
            00A8  Fdma$IEN0$0$0                    
            00A8  Fdma$RFTXRXIE$0$0                
            00A8  Fgreen_led$IEN0$0$0              
            00A8  Fgreen_led$RFTXRXIE$0$0          
            00A8  Ftest_radio$IEN0$0$0             
            00A8  Ftest_radio$RFTXRXIE$0$0         
            00A8  Ftime$IEN0$0$0                   
            00A8  Ftime$RFTXRXIE$0$0               
            00A8  Fusb$IEN0$0$0                    
            00A8  Fusb$RFTXRXIE$0$0                
            00A8  Fusb_cdc_acm$IEN0$0$0            
            00A8  Fusb_cdc_acm$RFTXRXIE$0$0        
            00A8  Fvibes_lab_dac_protocol$IEN0$0$0 
            00A8  Fvibes_lab_dac_protocol$RFTXRXIE$
            00A8  Fvibes_lab_radio_protocol$IEN0$0$
            00A8  Fvibes_lab_radio_protocol$RFTXRXI
ASxxxx Linker V02.00 + NoICE + sdld,  page 22.
Hexadecimal

Area                               Addr   Size   Decimal Bytes (Attributes)
--------------------------------   ----   ----   ------- ----- ------------
.	.ABS.                            0000   0000 =      0. bytes (ABS,CON)

      Value  Global                              Global Defined In Module
      -----  ---------------------------------   ------------------------
            00A9  Fboard$ADCIE$0$0                 
            00A9  Fboard$IP0$0$0                   
            00A9  Fdma$ADCIE$0$0                   
            00A9  Fdma$IP0$0$0                     
            00A9  Fgreen_led$ADCIE$0$0             
            00A9  Fgreen_led$IP0$0$0               
            00A9  Ftest_radio$ADCIE$0$0            
            00A9  Ftest_radio$IP0$0$0              
            00A9  Ftime$ADCIE$0$0                  
            00A9  Ftime$IP0$0$0                    
            00A9  Fusb$ADCIE$0$0                   
            00A9  Fusb$IP0$0$0                     
            00A9  Fusb_cdc_acm$ADCIE$0$0           
            00A9  Fusb_cdc_acm$IP0$0$0             
            00A9  Fvibes_lab_dac_protocol$ADCIE$0$0
            00A9  Fvibes_lab_dac_protocol$IP0$0$0  
            00A9  Fvibes_lab_radio_protocol$ADCIE$0
            00A9  Fvibes_lab_radio_protocol$IP0$0$0
            00AA  Fboard$URX0IE$0$0                
            00AA  Fdma$URX0IE$0$0                  
            00AA  Fgreen_led$URX0IE$0$0            
            00AA  Ftest_radio$URX0IE$0$0           
            00AA  Ftime$URX0IE$0$0                 
            00AA  Fusb$URX0IE$0$0                  
            00AA  Fusb_cdc_acm$URX0IE$0$0          
            00AA  Fvibes_lab_dac_protocol$URX0IE$0$
            00AA  Fvibes_lab_radio_protocol$URX0IE$
            00AB  Fboard$FWT$0$0                   
            00AB  Fboard$URX1IE$0$0                
            00AB  Fdma$FWT$0$0                     
            00AB  Fdma$URX1IE$0$0                  
            00AB  Fgreen_led$FWT$0$0               
            00AB  Fgreen_led$URX1IE$0$0            
            00AB  Ftest_radio$FWT$0$0              
            00AB  Ftest_radio$URX1IE$0$0           
            00AB  Ftime$FWT$0$0                    
            00AB  Ftime$URX1IE$0$0                 
            00AB  Fusb$FWT$0$0                     
            00AB  Fusb$URX1IE$0$0                  
            00AB  Fusb_cdc_acm$FWT$0$0             
            00AB  Fusb_cdc_acm$URX1IE$0$0          
            00AB  Fvibes_lab_dac_protocol$FWT$0$0  
            00AB  Fvibes_lab_dac_protocol$URX1IE$0$
            00AB  Fvibes_lab_radio_protocol$FWT$0$0
            00AB  Fvibes_lab_radio_protocol$URX1IE$
            00AC  Fboard$ENCIE$0$0                 
            00AC  Fboard$FADDRL$0$0                
            00AC  Fdma$ENCIE$0$0                   
            00AC  Fdma$FADDRL$0$0                  
            00AC  Fgreen_led$ENCIE$0$0             
            00AC  Fgreen_led$FADDRL$0$0            
ASxxxx Linker V02.00 + NoICE + sdld,  page 23.
Hexadecimal

Area                               Addr   Size   Decimal Bytes (Attributes)
--------------------------------   ----   ----   ------- ----- ------------
.	.ABS.                            0000   0000 =      0. bytes (ABS,CON)

      Value  Global                              Global Defined In Module
      -----  ---------------------------------   ------------------------
            00AC  Ftest_radio$ENCIE$0$0            
            00AC  Ftest_radio$FADDRL$0$0           
            00AC  Ftime$ENCIE$0$0                  
            00AC  Ftime$FADDRL$0$0                 
            00AC  Fusb$ENCIE$0$0                   
            00AC  Fusb$FADDRL$0$0                  
            00AC  Fusb_cdc_acm$ENCIE$0$0           
            00AC  Fusb_cdc_acm$FADDRL$0$0          
            00AC  Fvibes_lab_dac_protocol$ENCIE$0$0
            00AC  Fvibes_lab_dac_protocol$FADDRL$0$
            00AC  Fvibes_lab_radio_protocol$ENCIE$0
            00AC  Fvibes_lab_radio_protocol$FADDRL$
            00AD  Fboard$FADDRH$0$0                
            00AD  Fboard$STIE$0$0                  
            00AD  Fdma$FADDRH$0$0                  
            00AD  Fdma$STIE$0$0                    
            00AD  Fgreen_led$FADDRH$0$0            
            00AD  Fgreen_led$STIE$0$0              
            00AD  Ftest_radio$FADDRH$0$0           
            00AD  Ftest_radio$STIE$0$0             
            00AD  Ftime$FADDRH$0$0                 
            00AD  Ftime$STIE$0$0                   
            00AD  Fusb$FADDRH$0$0                  
            00AD  Fusb$STIE$0$0                    
            00AD  Fusb_cdc_acm$FADDRH$0$0          
            00AD  Fusb_cdc_acm$STIE$0$0            
            00AD  Fvibes_lab_dac_protocol$FADDRH$0$
            00AD  Fvibes_lab_dac_protocol$STIE$0$0 
            00AD  Fvibes_lab_radio_protocol$FADDRH$
            00AD  Fvibes_lab_radio_protocol$STIE$0$
            00AE  Fboard$FCTL$0$0                  
            00AE  Fboard$_IEN06$0$0                
            00AE  Fdma$FCTL$0$0                    
            00AE  Fdma$_IEN06$0$0                  
            00AE  Fgreen_led$FCTL$0$0              
            00AE  Fgreen_led$_IEN06$0$0            
            00AE  Ftest_radio$FCTL$0$0             
            00AE  Ftest_radio$_IEN06$0$0           
            00AE  Ftime$FCTL$0$0                   
            00AE  Ftime$_IEN06$0$0                 
            00AE  Fusb$FCTL$0$0                    
            00AE  Fusb$_IEN06$0$0                  
            00AE  Fusb_cdc_acm$FCTL$0$0            
            00AE  Fusb_cdc_acm$_IEN06$0$0          
            00AE  Fvibes_lab_dac_protocol$FCTL$0$0 
            00AE  Fvibes_lab_dac_protocol$_IEN06$0$
            00AE  Fvibes_lab_radio_protocol$FCTL$0$
            00AE  Fvibes_lab_radio_protocol$_IEN06$
            00AF  Fboard$EA$0$0                    
            00AF  Fboard$FWDATA$0$0                
            00AF  Fdma$EA$0$0                      
ASxxxx Linker V02.00 + NoICE + sdld,  page 24.
Hexadecimal

Area                               Addr   Size   Decimal Bytes (Attributes)
--------------------------------   ----   ----   ------- ----- ------------
.	.ABS.                            0000   0000 =      0. bytes (ABS,CON)

      Value  Global                              Global Defined In Module
      -----  ---------------------------------   ------------------------
            00AF  Fdma$FWDATA$0$0                  
            00AF  Fgreen_led$EA$0$0                
            00AF  Fgreen_led$FWDATA$0$0            
            00AF  Ftest_radio$EA$0$0               
            00AF  Ftest_radio$FWDATA$0$0           
            00AF  Ftime$EA$0$0                     
            00AF  Ftime$FWDATA$0$0                 
            00AF  Fusb$EA$0$0                      
            00AF  Fusb$FWDATA$0$0                  
            00AF  Fusb_cdc_acm$EA$0$0              
            00AF  Fusb_cdc_acm$FWDATA$0$0          
            00AF  Fvibes_lab_dac_protocol$EA$0$0   
            00AF  Fvibes_lab_dac_protocol$FWDATA$0$
            00AF  Fvibes_lab_radio_protocol$EA$0$0 
            00AF  Fvibes_lab_radio_protocol$FWDATA$
            00B1  Fboard$ENCDI$0$0                 
            00B1  Fdma$ENCDI$0$0                   
            00B1  Fgreen_led$ENCDI$0$0             
            00B1  Ftest_radio$ENCDI$0$0            
            00B1  Ftime$ENCDI$0$0                  
            00B1  Fusb$ENCDI$0$0                   
            00B1  Fusb_cdc_acm$ENCDI$0$0           
            00B1  Fvibes_lab_dac_protocol$ENCDI$0$0
            00B1  Fvibes_lab_radio_protocol$ENCDI$0
            00B2  Fboard$ENCDO$0$0                 
            00B2  Fdma$ENCDO$0$0                   
            00B2  Fgreen_led$ENCDO$0$0             
            00B2  Ftest_radio$ENCDO$0$0            
            00B2  Ftime$ENCDO$0$0                  
            00B2  Fusb$ENCDO$0$0                   
            00B2  Fusb_cdc_acm$ENCDO$0$0           
            00B2  Fvibes_lab_dac_protocol$ENCDO$0$0
            00B2  Fvibes_lab_radio_protocol$ENCDO$0
            00B3  Fboard$ENCCS$0$0                 
            00B3  Fdma$ENCCS$0$0                   
            00B3  Fgreen_led$ENCCS$0$0             
            00B3  Ftest_radio$ENCCS$0$0            
            00B3  Ftime$ENCCS$0$0                  
            00B3  Fusb$ENCCS$0$0                   
            00B3  Fusb_cdc_acm$ENCCS$0$0           
            00B3  Fvibes_lab_dac_protocol$ENCCS$0$0
            00B3  Fvibes_lab_radio_protocol$ENCCS$0
            00B4  Fboard$ADCCON1$0$0               
            00B4  Fdma$ADCCON1$0$0                 
            00B4  Fgreen_led$ADCCON1$0$0           
            00B4  Ftest_radio$ADCCON1$0$0          
            00B4  Ftime$ADCCON1$0$0                
            00B4  Fusb$ADCCON1$0$0                 
            00B4  Fusb_cdc_acm$ADCCON1$0$0         
            00B4  Fvibes_lab_dac_protocol$ADCCON1$0
            00B4  Fvibes_lab_radio_protocol$ADCCON1
ASxxxx Linker V02.00 + NoICE + sdld,  page 25.
Hexadecimal

Area                               Addr   Size   Decimal Bytes (Attributes)
--------------------------------   ----   ----   ------- ----- ------------
.	.ABS.                            0000   0000 =      0. bytes (ABS,CON)

      Value  Global                              Global Defined In Module
      -----  ---------------------------------   ------------------------
            00B5  Fboard$ADCCON2$0$0               
            00B5  Fdma$ADCCON2$0$0                 
            00B5  Fgreen_led$ADCCON2$0$0           
            00B5  Ftest_radio$ADCCON2$0$0          
            00B5  Ftime$ADCCON2$0$0                
            00B5  Fusb$ADCCON2$0$0                 
            00B5  Fusb_cdc_acm$ADCCON2$0$0         
            00B5  Fvibes_lab_dac_protocol$ADCCON2$0
            00B5  Fvibes_lab_radio_protocol$ADCCON2
            00B6  Fboard$ADCCON3$0$0               
            00B6  Fdma$ADCCON3$0$0                 
            00B6  Fgreen_led$ADCCON3$0$0           
            00B6  Ftest_radio$ADCCON3$0$0          
            00B6  Ftime$ADCCON3$0$0                
            00B6  Fusb$ADCCON3$0$0                 
            00B6  Fusb_cdc_acm$ADCCON3$0$0         
            00B6  Fvibes_lab_dac_protocol$ADCCON3$0
            00B6  Fvibes_lab_radio_protocol$ADCCON3
            00B8  Fboard$DMAIE$0$0                 
            00B8  Fboard$IEN1$0$0                  
            00B8  Fdma$DMAIE$0$0                   
            00B8  Fdma$IEN1$0$0                    
            00B8  Fgreen_led$DMAIE$0$0             
            00B8  Fgreen_led$IEN1$0$0              
            00B8  Ftest_radio$DMAIE$0$0            
            00B8  Ftest_radio$IEN1$0$0             
            00B8  Ftime$DMAIE$0$0                  
            00B8  Ftime$IEN1$0$0                   
            00B8  Fusb$DMAIE$0$0                   
            00B8  Fusb$IEN1$0$0                    
            00B8  Fusb_cdc_acm$DMAIE$0$0           
            00B8  Fusb_cdc_acm$IEN1$0$0            
            00B8  Fvibes_lab_dac_protocol$DMAIE$0$0
            00B8  Fvibes_lab_dac_protocol$IEN1$0$0 
            00B8  Fvibes_lab_radio_protocol$DMAIE$0
            00B8  Fvibes_lab_radio_protocol$IEN1$0$
            00B9  Fboard$IP1$0$0                   
            00B9  Fboard$T1IE$0$0                  
            00B9  Fdma$IP1$0$0                     
            00B9  Fdma$T1IE$0$0                    
            00B9  Fgreen_led$IP1$0$0               
            00B9  Fgreen_led$T1IE$0$0              
            00B9  Ftest_radio$IP1$0$0              
            00B9  Ftest_radio$T1IE$0$0             
            00B9  Ftime$IP1$0$0                    
            00B9  Ftime$T1IE$0$0                   
            00B9  Fusb$IP1$0$0                     
            00B9  Fusb$T1IE$0$0                    
            00B9  Fusb_cdc_acm$IP1$0$0             
            00B9  Fusb_cdc_acm$T1IE$0$0            
            00B9  Fvibes_lab_dac_protocol$IP1$0$0  
ASxxxx Linker V02.00 + NoICE + sdld,  page 26.
Hexadecimal

Area                               Addr   Size   Decimal Bytes (Attributes)
--------------------------------   ----   ----   ------- ----- ------------
.	.ABS.                            0000   0000 =      0. bytes (ABS,CON)

      Value  Global                              Global Defined In Module
      -----  ---------------------------------   ------------------------
            00B9  Fvibes_lab_dac_protocol$T1IE$0$0 
            00B9  Fvibes_lab_radio_protocol$IP1$0$0
            00B9  Fvibes_lab_radio_protocol$T1IE$0$
            00BA  Fboard$ADCL$0$0                  
            00BA  Fboard$T2IE$0$0                  
            00BA  Fdma$ADCL$0$0                    
            00BA  Fdma$T2IE$0$0                    
            00BA  Fgreen_led$ADCL$0$0              
            00BA  Fgreen_led$T2IE$0$0              
            00BA  Ftest_radio$ADCL$0$0             
            00BA  Ftest_radio$T2IE$0$0             
            00BA  Ftime$ADCL$0$0                   
            00BA  Ftime$T2IE$0$0                   
            00BA  Fusb$ADCL$0$0                    
            00BA  Fusb$T2IE$0$0                    
            00BA  Fusb_cdc_acm$ADCL$0$0            
            00BA  Fusb_cdc_acm$T2IE$0$0            
            00BA  Fvibes_lab_dac_protocol$ADCL$0$0 
            00BA  Fvibes_lab_dac_protocol$T2IE$0$0 
            00BA  Fvibes_lab_radio_protocol$ADCL$0$
            00BA  Fvibes_lab_radio_protocol$T2IE$0$
            00BB  Fboard$ADCH$0$0                  
            00BB  Fboard$T3IE$0$0                  
            00BB  Fdma$ADCH$0$0                    
            00BB  Fdma$T3IE$0$0                    
            00BB  Fgreen_led$ADCH$0$0              
            00BB  Fgreen_led$T3IE$0$0              
            00BB  Ftest_radio$ADCH$0$0             
            00BB  Ftest_radio$T3IE$0$0             
            00BB  Ftime$ADCH$0$0                   
            00BB  Ftime$T3IE$0$0                   
            00BB  Fusb$ADCH$0$0                    
            00BB  Fusb$T3IE$0$0                    
            00BB  Fusb_cdc_acm$ADCH$0$0            
            00BB  Fusb_cdc_acm$T3IE$0$0            
            00BB  Fvibes_lab_dac_protocol$ADCH$0$0 
            00BB  Fvibes_lab_dac_protocol$T3IE$0$0 
            00BB  Fvibes_lab_radio_protocol$ADCH$0$
            00BB  Fvibes_lab_radio_protocol$T3IE$0$
            00BC  Fboard$RNDL$0$0                  
            00BC  Fboard$T4IE$0$0                  
            00BC  Fdma$RNDL$0$0                    
            00BC  Fdma$T4IE$0$0                    
            00BC  Fgreen_led$RNDL$0$0              
            00BC  Fgreen_led$T4IE$0$0              
            00BC  Ftest_radio$RNDL$0$0             
            00BC  Ftest_radio$T4IE$0$0             
            00BC  Ftime$RNDL$0$0                   
            00BC  Ftime$T4IE$0$0                   
            00BC  Fusb$RNDL$0$0                    
            00BC  Fusb$T4IE$0$0                    
ASxxxx Linker V02.00 + NoICE + sdld,  page 27.
Hexadecimal

Area                               Addr   Size   Decimal Bytes (Attributes)
--------------------------------   ----   ----   ------- ----- ------------
.	.ABS.                            0000   0000 =      0. bytes (ABS,CON)

      Value  Global                              Global Defined In Module
      -----  ---------------------------------   ------------------------
            00BC  Fusb_cdc_acm$RNDL$0$0            
            00BC  Fusb_cdc_acm$T4IE$0$0            
            00BC  Fvibes_lab_dac_protocol$RNDL$0$0 
            00BC  Fvibes_lab_dac_protocol$T4IE$0$0 
            00BC  Fvibes_lab_radio_protocol$RNDL$0$
            00BC  Fvibes_lab_radio_protocol$T4IE$0$
            00BD  Fboard$P0IE$0$0                  
            00BD  Fboard$RNDH$0$0                  
            00BD  Fdma$P0IE$0$0                    
            00BD  Fdma$RNDH$0$0                    
            00BD  Fgreen_led$P0IE$0$0              
            00BD  Fgreen_led$RNDH$0$0              
            00BD  Ftest_radio$P0IE$0$0             
            00BD  Ftest_radio$RNDH$0$0             
            00BD  Ftime$P0IE$0$0                   
            00BD  Ftime$RNDH$0$0                   
            00BD  Fusb$P0IE$0$0                    
            00BD  Fusb$RNDH$0$0                    
            00BD  Fusb_cdc_acm$P0IE$0$0            
            00BD  Fusb_cdc_acm$RNDH$0$0            
            00BD  Fvibes_lab_dac_protocol$P0IE$0$0 
            00BD  Fvibes_lab_dac_protocol$RNDH$0$0 
            00BD  Fvibes_lab_radio_protocol$P0IE$0$
            00BD  Fvibes_lab_radio_protocol$RNDH$0$
            00BE  Fboard$SLEEP$0$0                 
            00BE  Fboard$_IEN16$0$0                
            00BE  Fdma$SLEEP$0$0                   
            00BE  Fdma$_IEN16$0$0                  
            00BE  Fgreen_led$SLEEP$0$0             
            00BE  Fgreen_led$_IEN16$0$0            
            00BE  Ftest_radio$SLEEP$0$0            
            00BE  Ftest_radio$_IEN16$0$0           
            00BE  Ftime$SLEEP$0$0                  
            00BE  Ftime$_IEN16$0$0                 
            00BE  Fusb$SLEEP$0$0                   
            00BE  Fusb$_IEN16$0$0                  
            00BE  Fusb_cdc_acm$SLEEP$0$0           
            00BE  Fusb_cdc_acm$_IEN16$0$0          
            00BE  Fvibes_lab_dac_protocol$SLEEP$0$0
            00BE  Fvibes_lab_dac_protocol$_IEN16$0$
            00BE  Fvibes_lab_radio_protocol$SLEEP$0
            00BE  Fvibes_lab_radio_protocol$_IEN16$
            00BF  Fboard$_IEN17$0$0                
            00BF  Fdma$_IEN17$0$0                  
            00BF  Fgreen_led$_IEN17$0$0            
            00BF  Ftest_radio$_IEN17$0$0           
            00BF  Ftime$_IEN17$0$0                 
            00BF  Fusb$_IEN17$0$0                  
            00BF  Fusb_cdc_acm$_IEN17$0$0          
            00BF  Fvibes_lab_dac_protocol$_IEN17$0$
            00BF  Fvibes_lab_radio_protocol$_IEN17$
ASxxxx Linker V02.00 + NoICE + sdld,  page 28.
Hexadecimal

Area                               Addr   Size   Decimal Bytes (Attributes)
--------------------------------   ----   ----   ------- ----- ------------
.	.ABS.                            0000   0000 =      0. bytes (ABS,CON)

      Value  Global                              Global Defined In Module
      -----  ---------------------------------   ------------------------
            00C0  Fboard$DMAIF$0$0                 
            00C0  Fboard$IRCON$0$0                 
            00C0  Fdma$DMAIF$0$0                   
            00C0  Fdma$IRCON$0$0                   
            00C0  Fgreen_led$DMAIF$0$0             
            00C0  Fgreen_led$IRCON$0$0             
            00C0  Ftest_radio$DMAIF$0$0            
            00C0  Ftest_radio$IRCON$0$0            
            00C0  Ftime$DMAIF$0$0                  
            00C0  Ftime$IRCON$0$0                  
            00C0  Fusb$DMAIF$0$0                   
            00C0  Fusb$IRCON$0$0                   
            00C0  Fusb_cdc_acm$DMAIF$0$0           
            00C0  Fusb_cdc_acm$IRCON$0$0           
            00C0  Fvibes_lab_dac_protocol$DMAIF$0$0
            00C0  Fvibes_lab_dac_protocol$IRCON$0$0
            00C0  Fvibes_lab_radio_protocol$DMAIF$0
            00C0  Fvibes_lab_radio_protocol$IRCON$0
            00C1  Fboard$T1IF$0$0                  
            00C1  Fboard$U0DBUF$0$0                
            00C1  Fdma$T1IF$0$0                    
            00C1  Fdma$U0DBUF$0$0                  
            00C1  Fgreen_led$T1IF$0$0              
            00C1  Fgreen_led$U0DBUF$0$0            
            00C1  Ftest_radio$T1IF$0$0             
            00C1  Ftest_radio$U0DBUF$0$0           
            00C1  Ftime$T1IF$0$0                   
            00C1  Ftime$U0DBUF$0$0                 
            00C1  Fusb$T1IF$0$0                    
            00C1  Fusb$U0DBUF$0$0                  
            00C1  Fusb_cdc_acm$T1IF$0$0            
            00C1  Fusb_cdc_acm$U0DBUF$0$0          
            00C1  Fvibes_lab_dac_protocol$T1IF$0$0 
            00C1  Fvibes_lab_dac_protocol$U0DBUF$0$
            00C1  Fvibes_lab_radio_protocol$T1IF$0$
            00C1  Fvibes_lab_radio_protocol$U0DBUF$
            00C2  Fboard$T2IF$0$0                  
            00C2  Fboard$U0BAUD$0$0                
            00C2  Fdma$T2IF$0$0                    
            00C2  Fdma$U0BAUD$0$0                  
            00C2  Fgreen_led$T2IF$0$0              
            00C2  Fgreen_led$U0BAUD$0$0            
            00C2  Ftest_radio$T2IF$0$0             
            00C2  Ftest_radio$U0BAUD$0$0           
            00C2  Ftime$T2IF$0$0                   
            00C2  Ftime$U0BAUD$0$0                 
            00C2  Fusb$T2IF$0$0                    
            00C2  Fusb$U0BAUD$0$0                  
            00C2  Fusb_cdc_acm$T2IF$0$0            
            00C2  Fusb_cdc_acm$U0BAUD$0$0          
            00C2  Fvibes_lab_dac_protocol$T2IF$0$0 
ASxxxx Linker V02.00 + NoICE + sdld,  page 29.
Hexadecimal

Area                               Addr   Size   Decimal Bytes (Attributes)
--------------------------------   ----   ----   ------- ----- ------------
.	.ABS.                            0000   0000 =      0. bytes (ABS,CON)

      Value  Global                              Global Defined In Module
      -----  ---------------------------------   ------------------------
            00C2  Fvibes_lab_dac_protocol$U0BAUD$0$
            00C2  Fvibes_lab_radio_protocol$T2IF$0$
            00C2  Fvibes_lab_radio_protocol$U0BAUD$
            00C3  Fboard$T3IF$0$0                  
            00C3  Fdma$T3IF$0$0                    
            00C3  Fgreen_led$T3IF$0$0              
            00C3  Ftest_radio$T3IF$0$0             
            00C3  Ftime$T3IF$0$0                   
            00C3  Fusb$T3IF$0$0                    
            00C3  Fusb_cdc_acm$T3IF$0$0            
            00C3  Fvibes_lab_dac_protocol$T3IF$0$0 
            00C3  Fvibes_lab_radio_protocol$T3IF$0$
            00C4  Fboard$T4IF$0$0                  
            00C4  Fboard$U0UCR$0$0                 
            00C4  Fdma$T4IF$0$0                    
            00C4  Fdma$U0UCR$0$0                   
            00C4  Fgreen_led$T4IF$0$0              
            00C4  Fgreen_led$U0UCR$0$0             
            00C4  Ftest_radio$T4IF$0$0             
            00C4  Ftest_radio$U0UCR$0$0            
            00C4  Ftime$T4IF$0$0                   
            00C4  Ftime$U0UCR$0$0                  
            00C4  Fusb$T4IF$0$0                    
            00C4  Fusb$U0UCR$0$0                   
            00C4  Fusb_cdc_acm$T4IF$0$0            
            00C4  Fusb_cdc_acm$U0UCR$0$0           
            00C4  Fvibes_lab_dac_protocol$T4IF$0$0 
            00C4  Fvibes_lab_dac_protocol$U0UCR$0$0
            00C4  Fvibes_lab_radio_protocol$T4IF$0$
            00C4  Fvibes_lab_radio_protocol$U0UCR$0
            00C5  Fboard$P0IF$0$0                  
            00C5  Fboard$U0GCR$0$0                 
            00C5  Fdma$P0IF$0$0                    
            00C5  Fdma$U0GCR$0$0                   
            00C5  Fgreen_led$P0IF$0$0              
            00C5  Fgreen_led$U0GCR$0$0             
            00C5  Ftest_radio$P0IF$0$0             
            00C5  Ftest_radio$U0GCR$0$0            
            00C5  Ftime$P0IF$0$0                   
            00C5  Ftime$U0GCR$0$0                  
            00C5  Fusb$P0IF$0$0                    
            00C5  Fusb$U0GCR$0$0                   
            00C5  Fusb_cdc_acm$P0IF$0$0            
            00C5  Fusb_cdc_acm$U0GCR$0$0           
            00C5  Fvibes_lab_dac_protocol$P0IF$0$0 
            00C5  Fvibes_lab_dac_protocol$U0GCR$0$0
            00C5  Fvibes_lab_radio_protocol$P0IF$0$
            00C5  Fvibes_lab_radio_protocol$U0GCR$0
            00C6  Fboard$CLKCON$0$0                
            00C6  Fboard$_IRCON6$0$0               
            00C6  Fdma$CLKCON$0$0                  
ASxxxx Linker V02.00 + NoICE + sdld,  page 30.
Hexadecimal

Area                               Addr   Size   Decimal Bytes (Attributes)
--------------------------------   ----   ----   ------- ----- ------------
.	.ABS.                            0000   0000 =      0. bytes (ABS,CON)

      Value  Global                              Global Defined In Module
      -----  ---------------------------------   ------------------------
            00C6  Fdma$_IRCON6$0$0                 
            00C6  Fgreen_led$CLKCON$0$0            
            00C6  Fgreen_led$_IRCON6$0$0           
            00C6  Ftest_radio$CLKCON$0$0           
            00C6  Ftest_radio$_IRCON6$0$0          
            00C6  Ftime$CLKCON$0$0                 
            00C6  Ftime$_IRCON6$0$0                
            00C6  Fusb$CLKCON$0$0                  
            00C6  Fusb$_IRCON6$0$0                 
            00C6  Fusb_cdc_acm$CLKCON$0$0          
            00C6  Fusb_cdc_acm$_IRCON6$0$0         
            00C6  Fvibes_lab_dac_protocol$CLKCON$0$
            00C6  Fvibes_lab_dac_protocol$_IRCON6$0
            00C6  Fvibes_lab_radio_protocol$CLKCON$
            00C6  Fvibes_lab_radio_protocol$_IRCON6
            00C7  Fboard$MEMCTR$0$0                
            00C7  Fboard$STIF$0$0                  
            00C7  Fdma$MEMCTR$0$0                  
            00C7  Fdma$STIF$0$0                    
            00C7  Fgreen_led$MEMCTR$0$0            
            00C7  Fgreen_led$STIF$0$0              
            00C7  Ftest_radio$MEMCTR$0$0           
            00C7  Ftest_radio$STIF$0$0             
            00C7  Ftime$MEMCTR$0$0                 
            00C7  Ftime$STIF$0$0                   
            00C7  Fusb$MEMCTR$0$0                  
            00C7  Fusb$STIF$0$0                    
            00C7  Fusb_cdc_acm$MEMCTR$0$0          
            00C7  Fusb_cdc_acm$STIF$0$0            
            00C7  Fvibes_lab_dac_protocol$MEMCTR$0$
            00C7  Fvibes_lab_dac_protocol$STIF$0$0 
            00C7  Fvibes_lab_radio_protocol$MEMCTR$
            00C7  Fvibes_lab_radio_protocol$STIF$0$
            00C9  Fboard$WDCTL$0$0                 
            00C9  Fdma$WDCTL$0$0                   
            00C9  Fgreen_led$WDCTL$0$0             
            00C9  Ftest_radio$WDCTL$0$0            
            00C9  Ftime$WDCTL$0$0                  
            00C9  Fusb$WDCTL$0$0                   
            00C9  Fusb_cdc_acm$WDCTL$0$0           
            00C9  Fvibes_lab_dac_protocol$WDCTL$0$0
            00C9  Fvibes_lab_radio_protocol$WDCTL$0
            00CA  Fboard$T3CNT$0$0                 
            00CA  Fdma$T3CNT$0$0                   
            00CA  Fgreen_led$T3CNT$0$0             
            00CA  Ftest_radio$T3CNT$0$0            
            00CA  Ftime$T3CNT$0$0                  
            00CA  Fusb$T3CNT$0$0                   
            00CA  Fusb_cdc_acm$T3CNT$0$0           
            00CA  Fvibes_lab_dac_protocol$T3CNT$0$0
            00CA  Fvibes_lab_radio_protocol$T3CNT$0
ASxxxx Linker V02.00 + NoICE + sdld,  page 31.
Hexadecimal

Area                               Addr   Size   Decimal Bytes (Attributes)
--------------------------------   ----   ----   ------- ----- ------------
.	.ABS.                            0000   0000 =      0. bytes (ABS,CON)

      Value  Global                              Global Defined In Module
      -----  ---------------------------------   ------------------------
            00CB  Fboard$T3CTL$0$0                 
            00CB  Fdma$T3CTL$0$0                   
            00CB  Fgreen_led$T3CTL$0$0             
            00CB  Ftest_radio$T3CTL$0$0            
            00CB  Ftime$T3CTL$0$0                  
            00CB  Fusb$T3CTL$0$0                   
            00CB  Fusb_cdc_acm$T3CTL$0$0           
[...]
       0C:  180C  C$board.c$64$1$1                 
       0C:  180F  A$board$819                      
       0C:  180F  C$board.c$68$1$1                 
       0C:  1812  A$board$822                      
       0C:  1812  C$board.c$69$1$1                 
       0C:  1812  XG$boardClockInit$0$0            
       0C:  1813  A$board$836                      
       0C:  1813  C$board.c$71$1$1                 
       0C:  1813  C$board.c$73$1$1                 
       0C:  1813  G$boardIoInit$0$0                
       0C:  1813  _boardIoInit                     
       0C:  1816  A$board$839                      
       0C:  1816  C$board.c$74$1$1                 
       0C:  1819  A$board$842                      
       0C:  1819  C$board.c$77$1$1                 
       0C:  181C  A$board$845                      
       0C:  181C  C$board.c$78$1$1                 
       0C:  181C  XG$boardIoInit$0$0               
       0C:  181D  A$board$859                      
       0C:  181D  C$board.c$84$1$1                 
       0C:  181D  C$board.c$87$1$1                 
       0C:  181D  Fboard$boardDetectVbus$0$0       
       0C:  1820  A$board$860                      
       0C:  1822  A$board$861                      
       0C:  1824  A$board$862                      
       0C:  1826  A$board$863                      
       0C:  1827  A$board$864                      
       0C:  1829  A$board$865                      
       0C:  182A  A$board$866                      
       0C:  182B  A$board$867                      
       0C:  182C  A$board$868                      
       0C:  182D  A$board$869                      
       0C:  182E  A$board$870                      
ASxxxx Linker V02.00 + NoICE + sdld,  page 160.
Hexadecimal

Area                               Addr   Size   Decimal Bytes (Attributes)
--------------------------------   ----   ----   ------- ----- ------------
CSEG                               052B   1C63 =   7267. bytes (REL,CON,CODE)

      Value  Global                              Global Defined In Module
      -----  ---------------------------------   ------------------------
       0C:  1830  A$board$871                      
       0C:  1833  A$board$873                      
       0C:  1835  A$board$876                      
       0C:  1835  C$board.c$89$2$1                 
       0C:  1837  A$board$877                      
       0C:  1839  A$board$880                      
       0C:  1839  C$board.c$90$2$2                 
       0C:  183B  A$board$881                      
       0C:  183D  A$board$884                      
       0C:  183D  C$board.c$92$3$3                 
       0C:  1840  A$board$887                      
       0C:  1840  C$board.c$93$3$3                 
       0C:  1843  A$board$888                      
       0C:  1846  A$board$892                      
       0C:  1846  C$board.c$95$2$2                 
       0C:  1849  A$board$895                      
       0C:  1849  C$board.c$96$2$2                 
       0C:  184C  A$board$898                      
       0C:  184C  C$board.c$97$2$2                 
       0C:  184F  A$board$899                      
       0C:  1852  A$board$902                      
       0C:  1852  C$board.c$99$2$2                 
       0C:  1854  A$board$903                      
       0C:  1856  A$board$906                      
       0C:  1856  C$board.c$101$2$2                
       0C:  1859  A$board$909                      
       0C:  1859  C$board.c$102$2$2                
       0C:  185C  A$board$912                      
       0C:  185C  C$board.c$104$3$4                
       0C:  185F  A$board$916                      
       0C:  185F  C$board.c$107$2$2                
       0C:  1862  A$board$917                      
       0C:  1864  A$board$918                      
       0C:  1866  A$board$919                      
       0C:  1868  A$board$920                      
       0C:  1869  A$board$921                      
       0C:  186B  A$board$922                      
       0C:  186C  A$board$923                      
       0C:  186D  A$board$927                      
       0C:  186D  C$board.c$109$2$1                
       0C:  186D  XFboard$boardDetectVbus$0$0      
       0C:  186E  A$board$941                      
       0C:  186E  C$board.c$111$2$1                
       0C:  186E  C$board.c$113$1$1                
       0C:  186E  G$boardStartBootloader$0$0       
       0C:  186E  _boardStartBootloader            
       0C:  1870  A$board$944                      
       0C:  1870  C$board.c$115$1$1                
       0C:  1873  A$board$947                      
       0C:  1873  C$board.c$117$1$1                
       0C:  1876  A$board$948                      
ASxxxx Linker V02.00 + NoICE + sdld,  page 161.
Hexadecimal

Area                               Addr   Size   Decimal Bytes (Attributes)
--------------------------------   ----   ----   ------- ----- ------------
CSEG                               052B   1C63 =   7267. bytes (REL,CON,CODE)

      Value  Global                              Global Defined In Module
      -----  ---------------------------------   ------------------------
       0C:  1879  A$board$951                      
       0C:  1879  C$board.c$119$1$1                
       0C:  187C  A$board$954                      
       0C:  187C  C$board.c$120$1$1                
       0C:  187F  A$board$957                      
       0C:  187F  C$board.c$121$1$1                
       0C:  1882  A$board$960                      
       0C:  1882  C$board.c$124$1$1                
       0C:  1885  A$board$961                      
       0C:  1888  A$board$964                      
       0C:  1888  C$board.c$125$1$1                
       0C:  188B  A$board$967                      
       0C:  188B  C$board.c$126$1$1                
       0C:  188B  XG$boardStartBootloader$0$0      
       0C:  188C  A$board$981                      
       0C:  188C  C$board.c$128$1$1                
       0C:  188C  C$board.c$130$1$1                
       0C:  188C  G$boardStartBootloaderIfNeeded$0$
       0C:  188C  _boardStartBootloaderIfNeeded    
       0C:  188E  A$board$982                      
       0C:  1891  A$board$985                      
       0C:  1891  C$board.c$132$2$2                
       0C:  1894  A$board$986                      
       0C:  1897  A$board$989                      
       0C:  1897  C$board.c$133$2$2                
       0C:  189A  A$board$994                      
       0C:  189A  C$board.c$135$3$3                
       0C:  189A  C$board.c$138$1$1                
       0C:  189A  XG$boardStartBootloaderIfNeeded$0
       0C:  189D  A$board$996                      
       0C:  189E  A$board$1010                     
       0C:  189E  C$board.c$140$1$1                
       0C:  189E  C$board.c$142$1$1                
       0C:  189E  G$usbPowerPresent$0$0            
       0C:  189E  _usbPowerPresent                 
       0C:  18A1  A$board$1013                     
       0C:  18A1  C$board.c$143$1$1                
       0C:  18A3  A$board$1016                     
       0C:  18A3  C$board.c$144$1$1                
       0C:  18A3  XG$usbPowerPresent$0$0           
       0C:  18A4  A$board$1030                     
       0C:  18A4  C$board.c$146$1$1                
       0C:  18A4  C$board.c$148$1$1                
       0C:  18A4  G$vinPowerPresent$0$0            
       0C:  18A4  _vinPowerPresent                 
       0C:  18A6  A$board$1033                     
       0C:  18A6  C$board.c$149$1$1                
       0C:  18A6  XG$vinPowerPresent$0$0           
       0C:  18A7  A$board$1047                     
       0C:  18A7  C$board.c$151$1$1                
       0C:  18A7  C$board.c$153$1$1                
ASxxxx Linker V02.00 + NoICE + sdld,  page 162.
Hexadecimal

Area                               Addr   Size   Decimal Bytes (Attributes)
--------------------------------   ----   ----   ------- ----- ------------
CSEG                               052B   1C63 =   7267. bytes (REL,CON,CODE)

      Value  Global                              Global Defined In Module
      -----  ---------------------------------   ------------------------
       0C:  18A7  G$disableUsbPullup$0$0           
       0C:  18A7  _disableUsbPullup                
       0C:  18AA  A$board$1050                     
       0C:  18AA  C$board.c$154$1$1                
       0C:  18AA  XG$disableUsbPullup$0$0          
       0C:  18AB  A$board$1064                     
       0C:  18AB  C$board.c$156$1$1                
       0C:  18AB  C$board.c$158$1$1                
       0C:  18AB  G$enableUsbPullup$0$0            
       0C:  18AB  _enableUsbPullup                 
       0C:  18AD  A$board$1067                     
       0C:  18AD  C$board.c$159$1$1                
       0C:  18B0  A$board$1070                     
       0C:  18B0  C$board.c$160$1$1                
       0C:  18B0  XG$enableUsbPullup$0$0           
       0C:  18C0  _delayMicroseconds               
       0C:  18C8  A$dma$740                        
       0C:  18C8  C$dma.c$7$0$0                    
       0C:  18C8  C$dma.c$9$1$1                    
       0C:  18C8  G$dmaInit$0$0                    
       0C:  18C8  _dmaInit                         
       0C:  18CB  A$dma$741                        
       0C:  18CE  A$dma$744                        
       0C:  18CE  C$dma.c$10$1$1                   
       0C:  18CE  XG$dmaInit$0$0                   
       0C:  1928  _vsprintf                        
       0C:  197A  _sprintf                         
       0C:  19CF  A$green_led$754                  
       0C:  19CF  C$green_led.c$13$0$0             
       0C:  19CF  C$green_led.c$15$1$1             
       0C:  19CF  C$green_led.c$18$2$2             
       0C:  19CF  G$usbShowStatusWithGreenLed$0$0  
       0C:  19CF  _usbShowStatusWithGreenLed       
       0C:  19D2  A$green_led$755                  
       0C:  19D4  A$green_led$759                  
       0C:  19D4  C$green_led.c$21$2$2             
       0C:  19D7  A$green_led$760                  
       0C:  19D8  A$green_led$761                  
       0C:  19D9  A$green_led$762                  
       0C:  19DB  A$green_led$763                  
       0C:  19DC  A$green_led$766                  
       0C:  19DC  C$green_led.c$25$2$2             
       0C:  19DF  A$green_led$769                  
       0C:  19DF  C$green_led.c$27$3$3             
       0C:  19E1  A$green_led$772                  
       0C:  19E1  C$green_led.c$28$3$3             
       0C:  19E4  A$green_led$773                  
       0C:  19E5  A$green_led$774                  
       0C:  19E6  A$green_led$775                  
       0C:  19E8  A$green_led$776                  
       0C:  19E9  A$green_led$780                  
ASxxxx Linker V02.00 + NoICE + sdld,  page 163.
Hexadecimal

Area                               Addr   Size   Decimal Bytes (Attributes)
--------------------------------   ----   ----   ------- ----- ------------
CSEG                               052B   1C63 =   7267. bytes (REL,CON,CODE)

      Value  Global                              Global Defined In Module
      -----  ---------------------------------   ------------------------
       0C:  19E9  C$green_led.c$32$1$1             
       0C:  19EC  A$green_led$781                  
       0C:  19EE  A$green_led$782                  
       0C:  19F1  A$green_led$783                  
       0C:  19F2  A$green_led$784                  
       0C:  19F3  A$green_led$785                  
       0C:  19F5  A$green_led$789                  
       0C:  19F5  C$green_led.c$34$3$5             
       0C:  19F8  A$green_led$790                  
       0C:  19F9  A$green_led$794                  
       0C:  19F9  C$green_led.c$37$1$1             
       0C:  19FC  A$green_led$797                  
       0C:  19FC  C$green_led.c$39$2$6             
       0C:  19FF  A$green_led$800                  
       0C:  19FF  C$green_led.c$41$4$8             
       0C:  1A02  A$green_led$801                  
       0C:  1A03  A$green_led$802                  
       0C:  1A04  A$green_led$803                  
       0C:  1A06  A$green_led$804                  
       0C:  1A08  A$green_led$805                  
       0C:  1A09  A$green_led$806                  
       0C:  1A0A  A$green_led$807                  
       0C:  1A0C  A$green_led$808                  
       0C:  1A0D  A$green_led$809                  
       0C:  1A0E  A$green_led$810                  
       0C:  1A0F  A$green_led$811                  
       0C:  1A10  A$green_led$812                  
       0C:  1A11  A$green_led$813                  
       0C:  1A12  A$green_led$814                  
       0C:  1A13  A$green_led$815                  
       0C:  1A14  A$green_led$816                  
       0C:  1A17  A$green_led$817                  
       0C:  1A1A  A$green_led$818                  
       0C:  1A1C  A$green_led$820                  
       0C:  1A1F  A$green_led$824                  
       0C:  1A1F  C$green_led.c$43$3$7             
       0C:  1A22  A$green_led$825                  
       0C:  1A23  A$green_led$826                  
       0C:  1A24  A$green_led$827                  
       0C:  1A26  A$green_led$828                  
       0C:  1A27  A$green_led$829                  
       0C:  1A28  A$green_led$830                  
       0C:  1A29  A$green_led$831                  
       0C:  1A2A  A$green_led$832                  
       0C:  1A2B  A$green_led$833                  
       0C:  1A2D  A$green_led$834                  
       0C:  1A30  A$green_led$836                  
       0C:  1A32  A$green_led$839                  
       0C:  1A32  C$green_led.c$45$4$9             
       0C:  1A34  A$green_led$840                  
       0C:  1A35  A$green_led$844                  
ASxxxx Linker V02.00 + NoICE + sdld,  page 164.
Hexadecimal

Area                               Addr   Size   Decimal Bytes (Attributes)
--------------------------------   ----   ----   ------- ----- ------------
CSEG                               052B   1C63 =   7267. bytes (REL,CON,CODE)

      Value  Global                              Global Defined In Module
      -----  ---------------------------------   ------------------------
       0C:  1A35  C$green_led.c$50$4$11            
       0C:  1A38  A$green_led$845                  
       0C:  1A39  A$green_led$849                  
       0C:  1A39  C$green_led.c$57$3$13            
       0C:  1A3C  A$green_led$850                  
       0C:  1A3E  A$green_led$851                  
       0C:  1A40  A$green_led$852                  
       0C:  1A41  A$green_led$853                  
       0C:  1A42  A$green_led$854                  
       0C:  1A43  A$green_led$855                  
       0C:  1A45  A$green_led$856                  
       0C:  1A46  A$green_led$857                  
       0C:  1A48  A$green_led$858                  
       0C:  1A4B  A$green_led$859                  
       0C:  1A4C  A$green_led$861                  
       0C:  1A4F  A$green_led$865                  
       0C:  1A4F  C$green_led.c$59$1$1             
       0C:  1A4F  XG$usbShowStatusWithGreenLed$0$0 
       0C:  1B16  __print_format                   
       0C:  213D  _strlen                          
       0C:  2155  __gptrget                        
       0C:  2171  __sdcc_external_startup          
       0C:  2175  __gptrput                        

ASxxxx Linker V02.00 + NoICE + sdld,  page 165.
Hexadecimal

Area                               Addr   Size   Decimal Bytes (Attributes)
--------------------------------   ----   ----   ------- ----- ------------
CONST                              218E   0110 =    272. bytes (REL,CON,CODE)

      Value  Global                              Global Defined In Module
      -----  ---------------------------------   ------------------------
       0C:  218E  Ftest_radio$DAC_ADDRESS$0$0      
       0C:  218F  Ftest_radio$DAC_COMMAND$0$0      
       0C:  2190  Ftest_radio$_str_0$0$0           
       0C:  21A4  Ftest_radio$_str_1$0$0           
       0C:  21AE  Ftest_radio$_str_2$0$0           
       0C:  21DB  Ftest_radio$_str_3$0$0           
       0C:  21EB  Ftest_radio$_str_4$0$0           
       0C:  21F9  G$param_radio_channel$0$0        
       0C:  21F9  _param_radio_channel             
       0C:  21FD  Fvibes_lab_radio_protocol$NAK_FIL
       0C:  21FE  Fvibes_lab_radio_protocol$ACK_FIL
       0C:  21FF  G$usbDeviceDescriptor$0$0        
       0C:  21FF  _usbDeviceDescriptor             
       0C:  2211  G$usbConfigurationDescriptor$0$0 
       0C:  2211  _usbConfigurationDescriptor      
       0C:  2254  G$usbStringDescriptorCount$0$0   
       0C:  2254  _usbStringDescriptorCount        
       0C:  2255  Fusb_cdc_acm$languages$0$0       
       0C:  2259  Fusb_cdc_acm$manufacturer$0$0    
       0C:  227F  Fusb_cdc_acm$product$0$0         
       0C:  228B  G$usbStringDescriptors$0$0       
       0C:  228B  _usbStringDescriptors            

ASxxxx Linker V02.00 + NoICE + sdld,  page 166.
Hexadecimal

Area                               Addr   Size   Decimal Bytes (Attributes)
--------------------------------   ----   ----   ------- ----- ------------
XINIT                              229E   0009 =      9. bytes (REL,CON,CODE)

      Value  Global                              Global Defined In Module
      -----  ---------------------------------   ------------------------
       0C:  229E  Fusb_cdc_acm$__xinit_usbComLineCo
       0C:  22A5  Fusb$__xinit_usbDeviceState$0$0  
       0C:  22A6  Fusb$__xinit_controlTransferState

ASxxxx Linker V02.00 + NoICE + sdld,  page 167.

Files Linked                              [ module(s) ]

libraries/xpage/xpage.rel                 [ 
src/test_radio/test_radio.rel             [ 


Libraries Linked                          [ object file ]

libraries/lib/vibes_lab_radio_protocol.l  [ vibes_lab_radio_protocol ]
libraries/lib/wixel.lib                   [ time ]
C:\Program Files (x86)\SDCC\bin\..\lib\m  [ crtclear.rel ]
C:\Program Files (x86)\SDCC\bin\..\lib\m  [ crtxinit.rel ]
libraries/lib/usb_cdc_acm.lib             [ usb_cdc_acm ]
libraries/lib/vibes_lab_dac_protocol.lib  [ vibes_lab_dac_protocol ]
libraries/lib/usb.lib                     [ usb ]
libraries/lib/wixel.lib                   [ board ]
libraries/lib/wixel.lib                   [ delay ]
libraries/lib/wixel.lib                   [ fixed ]
C:\Program Files (x86)\SDCC\bin\..\lib\m  [ crtxclear.rel ]
libraries/lib/dma.lib                     [ dma ]
C:\Program Files (x86)\SDCC\bin\..\lib\m  [ sprintf.rel ]
C:\Program Files (x86)\SDCC\bin\..\lib\m  [ crtcall.rel ]
libraries/lib/usb.lib                     [ green_led ]
C:\Program Files (x86)\SDCC\bin\..\lib\m  [ _bp.rel ]
C:\Program Files (x86)\SDCC\bin\..\lib\m  [ /0               ]
C:\Program Files (x86)\SDCC\bin\..\lib\m  [ _strlen.rel ]
C:\Program Files (x86)\SDCC\bin\..\lib\m  [ crtstart.rel ]
C:\Program Files (x86)\SDCC\bin\..\lib\m  [ _gptrget.rel ]
C:\Program Files (x86)\SDCC\bin\..\lib\m  [ _startup.rel ]
C:\Program Files (x86)\SDCC\bin\..\lib\m  [ _gptrput.rel ]

ASxxxx Linker V02.00 + NoICE + sdld,  page 168.

User Base Address Definitions

HOME = 0x0400
XSEG = 0xf000
PSEG = 0xf000
ISEG = 0x0000
BSEG = 0x0000

